<!doctype html public "-//w3c//dtd html 4.0 transitional//en">
<html><head>
<title>Static Call Graph - [.\Output\USBAudio.axf]</title></head>
<body><HR>
<H1>Static Call Graph for image .\Output\USBAudio.axf</H1><HR>
<BR><P>#&#060CALLGRAPH&#062# ARM Linker, 5060061: Last Updated: Mon Jan 23 13:37:35 2017
<BR><P>
<H3>Maximum Stack Usage =        164 bytes + Unknown(Functions without stacksize, Cycles, Untraceable Function Pointers)</H3><H3>
Call chain for Maximum Stack Depth:</H3>
Init &rArr; WavePlayerInit &rArr; EVAL_AUDIO_Init &rArr; Codec_Init &rArr; Codec_CtrlInterface_Init &rArr; I2C_Init &rArr; RCC_GetClocksFreq
<P>
<H3>
Functions with no stack information
</H3><UL>
 <LI><a href="#[9d]">__user_initial_stackheap</a>
</UL>
</UL>
<P>
<H3>
Mutually Recursive functions
</H3> <LI><a href="#[45]">ADC_IRQHandler</a>&nbsp;&nbsp;&nbsp;&rArr;&nbsp;&nbsp;&nbsp;<a href="#[45]">ADC_IRQHandler</a><BR>
</UL>
<P>
<H3>
Function Pointers
</H3><UL>
 <LI><a href="#[45]">ADC_IRQHandler</a> from startup_stm32f4xx.o(.text) referenced from startup_stm32f4xx.o(RESET)
 <LI><a href="#[d]">AudioCmd</a> from usbd_audio_out_if.o(i.AudioCmd) referenced 2 times from usbd_audio_out_if.o(.data)
 <LI><a href="#[2d]">BusFault_Handler</a> from stm32f4xx_it.o(i.BusFault_Handler) referenced from startup_stm32f4xx.o(RESET)
 <LI><a href="#[47]">CAN1_RX0_IRQHandler</a> from startup_stm32f4xx.o(.text) referenced from startup_stm32f4xx.o(RESET)
 <LI><a href="#[48]">CAN1_RX1_IRQHandler</a> from startup_stm32f4xx.o(.text) referenced from startup_stm32f4xx.o(RESET)
 <LI><a href="#[49]">CAN1_SCE_IRQHandler</a> from startup_stm32f4xx.o(.text) referenced from startup_stm32f4xx.o(RESET)
 <LI><a href="#[46]">CAN1_TX_IRQHandler</a> from startup_stm32f4xx.o(.text) referenced from startup_stm32f4xx.o(RESET)
 <LI><a href="#[73]">CAN2_RX0_IRQHandler</a> from startup_stm32f4xx.o(.text) referenced from startup_stm32f4xx.o(RESET)
 <LI><a href="#[74]">CAN2_RX1_IRQHandler</a> from startup_stm32f4xx.o(.text) referenced from startup_stm32f4xx.o(RESET)
 <LI><a href="#[75]">CAN2_SCE_IRQHandler</a> from startup_stm32f4xx.o(.text) referenced from startup_stm32f4xx.o(RESET)
 <LI><a href="#[72]">CAN2_TX_IRQHandler</a> from startup_stm32f4xx.o(.text) referenced from startup_stm32f4xx.o(RESET)
 <LI><a href="#[82]">CRYP_IRQHandler</a> from startup_stm32f4xx.o(.text) referenced from startup_stm32f4xx.o(RESET)
 <LI><a href="#[81]">DCMI_IRQHandler</a> from startup_stm32f4xx.o(.text) referenced from startup_stm32f4xx.o(RESET)
 <LI><a href="#[3e]">DMA1_Stream0_IRQHandler</a> from stm32f4_discovery_audio_codec.o(i.DMA1_Stream0_IRQHandler) referenced from startup_stm32f4xx.o(RESET)
 <LI><a href="#[3f]">DMA1_Stream1_IRQHandler</a> from startup_stm32f4xx.o(.text) referenced from startup_stm32f4xx.o(RESET)
 <LI><a href="#[40]">DMA1_Stream2_IRQHandler</a> from startup_stm32f4xx.o(.text) referenced from startup_stm32f4xx.o(RESET)
 <LI><a href="#[41]">DMA1_Stream3_IRQHandler</a> from startup_stm32f4xx.o(.text) referenced from startup_stm32f4xx.o(RESET)
 <LI><a href="#[42]">DMA1_Stream4_IRQHandler</a> from startup_stm32f4xx.o(.text) referenced from startup_stm32f4xx.o(RESET)
 <LI><a href="#[43]">DMA1_Stream5_IRQHandler</a> from startup_stm32f4xx.o(.text) referenced from startup_stm32f4xx.o(RESET)
 <LI><a href="#[44]">DMA1_Stream6_IRQHandler</a> from startup_stm32f4xx.o(.text) referenced from startup_stm32f4xx.o(RESET)
 <LI><a href="#[62]">DMA1_Stream7_IRQHandler</a> from stm32f4_discovery_audio_codec.o(i.DMA1_Stream7_IRQHandler) referenced from startup_stm32f4xx.o(RESET)
 <LI><a href="#[6b]">DMA2_Stream0_IRQHandler</a> from startup_stm32f4xx.o(.text) referenced from startup_stm32f4xx.o(RESET)
 <LI><a href="#[6c]">DMA2_Stream1_IRQHandler</a> from startup_stm32f4xx.o(.text) referenced from startup_stm32f4xx.o(RESET)
 <LI><a href="#[6d]">DMA2_Stream2_IRQHandler</a> from startup_stm32f4xx.o(.text) referenced from startup_stm32f4xx.o(RESET)
 <LI><a href="#[6e]">DMA2_Stream3_IRQHandler</a> from startup_stm32f4xx.o(.text) referenced from startup_stm32f4xx.o(RESET)
 <LI><a href="#[6f]">DMA2_Stream4_IRQHandler</a> from startup_stm32f4xx.o(.text) referenced from startup_stm32f4xx.o(RESET)
 <LI><a href="#[77]">DMA2_Stream5_IRQHandler</a> from startup_stm32f4xx.o(.text) referenced from startup_stm32f4xx.o(RESET)
 <LI><a href="#[78]">DMA2_Stream6_IRQHandler</a> from startup_stm32f4xx.o(.text) referenced from startup_stm32f4xx.o(RESET)
 <LI><a href="#[79]">DMA2_Stream7_IRQHandler</a> from startup_stm32f4xx.o(.text) referenced from startup_stm32f4xx.o(RESET)
 <LI><a href="#[c]">DeInit</a> from usbd_audio_out_if.o(i.DeInit) referenced 2 times from usbd_audio_out_if.o(.data)
 <LI><a href="#[30]">DebugMon_Handler</a> from stm32f4xx_it.o(i.DebugMon_Handler) referenced from startup_stm32f4xx.o(RESET)
 <LI><a href="#[70]">ETH_IRQHandler</a> from startup_stm32f4xx.o(.text) referenced from startup_stm32f4xx.o(RESET)
 <LI><a href="#[71]">ETH_WKUP_IRQHandler</a> from startup_stm32f4xx.o(.text) referenced from startup_stm32f4xx.o(RESET)
 <LI><a href="#[39]">EXTI0_IRQHandler</a> from startup_stm32f4xx.o(.text) referenced from startup_stm32f4xx.o(RESET)
 <LI><a href="#[5b]">EXTI15_10_IRQHandler</a> from startup_stm32f4xx.o(.text) referenced from startup_stm32f4xx.o(RESET)
 <LI><a href="#[3a]">EXTI1_IRQHandler</a> from stm32f4xx_it.o(i.EXTI1_IRQHandler) referenced from startup_stm32f4xx.o(RESET)
 <LI><a href="#[3b]">EXTI2_IRQHandler</a> from startup_stm32f4xx.o(.text) referenced from startup_stm32f4xx.o(RESET)
 <LI><a href="#[3c]">EXTI3_IRQHandler</a> from startup_stm32f4xx.o(.text) referenced from startup_stm32f4xx.o(RESET)
 <LI><a href="#[3d]">EXTI4_IRQHandler</a> from startup_stm32f4xx.o(.text) referenced from startup_stm32f4xx.o(RESET)
 <LI><a href="#[4a]">EXTI9_5_IRQHandler</a> from startup_stm32f4xx.o(.text) referenced from startup_stm32f4xx.o(RESET)
 <LI><a href="#[37]">FLASH_IRQHandler</a> from startup_stm32f4xx.o(.text) referenced from startup_stm32f4xx.o(RESET)
 <LI><a href="#[84]">FPU_IRQHandler</a> from startup_stm32f4xx.o(.text) referenced from startup_stm32f4xx.o(RESET)
 <LI><a href="#[63]">FSMC_IRQHandler</a> from startup_stm32f4xx.o(.text) referenced from startup_stm32f4xx.o(RESET)
 <LI><a href="#[11]">GetState</a> from usbd_audio_out_if.o(i.GetState) referenced 2 times from usbd_audio_out_if.o(.data)
 <LI><a href="#[83]">HASH_RNG_IRQHandler</a> from startup_stm32f4xx.o(.text) referenced from startup_stm32f4xx.o(RESET)
 <LI><a href="#[2b]">HardFault_Handler</a> from stm32f4xx_it.o(i.HardFault_Handler) referenced from startup_stm32f4xx.o(RESET)
 <LI><a href="#[53]">I2C1_ER_IRQHandler</a> from startup_stm32f4xx.o(.text) referenced from startup_stm32f4xx.o(RESET)
 <LI><a href="#[52]">I2C1_EV_IRQHandler</a> from startup_stm32f4xx.o(.text) referenced from startup_stm32f4xx.o(RESET)
 <LI><a href="#[55]">I2C2_ER_IRQHandler</a> from startup_stm32f4xx.o(.text) referenced from startup_stm32f4xx.o(RESET)
 <LI><a href="#[54]">I2C2_EV_IRQHandler</a> from startup_stm32f4xx.o(.text) referenced from startup_stm32f4xx.o(RESET)
 <LI><a href="#[7c]">I2C3_ER_IRQHandler</a> from startup_stm32f4xx.o(.text) referenced from startup_stm32f4xx.o(RESET)
 <LI><a href="#[7b]">I2C3_EV_IRQHandler</a> from startup_stm32f4xx.o(.text) referenced from startup_stm32f4xx.o(RESET)
 <LI><a href="#[b]">Init</a> from usbd_audio_out_if.o(i.Init) referenced 2 times from usbd_audio_out_if.o(.data)
 <LI><a href="#[2c]">MemManage_Handler</a> from stm32f4xx_it.o(i.MemManage_Handler) referenced from startup_stm32f4xx.o(RESET)
 <LI><a href="#[f]">MuteCtl</a> from usbd_audio_out_if.o(i.MuteCtl) referenced 2 times from usbd_audio_out_if.o(.data)
 <LI><a href="#[2a]">NMI_Handler</a> from stm32f4xx_it.o(i.NMI_Handler) referenced from startup_stm32f4xx.o(RESET)
 <LI><a href="#[76]">OTG_FS_IRQHandler</a> from stm32f4xx_it.o(i.OTG_FS_IRQHandler) referenced from startup_stm32f4xx.o(RESET)
 <LI><a href="#[5d]">OTG_FS_WKUP_IRQHandler</a> from stm32f4xx_it.o(i.OTG_FS_WKUP_IRQHandler) referenced from startup_stm32f4xx.o(RESET)
 <LI><a href="#[7e]">OTG_HS_EP1_IN_IRQHandler</a> from startup_stm32f4xx.o(.text) referenced from startup_stm32f4xx.o(RESET)
 <LI><a href="#[7d]">OTG_HS_EP1_OUT_IRQHandler</a> from startup_stm32f4xx.o(.text) referenced from startup_stm32f4xx.o(RESET)
 <LI><a href="#[80]">OTG_HS_IRQHandler</a> from startup_stm32f4xx.o(.text) referenced from startup_stm32f4xx.o(RESET)
 <LI><a href="#[7f]">OTG_HS_WKUP_IRQHandler</a> from startup_stm32f4xx.o(.text) referenced from startup_stm32f4xx.o(RESET)
 <LI><a href="#[34]">PVD_IRQHandler</a> from startup_stm32f4xx.o(.text) referenced from startup_stm32f4xx.o(RESET)
 <LI><a href="#[31]">PendSV_Handler</a> from stm32f4xx_it.o(i.PendSV_Handler) referenced from startup_stm32f4xx.o(RESET)
 <LI><a href="#[10]">PeriodicTC</a> from usbd_audio_out_if.o(i.PeriodicTC) referenced 2 times from usbd_audio_out_if.o(.data)
 <LI><a href="#[38]">RCC_IRQHandler</a> from startup_stm32f4xx.o(.text) referenced from startup_stm32f4xx.o(RESET)
 <LI><a href="#[5c]">RTC_Alarm_IRQHandler</a> from startup_stm32f4xx.o(.text) referenced from startup_stm32f4xx.o(RESET)
 <LI><a href="#[36]">RTC_WKUP_IRQHandler</a> from startup_stm32f4xx.o(.text) referenced from startup_stm32f4xx.o(RESET)
 <LI><a href="#[29]">Reset_Handler</a> from startup_stm32f4xx.o(.text) referenced from startup_stm32f4xx.o(RESET)
 <LI><a href="#[64]">SDIO_IRQHandler</a> from startup_stm32f4xx.o(.text) referenced from startup_stm32f4xx.o(RESET)
 <LI><a href="#[56]">SPI1_IRQHandler</a> from startup_stm32f4xx.o(.text) referenced from startup_stm32f4xx.o(RESET)
 <LI><a href="#[57]">SPI2_IRQHandler</a> from startup_stm32f4xx.o(.text) referenced from startup_stm32f4xx.o(RESET)
 <LI><a href="#[66]">SPI3_IRQHandler</a> from stm32f4_discovery_audio_codec.o(i.SPI3_IRQHandler) referenced from startup_stm32f4xx.o(RESET)
 <LI><a href="#[2f]">SVC_Handler</a> from stm32f4xx_it.o(i.SVC_Handler) referenced from startup_stm32f4xx.o(RESET)
 <LI><a href="#[32]">SysTick_Handler</a> from stm32f4xx_it.o(i.SysTick_Handler) referenced from startup_stm32f4xx.o(RESET)
 <LI><a href="#[85]">SystemInit</a> from system_stm32f4xx.o(i.SystemInit) referenced from startup_stm32f4xx.o(.text)
 <LI><a href="#[35]">TAMP_STAMP_IRQHandler</a> from startup_stm32f4xx.o(.text) referenced from startup_stm32f4xx.o(RESET)
 <LI><a href="#[4b]">TIM1_BRK_TIM9_IRQHandler</a> from startup_stm32f4xx.o(.text) referenced from startup_stm32f4xx.o(RESET)
 <LI><a href="#[4e]">TIM1_CC_IRQHandler</a> from startup_stm32f4xx.o(.text) referenced from startup_stm32f4xx.o(RESET)
 <LI><a href="#[4d]">TIM1_TRG_COM_TIM11_IRQHandler</a> from startup_stm32f4xx.o(.text) referenced from startup_stm32f4xx.o(RESET)
 <LI><a href="#[4c]">TIM1_UP_TIM10_IRQHandler</a> from startup_stm32f4xx.o(.text) referenced from startup_stm32f4xx.o(RESET)
 <LI><a href="#[4f]">TIM2_IRQHandler</a> from startup_stm32f4xx.o(.text) referenced from startup_stm32f4xx.o(RESET)
 <LI><a href="#[50]">TIM3_IRQHandler</a> from startup_stm32f4xx.o(.text) referenced from startup_stm32f4xx.o(RESET)
 <LI><a href="#[51]">TIM4_IRQHandler</a> from stm32f4xx_it.o(i.TIM4_IRQHandler) referenced from startup_stm32f4xx.o(RESET)
 <LI><a href="#[65]">TIM5_IRQHandler</a> from startup_stm32f4xx.o(.text) referenced from startup_stm32f4xx.o(RESET)
 <LI><a href="#[69]">TIM6_DAC_IRQHandler</a> from startup_stm32f4xx.o(.text) referenced from startup_stm32f4xx.o(RESET)
 <LI><a href="#[6a]">TIM7_IRQHandler</a> from startup_stm32f4xx.o(.text) referenced from startup_stm32f4xx.o(RESET)
 <LI><a href="#[5e]">TIM8_BRK_TIM12_IRQHandler</a> from startup_stm32f4xx.o(.text) referenced from startup_stm32f4xx.o(RESET)
 <LI><a href="#[61]">TIM8_CC_IRQHandler</a> from startup_stm32f4xx.o(.text) referenced from startup_stm32f4xx.o(RESET)
 <LI><a href="#[60]">TIM8_TRG_COM_TIM14_IRQHandler</a> from startup_stm32f4xx.o(.text) referenced from startup_stm32f4xx.o(RESET)
 <LI><a href="#[5f]">TIM8_UP_TIM13_IRQHandler</a> from startup_stm32f4xx.o(.text) referenced from startup_stm32f4xx.o(RESET)
 <LI><a href="#[67]">UART4_IRQHandler</a> from startup_stm32f4xx.o(.text) referenced from startup_stm32f4xx.o(RESET)
 <LI><a href="#[68]">UART5_IRQHandler</a> from startup_stm32f4xx.o(.text) referenced from startup_stm32f4xx.o(RESET)
 <LI><a href="#[58]">USART1_IRQHandler</a> from startup_stm32f4xx.o(.text) referenced from startup_stm32f4xx.o(RESET)
 <LI><a href="#[59]">USART2_IRQHandler</a> from startup_stm32f4xx.o(.text) referenced from startup_stm32f4xx.o(RESET)
 <LI><a href="#[5a]">USART3_IRQHandler</a> from startup_stm32f4xx.o(.text) referenced from startup_stm32f4xx.o(RESET)
 <LI><a href="#[7a]">USART6_IRQHandler</a> from startup_stm32f4xx.o(.text) referenced from startup_stm32f4xx.o(RESET)
 <LI><a href="#[13]">USBD_DataInStage</a> from usbd_core.o(i.USBD_DataInStage) referenced 2 times from usbd_core.o(.data)
 <LI><a href="#[12]">USBD_DataOutStage</a> from usbd_core.o(i.USBD_DataOutStage) referenced 2 times from usbd_core.o(.data)
 <LI><a href="#[19]">USBD_IsoINIncomplete</a> from usbd_core.o(i.USBD_IsoINIncomplete) referenced 2 times from usbd_core.o(.data)
 <LI><a href="#[1a]">USBD_IsoOUTIncomplete</a> from usbd_core.o(i.USBD_IsoOUTIncomplete) referenced 2 times from usbd_core.o(.data)
 <LI><a href="#[16]">USBD_Reset</a> from usbd_core.o(i.USBD_Reset) referenced 2 times from usbd_core.o(.data)
 <LI><a href="#[18]">USBD_Resume</a> from usbd_core.o(i.USBD_Resume) referenced 2 times from usbd_core.o(.data)
 <LI><a href="#[15]">USBD_SOF</a> from usbd_core.o(i.USBD_SOF) referenced 2 times from usbd_core.o(.data)
 <LI><a href="#[14]">USBD_SetupStage</a> from usbd_core.o(i.USBD_SetupStage) referenced 2 times from usbd_core.o(.data)
 <LI><a href="#[17]">USBD_Suspend</a> from usbd_core.o(i.USBD_Suspend) referenced 2 times from usbd_core.o(.data)
 <LI><a href="#[20]">USBD_USR_ConfigStrDescriptor</a> from usbd_desc.o(i.USBD_USR_ConfigStrDescriptor) referenced 2 times from usbd_desc.o(.data)
 <LI><a href="#[24]">USBD_USR_DeviceConfigured</a> from usbd_usr.o(i.USBD_USR_DeviceConfigured) referenced 2 times from usbd_usr.o(.data)
 <LI><a href="#[27]">USBD_USR_DeviceConnected</a> from usbd_usr.o(i.USBD_USR_DeviceConnected) referenced 2 times from usbd_usr.o(.data)
 <LI><a href="#[1b]">USBD_USR_DeviceDescriptor</a> from usbd_desc.o(i.USBD_USR_DeviceDescriptor) referenced 2 times from usbd_desc.o(.data)
 <LI><a href="#[28]">USBD_USR_DeviceDisconnected</a> from usbd_usr.o(i.USBD_USR_DeviceDisconnected) referenced 2 times from usbd_usr.o(.data)
 <LI><a href="#[23]">USBD_USR_DeviceReset</a> from usbd_usr.o(i.USBD_USR_DeviceReset) referenced 2 times from usbd_usr.o(.data)
 <LI><a href="#[26]">USBD_USR_DeviceResumed</a> from usbd_usr.o(i.USBD_USR_DeviceResumed) referenced 2 times from usbd_usr.o(.data)
 <LI><a href="#[25]">USBD_USR_DeviceSuspended</a> from usbd_usr.o(i.USBD_USR_DeviceSuspended) referenced 2 times from usbd_usr.o(.data)
 <LI><a href="#[22]">USBD_USR_Init</a> from usbd_usr.o(i.USBD_USR_Init) referenced 2 times from usbd_usr.o(.data)
 <LI><a href="#[21]">USBD_USR_InterfaceStrDescriptor</a> from usbd_desc.o(i.USBD_USR_InterfaceStrDescriptor) referenced 2 times from usbd_desc.o(.data)
 <LI><a href="#[1c]">USBD_USR_LangIDStrDescriptor</a> from usbd_desc.o(i.USBD_USR_LangIDStrDescriptor) referenced 2 times from usbd_desc.o(.data)
 <LI><a href="#[1d]">USBD_USR_ManufacturerStrDescriptor</a> from usbd_desc.o(i.USBD_USR_ManufacturerStrDescriptor) referenced 2 times from usbd_desc.o(.data)
 <LI><a href="#[1e]">USBD_USR_ProductStrDescriptor</a> from usbd_desc.o(i.USBD_USR_ProductStrDescriptor) referenced 2 times from usbd_desc.o(.data)
 <LI><a href="#[1f]">USBD_USR_SerialStrDescriptor</a> from usbd_desc.o(i.USBD_USR_SerialStrDescriptor) referenced 2 times from usbd_desc.o(.data)
 <LI><a href="#[a]">USBD_audio_GetCfgDesc</a> from usbd_audio_core.o(i.USBD_audio_GetCfgDesc) referenced 2 times from usbd_audio_core.o(.data)
 <LI><a href="#[2e]">UsageFault_Handler</a> from stm32f4xx_it.o(i.UsageFault_Handler) referenced from startup_stm32f4xx.o(RESET)
 <LI><a href="#[e]">VolumeCtl</a> from usbd_audio_out_if.o(i.VolumeCtl) referenced 2 times from usbd_audio_out_if.o(.data)
 <LI><a href="#[33]">WWDG_IRQHandler</a> from startup_stm32f4xx.o(.text) referenced from startup_stm32f4xx.o(RESET)
 <LI><a href="#[87]">__main</a> from __main.o(!!!main) referenced from startup_stm32f4xx.o(.text)
 <LI><a href="#[6]">usbd_audio_DataIn</a> from usbd_audio_core.o(i.usbd_audio_DataIn) referenced 2 times from usbd_audio_core.o(.data)
 <LI><a href="#[7]">usbd_audio_DataOut</a> from usbd_audio_core.o(i.usbd_audio_DataOut) referenced 2 times from usbd_audio_core.o(.data)
 <LI><a href="#[3]">usbd_audio_DeInit</a> from usbd_audio_core.o(i.usbd_audio_DeInit) referenced 2 times from usbd_audio_core.o(.data)
 <LI><a href="#[5]">usbd_audio_EP0_RxReady</a> from usbd_audio_core.o(i.usbd_audio_EP0_RxReady) referenced 2 times from usbd_audio_core.o(.data)
 <LI><a href="#[2]">usbd_audio_Init</a> from usbd_audio_core.o(i.usbd_audio_Init) referenced 2 times from usbd_audio_core.o(.data)
 <LI><a href="#[9]">usbd_audio_OUT_Incplt</a> from usbd_audio_core.o(i.usbd_audio_OUT_Incplt) referenced 2 times from usbd_audio_core.o(.data)
 <LI><a href="#[8]">usbd_audio_SOF</a> from usbd_audio_core.o(i.usbd_audio_SOF) referenced 2 times from usbd_audio_core.o(.data)
 <LI><a href="#[4]">usbd_audio_Setup</a> from usbd_audio_core.o(i.usbd_audio_Setup) referenced 2 times from usbd_audio_core.o(.data)
</UL>
<P>
<H3>
Global Symbols
</H3>
<P><STRONG><a name="[87]"></a>__main</STRONG> (Thumb, 8 bytes, Stack size 0 bytes, __main.o(!!!main))
<BR><BR>[Calls]<UL><LI><a href="#[88]">&gt;&gt;</a>&nbsp;&nbsp;&nbsp;__scatterload
<LI><a href="#[89]">&gt;&gt;</a>&nbsp;&nbsp;&nbsp;__rt_entry
</UL>

<P><STRONG><a name="[88]"></a>__scatterload</STRONG> (Thumb, 0 bytes, Stack size unknown bytes, __scatter.o(!!!scatter))
<BR><BR>[Called By]<UL><LI><a href="#[87]">&gt;&gt;</a>&nbsp;&nbsp;&nbsp;__main
</UL>

<P><STRONG><a name="[8a]"></a>__scatterload_rt2</STRONG> (Thumb, 44 bytes, Stack size unknown bytes, __scatter.o(!!!scatter), UNUSED)
<BR><BR>[Calls]<UL><LI><a href="#[89]">&gt;&gt;</a>&nbsp;&nbsp;&nbsp;__rt_entry
</UL>

<P><STRONG><a name="[15a]"></a>__scatterload_rt2_thumb_only</STRONG> (Thumb, 0 bytes, Stack size unknown bytes, __scatter.o(!!!scatter), UNUSED)

<P><STRONG><a name="[15b]"></a>__scatterload_null</STRONG> (Thumb, 0 bytes, Stack size unknown bytes, __scatter.o(!!!scatter), UNUSED)

<P><STRONG><a name="[15c]"></a>__decompress</STRONG> (Thumb, 90 bytes, Stack size unknown bytes, __dczerorl2.o(!!dczerorl2), UNUSED)

<P><STRONG><a name="[15d]"></a>__decompress1</STRONG> (Thumb, 0 bytes, Stack size unknown bytes, __dczerorl2.o(!!dczerorl2), UNUSED)

<P><STRONG><a name="[15e]"></a>__scatterload_zeroinit</STRONG> (Thumb, 28 bytes, Stack size unknown bytes, __scatter_zi.o(!!handler_zi), UNUSED)

<P><STRONG><a name="[90]"></a>__rt_lib_init</STRONG> (Thumb, 0 bytes, Stack size unknown bytes, libinit.o(.ARM.Collect$$libinit$$00000000))
<BR><BR>[Called By]<UL><LI><a href="#[8f]">&gt;&gt;</a>&nbsp;&nbsp;&nbsp;__rt_entry_li
</UL>

<P><STRONG><a name="[8b]"></a>__rt_lib_init_fp_1</STRONG> (Thumb, 0 bytes, Stack size unknown bytes, libinit2.o(.ARM.Collect$$libinit$$00000001))
<BR><BR>[Calls]<UL><LI><a href="#[8c]">&gt;&gt;</a>&nbsp;&nbsp;&nbsp;_fp_init
</UL>

<P><STRONG><a name="[15f]"></a>__rt_lib_init_alloca_1</STRONG> (Thumb, 0 bytes, Stack size unknown bytes, libinit2.o(.ARM.Collect$$libinit$$0000002E))

<P><STRONG><a name="[160]"></a>__rt_lib_init_argv_1</STRONG> (Thumb, 0 bytes, Stack size unknown bytes, libinit2.o(.ARM.Collect$$libinit$$0000002C))

<P><STRONG><a name="[161]"></a>__rt_lib_init_atexit_1</STRONG> (Thumb, 0 bytes, Stack size unknown bytes, libinit2.o(.ARM.Collect$$libinit$$0000001B))

<P><STRONG><a name="[162]"></a>__rt_lib_init_clock_1</STRONG> (Thumb, 0 bytes, Stack size unknown bytes, libinit2.o(.ARM.Collect$$libinit$$00000021))

<P><STRONG><a name="[163]"></a>__rt_lib_init_cpp_1</STRONG> (Thumb, 0 bytes, Stack size unknown bytes, libinit2.o(.ARM.Collect$$libinit$$00000032))

<P><STRONG><a name="[164]"></a>__rt_lib_init_exceptions_1</STRONG> (Thumb, 0 bytes, Stack size unknown bytes, libinit2.o(.ARM.Collect$$libinit$$00000030))

<P><STRONG><a name="[165]"></a>__rt_lib_init_fp_trap_1</STRONG> (Thumb, 0 bytes, Stack size unknown bytes, libinit2.o(.ARM.Collect$$libinit$$0000001F))

<P><STRONG><a name="[166]"></a>__rt_lib_init_getenv_1</STRONG> (Thumb, 0 bytes, Stack size unknown bytes, libinit2.o(.ARM.Collect$$libinit$$00000023))

<P><STRONG><a name="[167]"></a>__rt_lib_init_heap_1</STRONG> (Thumb, 0 bytes, Stack size unknown bytes, libinit2.o(.ARM.Collect$$libinit$$0000000A))

<P><STRONG><a name="[168]"></a>__rt_lib_init_lc_collate_1</STRONG> (Thumb, 0 bytes, Stack size unknown bytes, libinit2.o(.ARM.Collect$$libinit$$00000011))

<P><STRONG><a name="[169]"></a>__rt_lib_init_lc_ctype_1</STRONG> (Thumb, 0 bytes, Stack size unknown bytes, libinit2.o(.ARM.Collect$$libinit$$00000013))

<P><STRONG><a name="[16a]"></a>__rt_lib_init_lc_monetary_1</STRONG> (Thumb, 0 bytes, Stack size unknown bytes, libinit2.o(.ARM.Collect$$libinit$$00000015))

<P><STRONG><a name="[16b]"></a>__rt_lib_init_lc_numeric_1</STRONG> (Thumb, 0 bytes, Stack size unknown bytes, libinit2.o(.ARM.Collect$$libinit$$00000017))

<P><STRONG><a name="[16c]"></a>__rt_lib_init_lc_time_1</STRONG> (Thumb, 0 bytes, Stack size unknown bytes, libinit2.o(.ARM.Collect$$libinit$$00000019))

<P><STRONG><a name="[16d]"></a>__rt_lib_init_preinit_1</STRONG> (Thumb, 0 bytes, Stack size unknown bytes, libinit2.o(.ARM.Collect$$libinit$$00000004))

<P><STRONG><a name="[16e]"></a>__rt_lib_init_rand_1</STRONG> (Thumb, 0 bytes, Stack size unknown bytes, libinit2.o(.ARM.Collect$$libinit$$0000000E))

<P><STRONG><a name="[16f]"></a>__rt_lib_init_return</STRONG> (Thumb, 0 bytes, Stack size unknown bytes, libinit2.o(.ARM.Collect$$libinit$$00000033))

<P><STRONG><a name="[170]"></a>__rt_lib_init_signal_1</STRONG> (Thumb, 0 bytes, Stack size unknown bytes, libinit2.o(.ARM.Collect$$libinit$$0000001D))

<P><STRONG><a name="[171]"></a>__rt_lib_init_stdio_1</STRONG> (Thumb, 0 bytes, Stack size unknown bytes, libinit2.o(.ARM.Collect$$libinit$$00000025))

<P><STRONG><a name="[172]"></a>__rt_lib_init_user_alloc_1</STRONG> (Thumb, 0 bytes, Stack size unknown bytes, libinit2.o(.ARM.Collect$$libinit$$0000000C))

<P><STRONG><a name="[95]"></a>__rt_lib_shutdown</STRONG> (Thumb, 0 bytes, Stack size unknown bytes, libshutdown.o(.ARM.Collect$$libshutdown$$00000000))
<BR><BR>[Called By]<UL><LI><a href="#[94]">&gt;&gt;</a>&nbsp;&nbsp;&nbsp;__rt_exit_ls
</UL>

<P><STRONG><a name="[173]"></a>__rt_lib_shutdown_cpp_1</STRONG> (Thumb, 0 bytes, Stack size unknown bytes, libshutdown2.o(.ARM.Collect$$libshutdown$$00000002))

<P><STRONG><a name="[174]"></a>__rt_lib_shutdown_fp_trap_1</STRONG> (Thumb, 0 bytes, Stack size unknown bytes, libshutdown2.o(.ARM.Collect$$libshutdown$$00000007))

<P><STRONG><a name="[175]"></a>__rt_lib_shutdown_heap_1</STRONG> (Thumb, 0 bytes, Stack size unknown bytes, libshutdown2.o(.ARM.Collect$$libshutdown$$0000000F))

<P><STRONG><a name="[176]"></a>__rt_lib_shutdown_return</STRONG> (Thumb, 0 bytes, Stack size unknown bytes, libshutdown2.o(.ARM.Collect$$libshutdown$$00000010))

<P><STRONG><a name="[177]"></a>__rt_lib_shutdown_signal_1</STRONG> (Thumb, 0 bytes, Stack size unknown bytes, libshutdown2.o(.ARM.Collect$$libshutdown$$0000000A))

<P><STRONG><a name="[178]"></a>__rt_lib_shutdown_stdio_1</STRONG> (Thumb, 0 bytes, Stack size unknown bytes, libshutdown2.o(.ARM.Collect$$libshutdown$$00000004))

<P><STRONG><a name="[179]"></a>__rt_lib_shutdown_user_alloc_1</STRONG> (Thumb, 0 bytes, Stack size unknown bytes, libshutdown2.o(.ARM.Collect$$libshutdown$$0000000C))

<P><STRONG><a name="[89]"></a>__rt_entry</STRONG> (Thumb, 0 bytes, Stack size unknown bytes, __rtentry.o(.ARM.Collect$$rtentry$$00000000))
<BR><BR>[Called By]<UL><LI><a href="#[8a]">&gt;&gt;</a>&nbsp;&nbsp;&nbsp;__scatterload_rt2
<LI><a href="#[87]">&gt;&gt;</a>&nbsp;&nbsp;&nbsp;__main
</UL>

<P><STRONG><a name="[17a]"></a>__rt_entry_presh_1</STRONG> (Thumb, 0 bytes, Stack size unknown bytes, __rtentry2.o(.ARM.Collect$$rtentry$$00000002))

<P><STRONG><a name="[8d]"></a>__rt_entry_sh</STRONG> (Thumb, 0 bytes, Stack size unknown bytes, __rtentry4.o(.ARM.Collect$$rtentry$$00000004))
<BR><BR>[Stack]<UL><LI>Max Depth = 8 + Unknown Stack Size
<LI>Call Chain = __rt_entry_sh &rArr; __user_setup_stackheap
</UL>
<BR>[Calls]<UL><LI><a href="#[8e]">&gt;&gt;</a>&nbsp;&nbsp;&nbsp;__user_setup_stackheap
</UL>

<P><STRONG><a name="[8f]"></a>__rt_entry_li</STRONG> (Thumb, 0 bytes, Stack size unknown bytes, __rtentry2.o(.ARM.Collect$$rtentry$$0000000A))
<BR><BR>[Calls]<UL><LI><a href="#[90]">&gt;&gt;</a>&nbsp;&nbsp;&nbsp;__rt_lib_init
</UL>

<P><STRONG><a name="[17b]"></a>__rt_entry_postsh_1</STRONG> (Thumb, 0 bytes, Stack size unknown bytes, __rtentry2.o(.ARM.Collect$$rtentry$$00000009))

<P><STRONG><a name="[91]"></a>__rt_entry_main</STRONG> (Thumb, 0 bytes, Stack size unknown bytes, __rtentry2.o(.ARM.Collect$$rtentry$$0000000D))
<BR><BR>[Stack]<UL><LI>Max Depth = 152 + Unknown Stack Size
<LI>Call Chain = __rt_entry_main &rArr; main &rArr; USBAudioInit &rArr; USBD_Init &rArr; DCD_Init &rArr; USB_OTG_CoreInitDev &rArr; USB_OTG_FlushTxFifo &rArr; USB_OTG_BSP_uDelay
</UL>
<BR>[Calls]<UL><LI><a href="#[92]">&gt;&gt;</a>&nbsp;&nbsp;&nbsp;main
<LI><a href="#[93]">&gt;&gt;</a>&nbsp;&nbsp;&nbsp;exit
</UL>

<P><STRONG><a name="[17c]"></a>__rt_entry_postli_1</STRONG> (Thumb, 0 bytes, Stack size unknown bytes, __rtentry2.o(.ARM.Collect$$rtentry$$0000000C))

<P><STRONG><a name="[9e]"></a>__rt_exit</STRONG> (Thumb, 0 bytes, Stack size unknown bytes, rtexit.o(.ARM.Collect$$rtexit$$00000000))
<BR><BR>[Called By]<UL><LI><a href="#[93]">&gt;&gt;</a>&nbsp;&nbsp;&nbsp;exit
</UL>

<P><STRONG><a name="[94]"></a>__rt_exit_ls</STRONG> (Thumb, 0 bytes, Stack size unknown bytes, rtexit2.o(.ARM.Collect$$rtexit$$00000003))
<BR><BR>[Calls]<UL><LI><a href="#[95]">&gt;&gt;</a>&nbsp;&nbsp;&nbsp;__rt_lib_shutdown
</UL>

<P><STRONG><a name="[17d]"></a>__rt_exit_prels_1</STRONG> (Thumb, 0 bytes, Stack size unknown bytes, rtexit2.o(.ARM.Collect$$rtexit$$00000002))

<P><STRONG><a name="[96]"></a>__rt_exit_exit</STRONG> (Thumb, 0 bytes, Stack size unknown bytes, rtexit2.o(.ARM.Collect$$rtexit$$00000004))
<BR><BR>[Calls]<UL><LI><a href="#[97]">&gt;&gt;</a>&nbsp;&nbsp;&nbsp;_sys_exit
</UL>

<P><STRONG><a name="[29]"></a>Reset_Handler</STRONG> (Thumb, 8 bytes, Stack size 0 bytes, startup_stm32f4xx.o(.text))
<BR>[Address Reference Count : 1]<UL><LI> startup_stm32f4xx.o(RESET)
</UL>
<P><STRONG><a name="[45]"></a>ADC_IRQHandler</STRONG> (Thumb, 0 bytes, Stack size 0 bytes, startup_stm32f4xx.o(.text))
<BR><BR>[Calls]<UL><LI><a href="#[45]">&gt;&gt;</a>&nbsp;&nbsp;&nbsp;ADC_IRQHandler
</UL>
<BR>[Called By]<UL><LI><a href="#[45]">&gt;&gt;</a>&nbsp;&nbsp;&nbsp;ADC_IRQHandler
</UL>
<BR>[Address Reference Count : 1]<UL><LI> startup_stm32f4xx.o(RESET)
</UL>
<P><STRONG><a name="[47]"></a>CAN1_RX0_IRQHandler</STRONG> (Thumb, 0 bytes, Stack size 0 bytes, startup_stm32f4xx.o(.text))
<BR>[Address Reference Count : 1]<UL><LI> startup_stm32f4xx.o(RESET)
</UL>
<P><STRONG><a name="[48]"></a>CAN1_RX1_IRQHandler</STRONG> (Thumb, 0 bytes, Stack size 0 bytes, startup_stm32f4xx.o(.text))
<BR>[Address Reference Count : 1]<UL><LI> startup_stm32f4xx.o(RESET)
</UL>
<P><STRONG><a name="[49]"></a>CAN1_SCE_IRQHandler</STRONG> (Thumb, 0 bytes, Stack size 0 bytes, startup_stm32f4xx.o(.text))
<BR>[Address Reference Count : 1]<UL><LI> startup_stm32f4xx.o(RESET)
</UL>
<P><STRONG><a name="[46]"></a>CAN1_TX_IRQHandler</STRONG> (Thumb, 0 bytes, Stack size 0 bytes, startup_stm32f4xx.o(.text))
<BR>[Address Reference Count : 1]<UL><LI> startup_stm32f4xx.o(RESET)
</UL>
<P><STRONG><a name="[73]"></a>CAN2_RX0_IRQHandler</STRONG> (Thumb, 0 bytes, Stack size 0 bytes, startup_stm32f4xx.o(.text))
<BR>[Address Reference Count : 1]<UL><LI> startup_stm32f4xx.o(RESET)
</UL>
<P><STRONG><a name="[74]"></a>CAN2_RX1_IRQHandler</STRONG> (Thumb, 0 bytes, Stack size 0 bytes, startup_stm32f4xx.o(.text))
<BR>[Address Reference Count : 1]<UL><LI> startup_stm32f4xx.o(RESET)
</UL>
<P><STRONG><a name="[75]"></a>CAN2_SCE_IRQHandler</STRONG> (Thumb, 0 bytes, Stack size 0 bytes, startup_stm32f4xx.o(.text))
<BR>[Address Reference Count : 1]<UL><LI> startup_stm32f4xx.o(RESET)
</UL>
<P><STRONG><a name="[72]"></a>CAN2_TX_IRQHandler</STRONG> (Thumb, 0 bytes, Stack size 0 bytes, startup_stm32f4xx.o(.text))
<BR>[Address Reference Count : 1]<UL><LI> startup_stm32f4xx.o(RESET)
</UL>
<P><STRONG><a name="[82]"></a>CRYP_IRQHandler</STRONG> (Thumb, 0 bytes, Stack size 0 bytes, startup_stm32f4xx.o(.text))
<BR>[Address Reference Count : 1]<UL><LI> startup_stm32f4xx.o(RESET)
</UL>
<P><STRONG><a name="[81]"></a>DCMI_IRQHandler</STRONG> (Thumb, 0 bytes, Stack size 0 bytes, startup_stm32f4xx.o(.text))
<BR>[Address Reference Count : 1]<UL><LI> startup_stm32f4xx.o(RESET)
</UL>
<P><STRONG><a name="[3f]"></a>DMA1_Stream1_IRQHandler</STRONG> (Thumb, 0 bytes, Stack size 0 bytes, startup_stm32f4xx.o(.text))
<BR>[Address Reference Count : 1]<UL><LI> startup_stm32f4xx.o(RESET)
</UL>
<P><STRONG><a name="[40]"></a>DMA1_Stream2_IRQHandler</STRONG> (Thumb, 0 bytes, Stack size 0 bytes, startup_stm32f4xx.o(.text))
<BR>[Address Reference Count : 1]<UL><LI> startup_stm32f4xx.o(RESET)
</UL>
<P><STRONG><a name="[41]"></a>DMA1_Stream3_IRQHandler</STRONG> (Thumb, 0 bytes, Stack size 0 bytes, startup_stm32f4xx.o(.text))
<BR>[Address Reference Count : 1]<UL><LI> startup_stm32f4xx.o(RESET)
</UL>
<P><STRONG><a name="[42]"></a>DMA1_Stream4_IRQHandler</STRONG> (Thumb, 0 bytes, Stack size 0 bytes, startup_stm32f4xx.o(.text))
<BR>[Address Reference Count : 1]<UL><LI> startup_stm32f4xx.o(RESET)
</UL>
<P><STRONG><a name="[43]"></a>DMA1_Stream5_IRQHandler</STRONG> (Thumb, 0 bytes, Stack size 0 bytes, startup_stm32f4xx.o(.text))
<BR>[Address Reference Count : 1]<UL><LI> startup_stm32f4xx.o(RESET)
</UL>
<P><STRONG><a name="[44]"></a>DMA1_Stream6_IRQHandler</STRONG> (Thumb, 0 bytes, Stack size 0 bytes, startup_stm32f4xx.o(.text))
<BR>[Address Reference Count : 1]<UL><LI> startup_stm32f4xx.o(RESET)
</UL>
<P><STRONG><a name="[6b]"></a>DMA2_Stream0_IRQHandler</STRONG> (Thumb, 0 bytes, Stack size 0 bytes, startup_stm32f4xx.o(.text))
<BR>[Address Reference Count : 1]<UL><LI> startup_stm32f4xx.o(RESET)
</UL>
<P><STRONG><a name="[6c]"></a>DMA2_Stream1_IRQHandler</STRONG> (Thumb, 0 bytes, Stack size 0 bytes, startup_stm32f4xx.o(.text))
<BR>[Address Reference Count : 1]<UL><LI> startup_stm32f4xx.o(RESET)
</UL>
<P><STRONG><a name="[6d]"></a>DMA2_Stream2_IRQHandler</STRONG> (Thumb, 0 bytes, Stack size 0 bytes, startup_stm32f4xx.o(.text))
<BR>[Address Reference Count : 1]<UL><LI> startup_stm32f4xx.o(RESET)
</UL>
<P><STRONG><a name="[6e]"></a>DMA2_Stream3_IRQHandler</STRONG> (Thumb, 0 bytes, Stack size 0 bytes, startup_stm32f4xx.o(.text))
<BR>[Address Reference Count : 1]<UL><LI> startup_stm32f4xx.o(RESET)
</UL>
<P><STRONG><a name="[6f]"></a>DMA2_Stream4_IRQHandler</STRONG> (Thumb, 0 bytes, Stack size 0 bytes, startup_stm32f4xx.o(.text))
<BR>[Address Reference Count : 1]<UL><LI> startup_stm32f4xx.o(RESET)
</UL>
<P><STRONG><a name="[77]"></a>DMA2_Stream5_IRQHandler</STRONG> (Thumb, 0 bytes, Stack size 0 bytes, startup_stm32f4xx.o(.text))
<BR>[Address Reference Count : 1]<UL><LI> startup_stm32f4xx.o(RESET)
</UL>
<P><STRONG><a name="[78]"></a>DMA2_Stream6_IRQHandler</STRONG> (Thumb, 0 bytes, Stack size 0 bytes, startup_stm32f4xx.o(.text))
<BR>[Address Reference Count : 1]<UL><LI> startup_stm32f4xx.o(RESET)
</UL>
<P><STRONG><a name="[79]"></a>DMA2_Stream7_IRQHandler</STRONG> (Thumb, 0 bytes, Stack size 0 bytes, startup_stm32f4xx.o(.text))
<BR>[Address Reference Count : 1]<UL><LI> startup_stm32f4xx.o(RESET)
</UL>
<P><STRONG><a name="[70]"></a>ETH_IRQHandler</STRONG> (Thumb, 0 bytes, Stack size 0 bytes, startup_stm32f4xx.o(.text))
<BR>[Address Reference Count : 1]<UL><LI> startup_stm32f4xx.o(RESET)
</UL>
<P><STRONG><a name="[71]"></a>ETH_WKUP_IRQHandler</STRONG> (Thumb, 0 bytes, Stack size 0 bytes, startup_stm32f4xx.o(.text))
<BR>[Address Reference Count : 1]<UL><LI> startup_stm32f4xx.o(RESET)
</UL>
<P><STRONG><a name="[39]"></a>EXTI0_IRQHandler</STRONG> (Thumb, 0 bytes, Stack size 0 bytes, startup_stm32f4xx.o(.text))
<BR>[Address Reference Count : 1]<UL><LI> startup_stm32f4xx.o(RESET)
</UL>
<P><STRONG><a name="[5b]"></a>EXTI15_10_IRQHandler</STRONG> (Thumb, 0 bytes, Stack size 0 bytes, startup_stm32f4xx.o(.text))
<BR>[Address Reference Count : 1]<UL><LI> startup_stm32f4xx.o(RESET)
</UL>
<P><STRONG><a name="[3b]"></a>EXTI2_IRQHandler</STRONG> (Thumb, 0 bytes, Stack size 0 bytes, startup_stm32f4xx.o(.text))
<BR>[Address Reference Count : 1]<UL><LI> startup_stm32f4xx.o(RESET)
</UL>
<P><STRONG><a name="[3c]"></a>EXTI3_IRQHandler</STRONG> (Thumb, 0 bytes, Stack size 0 bytes, startup_stm32f4xx.o(.text))
<BR>[Address Reference Count : 1]<UL><LI> startup_stm32f4xx.o(RESET)
</UL>
<P><STRONG><a name="[3d]"></a>EXTI4_IRQHandler</STRONG> (Thumb, 0 bytes, Stack size 0 bytes, startup_stm32f4xx.o(.text))
<BR>[Address Reference Count : 1]<UL><LI> startup_stm32f4xx.o(RESET)
</UL>
<P><STRONG><a name="[4a]"></a>EXTI9_5_IRQHandler</STRONG> (Thumb, 0 bytes, Stack size 0 bytes, startup_stm32f4xx.o(.text))
<BR>[Address Reference Count : 1]<UL><LI> startup_stm32f4xx.o(RESET)
</UL>
<P><STRONG><a name="[37]"></a>FLASH_IRQHandler</STRONG> (Thumb, 0 bytes, Stack size 0 bytes, startup_stm32f4xx.o(.text))
<BR>[Address Reference Count : 1]<UL><LI> startup_stm32f4xx.o(RESET)
</UL>
<P><STRONG><a name="[84]"></a>FPU_IRQHandler</STRONG> (Thumb, 0 bytes, Stack size 0 bytes, startup_stm32f4xx.o(.text))
<BR>[Address Reference Count : 1]<UL><LI> startup_stm32f4xx.o(RESET)
</UL>
<P><STRONG><a name="[63]"></a>FSMC_IRQHandler</STRONG> (Thumb, 0 bytes, Stack size 0 bytes, startup_stm32f4xx.o(.text))
<BR>[Address Reference Count : 1]<UL><LI> startup_stm32f4xx.o(RESET)
</UL>
<P><STRONG><a name="[83]"></a>HASH_RNG_IRQHandler</STRONG> (Thumb, 0 bytes, Stack size 0 bytes, startup_stm32f4xx.o(.text))
<BR>[Address Reference Count : 1]<UL><LI> startup_stm32f4xx.o(RESET)
</UL>
<P><STRONG><a name="[53]"></a>I2C1_ER_IRQHandler</STRONG> (Thumb, 0 bytes, Stack size 0 bytes, startup_stm32f4xx.o(.text))
<BR>[Address Reference Count : 1]<UL><LI> startup_stm32f4xx.o(RESET)
</UL>
<P><STRONG><a name="[52]"></a>I2C1_EV_IRQHandler</STRONG> (Thumb, 0 bytes, Stack size 0 bytes, startup_stm32f4xx.o(.text))
<BR>[Address Reference Count : 1]<UL><LI> startup_stm32f4xx.o(RESET)
</UL>
<P><STRONG><a name="[55]"></a>I2C2_ER_IRQHandler</STRONG> (Thumb, 0 bytes, Stack size 0 bytes, startup_stm32f4xx.o(.text))
<BR>[Address Reference Count : 1]<UL><LI> startup_stm32f4xx.o(RESET)
</UL>
<P><STRONG><a name="[54]"></a>I2C2_EV_IRQHandler</STRONG> (Thumb, 0 bytes, Stack size 0 bytes, startup_stm32f4xx.o(.text))
<BR>[Address Reference Count : 1]<UL><LI> startup_stm32f4xx.o(RESET)
</UL>
<P><STRONG><a name="[7c]"></a>I2C3_ER_IRQHandler</STRONG> (Thumb, 0 bytes, Stack size 0 bytes, startup_stm32f4xx.o(.text))
<BR>[Address Reference Count : 1]<UL><LI> startup_stm32f4xx.o(RESET)
</UL>
<P><STRONG><a name="[7b]"></a>I2C3_EV_IRQHandler</STRONG> (Thumb, 0 bytes, Stack size 0 bytes, startup_stm32f4xx.o(.text))
<BR>[Address Reference Count : 1]<UL><LI> startup_stm32f4xx.o(RESET)
</UL>
<P><STRONG><a name="[7e]"></a>OTG_HS_EP1_IN_IRQHandler</STRONG> (Thumb, 0 bytes, Stack size 0 bytes, startup_stm32f4xx.o(.text))
<BR>[Address Reference Count : 1]<UL><LI> startup_stm32f4xx.o(RESET)
</UL>
<P><STRONG><a name="[7d]"></a>OTG_HS_EP1_OUT_IRQHandler</STRONG> (Thumb, 0 bytes, Stack size 0 bytes, startup_stm32f4xx.o(.text))
<BR>[Address Reference Count : 1]<UL><LI> startup_stm32f4xx.o(RESET)
</UL>
<P><STRONG><a name="[80]"></a>OTG_HS_IRQHandler</STRONG> (Thumb, 0 bytes, Stack size 0 bytes, startup_stm32f4xx.o(.text))
<BR>[Address Reference Count : 1]<UL><LI> startup_stm32f4xx.o(RESET)
</UL>
<P><STRONG><a name="[7f]"></a>OTG_HS_WKUP_IRQHandler</STRONG> (Thumb, 0 bytes, Stack size 0 bytes, startup_stm32f4xx.o(.text))
<BR>[Address Reference Count : 1]<UL><LI> startup_stm32f4xx.o(RESET)
</UL>
<P><STRONG><a name="[34]"></a>PVD_IRQHandler</STRONG> (Thumb, 0 bytes, Stack size 0 bytes, startup_stm32f4xx.o(.text))
<BR>[Address Reference Count : 1]<UL><LI> startup_stm32f4xx.o(RESET)
</UL>
<P><STRONG><a name="[38]"></a>RCC_IRQHandler</STRONG> (Thumb, 0 bytes, Stack size 0 bytes, startup_stm32f4xx.o(.text))
<BR>[Address Reference Count : 1]<UL><LI> startup_stm32f4xx.o(RESET)
</UL>
<P><STRONG><a name="[5c]"></a>RTC_Alarm_IRQHandler</STRONG> (Thumb, 0 bytes, Stack size 0 bytes, startup_stm32f4xx.o(.text))
<BR>[Address Reference Count : 1]<UL><LI> startup_stm32f4xx.o(RESET)
</UL>
<P><STRONG><a name="[36]"></a>RTC_WKUP_IRQHandler</STRONG> (Thumb, 0 bytes, Stack size 0 bytes, startup_stm32f4xx.o(.text))
<BR>[Address Reference Count : 1]<UL><LI> startup_stm32f4xx.o(RESET)
</UL>
<P><STRONG><a name="[64]"></a>SDIO_IRQHandler</STRONG> (Thumb, 0 bytes, Stack size 0 bytes, startup_stm32f4xx.o(.text))
<BR>[Address Reference Count : 1]<UL><LI> startup_stm32f4xx.o(RESET)
</UL>
<P><STRONG><a name="[56]"></a>SPI1_IRQHandler</STRONG> (Thumb, 0 bytes, Stack size 0 bytes, startup_stm32f4xx.o(.text))
<BR>[Address Reference Count : 1]<UL><LI> startup_stm32f4xx.o(RESET)
</UL>
<P><STRONG><a name="[57]"></a>SPI2_IRQHandler</STRONG> (Thumb, 0 bytes, Stack size 0 bytes, startup_stm32f4xx.o(.text))
<BR>[Address Reference Count : 1]<UL><LI> startup_stm32f4xx.o(RESET)
</UL>
<P><STRONG><a name="[35]"></a>TAMP_STAMP_IRQHandler</STRONG> (Thumb, 0 bytes, Stack size 0 bytes, startup_stm32f4xx.o(.text))
<BR>[Address Reference Count : 1]<UL><LI> startup_stm32f4xx.o(RESET)
</UL>
<P><STRONG><a name="[4b]"></a>TIM1_BRK_TIM9_IRQHandler</STRONG> (Thumb, 0 bytes, Stack size 0 bytes, startup_stm32f4xx.o(.text))
<BR>[Address Reference Count : 1]<UL><LI> startup_stm32f4xx.o(RESET)
</UL>
<P><STRONG><a name="[4e]"></a>TIM1_CC_IRQHandler</STRONG> (Thumb, 0 bytes, Stack size 0 bytes, startup_stm32f4xx.o(.text))
<BR>[Address Reference Count : 1]<UL><LI> startup_stm32f4xx.o(RESET)
</UL>
<P><STRONG><a name="[4d]"></a>TIM1_TRG_COM_TIM11_IRQHandler</STRONG> (Thumb, 0 bytes, Stack size 0 bytes, startup_stm32f4xx.o(.text))
<BR>[Address Reference Count : 1]<UL><LI> startup_stm32f4xx.o(RESET)
</UL>
<P><STRONG><a name="[4c]"></a>TIM1_UP_TIM10_IRQHandler</STRONG> (Thumb, 0 bytes, Stack size 0 bytes, startup_stm32f4xx.o(.text))
<BR>[Address Reference Count : 1]<UL><LI> startup_stm32f4xx.o(RESET)
</UL>
<P><STRONG><a name="[4f]"></a>TIM2_IRQHandler</STRONG> (Thumb, 0 bytes, Stack size 0 bytes, startup_stm32f4xx.o(.text))
<BR>[Address Reference Count : 1]<UL><LI> startup_stm32f4xx.o(RESET)
</UL>
<P><STRONG><a name="[50]"></a>TIM3_IRQHandler</STRONG> (Thumb, 0 bytes, Stack size 0 bytes, startup_stm32f4xx.o(.text))
<BR>[Address Reference Count : 1]<UL><LI> startup_stm32f4xx.o(RESET)
</UL>
<P><STRONG><a name="[65]"></a>TIM5_IRQHandler</STRONG> (Thumb, 0 bytes, Stack size 0 bytes, startup_stm32f4xx.o(.text))
<BR>[Address Reference Count : 1]<UL><LI> startup_stm32f4xx.o(RESET)
</UL>
<P><STRONG><a name="[69]"></a>TIM6_DAC_IRQHandler</STRONG> (Thumb, 0 bytes, Stack size 0 bytes, startup_stm32f4xx.o(.text))
<BR>[Address Reference Count : 1]<UL><LI> startup_stm32f4xx.o(RESET)
</UL>
<P><STRONG><a name="[6a]"></a>TIM7_IRQHandler</STRONG> (Thumb, 0 bytes, Stack size 0 bytes, startup_stm32f4xx.o(.text))
<BR>[Address Reference Count : 1]<UL><LI> startup_stm32f4xx.o(RESET)
</UL>
<P><STRONG><a name="[5e]"></a>TIM8_BRK_TIM12_IRQHandler</STRONG> (Thumb, 0 bytes, Stack size 0 bytes, startup_stm32f4xx.o(.text))
<BR>[Address Reference Count : 1]<UL><LI> startup_stm32f4xx.o(RESET)
</UL>
<P><STRONG><a name="[61]"></a>TIM8_CC_IRQHandler</STRONG> (Thumb, 0 bytes, Stack size 0 bytes, startup_stm32f4xx.o(.text))
<BR>[Address Reference Count : 1]<UL><LI> startup_stm32f4xx.o(RESET)
</UL>
<P><STRONG><a name="[60]"></a>TIM8_TRG_COM_TIM14_IRQHandler</STRONG> (Thumb, 0 bytes, Stack size 0 bytes, startup_stm32f4xx.o(.text))
<BR>[Address Reference Count : 1]<UL><LI> startup_stm32f4xx.o(RESET)
</UL>
<P><STRONG><a name="[5f]"></a>TIM8_UP_TIM13_IRQHandler</STRONG> (Thumb, 0 bytes, Stack size 0 bytes, startup_stm32f4xx.o(.text))
<BR>[Address Reference Count : 1]<UL><LI> startup_stm32f4xx.o(RESET)
</UL>
<P><STRONG><a name="[67]"></a>UART4_IRQHandler</STRONG> (Thumb, 0 bytes, Stack size 0 bytes, startup_stm32f4xx.o(.text))
<BR>[Address Reference Count : 1]<UL><LI> startup_stm32f4xx.o(RESET)
</UL>
<P><STRONG><a name="[68]"></a>UART5_IRQHandler</STRONG> (Thumb, 0 bytes, Stack size 0 bytes, startup_stm32f4xx.o(.text))
<BR>[Address Reference Count : 1]<UL><LI> startup_stm32f4xx.o(RESET)
</UL>
<P><STRONG><a name="[58]"></a>USART1_IRQHandler</STRONG> (Thumb, 0 bytes, Stack size 0 bytes, startup_stm32f4xx.o(.text))
<BR>[Address Reference Count : 1]<UL><LI> startup_stm32f4xx.o(RESET)
</UL>
<P><STRONG><a name="[59]"></a>USART2_IRQHandler</STRONG> (Thumb, 0 bytes, Stack size 0 bytes, startup_stm32f4xx.o(.text))
<BR>[Address Reference Count : 1]<UL><LI> startup_stm32f4xx.o(RESET)
</UL>
<P><STRONG><a name="[5a]"></a>USART3_IRQHandler</STRONG> (Thumb, 0 bytes, Stack size 0 bytes, startup_stm32f4xx.o(.text))
<BR>[Address Reference Count : 1]<UL><LI> startup_stm32f4xx.o(RESET)
</UL>
<P><STRONG><a name="[7a]"></a>USART6_IRQHandler</STRONG> (Thumb, 0 bytes, Stack size 0 bytes, startup_stm32f4xx.o(.text))
<BR>[Address Reference Count : 1]<UL><LI> startup_stm32f4xx.o(RESET)
</UL>
<P><STRONG><a name="[33]"></a>WWDG_IRQHandler</STRONG> (Thumb, 0 bytes, Stack size 0 bytes, startup_stm32f4xx.o(.text))
<BR>[Address Reference Count : 1]<UL><LI> startup_stm32f4xx.o(RESET)
</UL>
<P><STRONG><a name="[9d]"></a>__user_initial_stackheap</STRONG> (Thumb, 0 bytes, Stack size unknown bytes, startup_stm32f4xx.o(.text))
<BR><BR>[Called By]<UL><LI><a href="#[8e]">&gt;&gt;</a>&nbsp;&nbsp;&nbsp;__user_setup_stackheap
</UL>

<P><STRONG><a name="[a3]"></a>__aeabi_memcpy</STRONG> (Thumb, 0 bytes, Stack size 0 bytes, rt_memcpy_v6.o(.text))
<BR><BR>[Called By]<UL><LI><a href="#[d]">&gt;&gt;</a>&nbsp;&nbsp;&nbsp;AudioCmd
</UL>

<P><STRONG><a name="[98]"></a>__rt_memcpy</STRONG> (Thumb, 138 bytes, Stack size 0 bytes, rt_memcpy_v6.o(.text), UNUSED)
<BR><BR>[Calls]<UL><LI><a href="#[99]">&gt;&gt;</a>&nbsp;&nbsp;&nbsp;__aeabi_memcpy4
</UL>

<P><STRONG><a name="[17e]"></a>_memcpy_lastbytes</STRONG> (Thumb, 0 bytes, Stack size unknown bytes, rt_memcpy_v6.o(.text), UNUSED)

<P><STRONG><a name="[a5]"></a>__aeabi_memclr</STRONG> (Thumb, 0 bytes, Stack size 0 bytes, rt_memclr.o(.text))
<BR><BR>[Called By]<UL><LI><a href="#[d]">&gt;&gt;</a>&nbsp;&nbsp;&nbsp;AudioCmd
</UL>

<P><STRONG><a name="[9a]"></a>__rt_memclr</STRONG> (Thumb, 68 bytes, Stack size 0 bytes, rt_memclr.o(.text), UNUSED)
<BR><BR>[Calls]<UL><LI><a href="#[9b]">&gt;&gt;</a>&nbsp;&nbsp;&nbsp;_memset_w
</UL>

<P><STRONG><a name="[17f]"></a>_memset</STRONG> (Thumb, 0 bytes, Stack size unknown bytes, rt_memclr.o(.text), UNUSED)

<P><STRONG><a name="[180]"></a>__use_two_region_memory</STRONG> (Thumb, 2 bytes, Stack size 0 bytes, heapauxi.o(.text), UNUSED)

<P><STRONG><a name="[181]"></a>__rt_heap_escrow$2region</STRONG> (Thumb, 2 bytes, Stack size 0 bytes, heapauxi.o(.text), UNUSED)

<P><STRONG><a name="[182]"></a>__rt_heap_expand$2region</STRONG> (Thumb, 2 bytes, Stack size 0 bytes, heapauxi.o(.text), UNUSED)

<P><STRONG><a name="[99]"></a>__aeabi_memcpy4</STRONG> (Thumb, 0 bytes, Stack size 8 bytes, rt_memcpy_w.o(.text), UNUSED)
<BR><BR>[Called By]<UL><LI><a href="#[98]">&gt;&gt;</a>&nbsp;&nbsp;&nbsp;__rt_memcpy
</UL>

<P><STRONG><a name="[183]"></a>__aeabi_memcpy8</STRONG> (Thumb, 0 bytes, Stack size 8 bytes, rt_memcpy_w.o(.text), UNUSED)

<P><STRONG><a name="[184]"></a>__rt_memcpy_w</STRONG> (Thumb, 100 bytes, Stack size 8 bytes, rt_memcpy_w.o(.text), UNUSED)

<P><STRONG><a name="[185]"></a>_memcpy_lastbytes_aligned</STRONG> (Thumb, 0 bytes, Stack size unknown bytes, rt_memcpy_w.o(.text), UNUSED)

<P><STRONG><a name="[186]"></a>__aeabi_memclr4</STRONG> (Thumb, 0 bytes, Stack size 4 bytes, rt_memclr_w.o(.text), UNUSED)

<P><STRONG><a name="[187]"></a>__aeabi_memclr8</STRONG> (Thumb, 0 bytes, Stack size 4 bytes, rt_memclr_w.o(.text), UNUSED)

<P><STRONG><a name="[188]"></a>__rt_memclr_w</STRONG> (Thumb, 78 bytes, Stack size 4 bytes, rt_memclr_w.o(.text), UNUSED)

<P><STRONG><a name="[9b]"></a>_memset_w</STRONG> (Thumb, 0 bytes, Stack size unknown bytes, rt_memclr_w.o(.text), UNUSED)
<BR><BR>[Called By]<UL><LI><a href="#[9a]">&gt;&gt;</a>&nbsp;&nbsp;&nbsp;__rt_memclr
</UL>

<P><STRONG><a name="[8e]"></a>__user_setup_stackheap</STRONG> (Thumb, 74 bytes, Stack size 8 bytes, sys_stackheap_outer.o(.text))
<BR><BR>[Stack]<UL><LI>Max Depth = 8 + Unknown Stack Size
<LI>Call Chain = __user_setup_stackheap
</UL>
<BR>[Calls]<UL><LI><a href="#[9d]">&gt;&gt;</a>&nbsp;&nbsp;&nbsp;__user_initial_stackheap
<LI><a href="#[9c]">&gt;&gt;</a>&nbsp;&nbsp;&nbsp;__user_perproc_libspace
</UL>
<BR>[Called By]<UL><LI><a href="#[8d]">&gt;&gt;</a>&nbsp;&nbsp;&nbsp;__rt_entry_sh
</UL>

<P><STRONG><a name="[93]"></a>exit</STRONG> (Thumb, 18 bytes, Stack size 8 bytes, exit.o(.text))
<BR><BR>[Stack]<UL><LI>Max Depth = 8 + Unknown Stack Size
<LI>Call Chain = exit
</UL>
<BR>[Calls]<UL><LI><a href="#[9e]">&gt;&gt;</a>&nbsp;&nbsp;&nbsp;__rt_exit
</UL>
<BR>[Called By]<UL><LI><a href="#[91]">&gt;&gt;</a>&nbsp;&nbsp;&nbsp;__rt_entry_main
</UL>

<P><STRONG><a name="[189]"></a>__user_libspace</STRONG> (Thumb, 8 bytes, Stack size 0 bytes, libspace.o(.text), UNUSED)

<P><STRONG><a name="[9c]"></a>__user_perproc_libspace</STRONG> (Thumb, 0 bytes, Stack size 0 bytes, libspace.o(.text))
<BR><BR>[Called By]<UL><LI><a href="#[8e]">&gt;&gt;</a>&nbsp;&nbsp;&nbsp;__user_setup_stackheap
</UL>

<P><STRONG><a name="[18a]"></a>__user_perthread_libspace</STRONG> (Thumb, 0 bytes, Stack size 0 bytes, libspace.o(.text), UNUSED)

<P><STRONG><a name="[97]"></a>_sys_exit</STRONG> (Thumb, 8 bytes, Stack size 0 bytes, sys_exit.o(.text))
<BR><BR>[Called By]<UL><LI><a href="#[96]">&gt;&gt;</a>&nbsp;&nbsp;&nbsp;__rt_exit_exit
</UL>

<P><STRONG><a name="[18b]"></a>__I$use$semihosting</STRONG> (Thumb, 0 bytes, Stack size 0 bytes, use_no_semi.o(.text), UNUSED)

<P><STRONG><a name="[18c]"></a>__use_no_semihosting_swi</STRONG> (Thumb, 2 bytes, Stack size 0 bytes, use_no_semi.o(.text), UNUSED)

<P><STRONG><a name="[18d]"></a>__semihosting_library_function</STRONG> (Thumb, 0 bytes, Stack size unknown bytes, indicate_semi.o(.text), UNUSED)

<P><STRONG><a name="[b5]"></a>Audio_MAL_Play</STRONG> (Thumb, 92 bytes, Stack size 16 bytes, stm32f4_discovery_audio_codec.o(i.Audio_MAL_Play))
<BR><BR>[Stack]<UL><LI>Max Depth = 24<LI>Call Chain = Audio_MAL_Play &rArr; DMA_Init
</UL>
<BR>[Calls]<UL><LI><a href="#[aa]">&gt;&gt;</a>&nbsp;&nbsp;&nbsp;DMA_Init
<LI><a href="#[ab]">&gt;&gt;</a>&nbsp;&nbsp;&nbsp;DMA_Cmd
<LI><a href="#[b6]">&gt;&gt;</a>&nbsp;&nbsp;&nbsp;I2S_Cmd
</UL>
<BR>[Called By]<UL><LI><a href="#[a4]">&gt;&gt;</a>&nbsp;&nbsp;&nbsp;EVAL_AUDIO_Play
</UL>

<P><STRONG><a name="[2d]"></a>BusFault_Handler</STRONG> (Thumb, 4 bytes, Stack size 0 bytes, stm32f4xx_it.o(i.BusFault_Handler))
<BR>[Address Reference Count : 1]<UL><LI> startup_stm32f4xx.o(RESET)
</UL>
<P><STRONG><a name="[ca]"></a>Codec_TIMEOUT_UserCallback</STRONG> (Thumb, 4 bytes, Stack size 0 bytes, waveplayer.o(i.Codec_TIMEOUT_UserCallback))
<BR><BR>[Called By]<UL><LI><a href="#[c6]">&gt;&gt;</a>&nbsp;&nbsp;&nbsp;Codec_WriteRegister
<LI><a href="#[c9]">&gt;&gt;</a>&nbsp;&nbsp;&nbsp;Codec_ReadRegister
</UL>

<P><STRONG><a name="[bc]"></a>DAC_Cmd</STRONG> (Thumb, 34 bytes, Stack size 0 bytes, stm32f4xx_dac.o(i.DAC_Cmd))
<BR><BR>[Called By]<UL><LI><a href="#[b3]">&gt;&gt;</a>&nbsp;&nbsp;&nbsp;DAC_Config
<LI><a href="#[b7]">&gt;&gt;</a>&nbsp;&nbsp;&nbsp;Codec_AudioInterface_Init
</UL>

<P><STRONG><a name="[b3]"></a>DAC_Config</STRONG> (Thumb, 70 bytes, Stack size 32 bytes, stm32f4_discovery_audio_codec.o(i.DAC_Config))
<BR><BR>[Stack]<UL><LI>Max Depth = 52<LI>Call Chain = DAC_Config &rArr; GPIO_Init
</UL>
<BR>[Calls]<UL><LI><a href="#[ae]">&gt;&gt;</a>&nbsp;&nbsp;&nbsp;RCC_AHB1PeriphClockCmd
<LI><a href="#[c2]">&gt;&gt;</a>&nbsp;&nbsp;&nbsp;GPIO_Init
<LI><a href="#[b8]">&gt;&gt;</a>&nbsp;&nbsp;&nbsp;RCC_APB1PeriphClockCmd
<LI><a href="#[bb]">&gt;&gt;</a>&nbsp;&nbsp;&nbsp;DAC_Init
<LI><a href="#[bc]">&gt;&gt;</a>&nbsp;&nbsp;&nbsp;DAC_Cmd
</UL>
<BR>[Called By]<UL><LI><a href="#[ad]">&gt;&gt;</a>&nbsp;&nbsp;&nbsp;Audio_MAL_Init
</UL>

<P><STRONG><a name="[bb]"></a>DAC_Init</STRONG> (Thumb, 46 bytes, Stack size 12 bytes, stm32f4xx_dac.o(i.DAC_Init))
<BR><BR>[Stack]<UL><LI>Max Depth = 12<LI>Call Chain = DAC_Init
</UL>
<BR>[Called By]<UL><LI><a href="#[b3]">&gt;&gt;</a>&nbsp;&nbsp;&nbsp;DAC_Config
<LI><a href="#[b7]">&gt;&gt;</a>&nbsp;&nbsp;&nbsp;Codec_AudioInterface_Init
</UL>

<P><STRONG><a name="[117]"></a>DAC_SetChannel1Data</STRONG> (Thumb, 26 bytes, Stack size 8 bytes, stm32f4xx_dac.o(i.DAC_SetChannel1Data))
<BR><BR>[Stack]<UL><LI>Max Depth = 8<LI>Call Chain = DAC_SetChannel1Data
</UL>
<BR>[Called By]<UL><LI><a href="#[66]">&gt;&gt;</a>&nbsp;&nbsp;&nbsp;SPI3_IRQHandler
</UL>

<P><STRONG><a name="[d6]"></a>DCD_EP_Close</STRONG> (Thumb, 74 bytes, Stack size 16 bytes, usb_dcd.o(i.DCD_EP_Close))
<BR><BR>[Stack]<UL><LI>Max Depth = 36<LI>Call Chain = DCD_EP_Close &rArr; USB_OTG_EPDeactivate
</UL>
<BR>[Calls]<UL><LI><a href="#[d7]">&gt;&gt;</a>&nbsp;&nbsp;&nbsp;USB_OTG_EPDeactivate
</UL>
<BR>[Called By]<UL><LI><a href="#[3]">&gt;&gt;</a>&nbsp;&nbsp;&nbsp;usbd_audio_DeInit
</UL>

<P><STRONG><a name="[d8]"></a>DCD_EP_ClrStall</STRONG> (Thumb, 72 bytes, Stack size 16 bytes, usb_dcd.o(i.DCD_EP_ClrStall))
<BR><BR>[Stack]<UL><LI>Max Depth = 32<LI>Call Chain = DCD_EP_ClrStall &rArr; USB_OTG_EPClearStall
</UL>
<BR>[Calls]<UL><LI><a href="#[d9]">&gt;&gt;</a>&nbsp;&nbsp;&nbsp;USB_OTG_EPClearStall
</UL>
<BR>[Called By]<UL><LI><a href="#[14e]">&gt;&gt;</a>&nbsp;&nbsp;&nbsp;USBD_StdEPReq
</UL>

<P><STRONG><a name="[da]"></a>DCD_EP_Open</STRONG> (Thumb, 104 bytes, Stack size 24 bytes, usb_dcd.o(i.DCD_EP_Open))
<BR><BR>[Stack]<UL><LI>Max Depth = 44<LI>Call Chain = DCD_EP_Open &rArr; USB_OTG_EPActivate
</UL>
<BR>[Calls]<UL><LI><a href="#[db]">&gt;&gt;</a>&nbsp;&nbsp;&nbsp;USB_OTG_EPActivate
</UL>
<BR>[Called By]<UL><LI><a href="#[16]">&gt;&gt;</a>&nbsp;&nbsp;&nbsp;USBD_Reset
<LI><a href="#[2]">&gt;&gt;</a>&nbsp;&nbsp;&nbsp;usbd_audio_Init
</UL>

<P><STRONG><a name="[dc]"></a>DCD_EP_PrepareRx</STRONG> (Thumb, 82 bytes, Stack size 24 bytes, usb_dcd.o(i.DCD_EP_PrepareRx))
<BR><BR>[Stack]<UL><LI>Max Depth = 80<LI>Call Chain = DCD_EP_PrepareRx &rArr; USB_OTG_EPStartXfer &rArr; USB_OTG_WritePacket
</UL>
<BR>[Calls]<UL><LI><a href="#[de]">&gt;&gt;</a>&nbsp;&nbsp;&nbsp;USB_OTG_EPStartXfer
<LI><a href="#[dd]">&gt;&gt;</a>&nbsp;&nbsp;&nbsp;USB_OTG_EP0StartXfer
</UL>
<BR>[Called By]<UL><LI><a href="#[132]">&gt;&gt;</a>&nbsp;&nbsp;&nbsp;USBD_CtlReceiveStatus
<LI><a href="#[130]">&gt;&gt;</a>&nbsp;&nbsp;&nbsp;USBD_CtlContinueRx
<LI><a href="#[a2]">&gt;&gt;</a>&nbsp;&nbsp;&nbsp;USBD_CtlPrepareRx
<LI><a href="#[2]">&gt;&gt;</a>&nbsp;&nbsp;&nbsp;usbd_audio_Init
<LI><a href="#[7]">&gt;&gt;</a>&nbsp;&nbsp;&nbsp;usbd_audio_DataOut
</UL>

<P><STRONG><a name="[146]"></a>DCD_EP_SetAddress</STRONG> (Thumb, 28 bytes, Stack size 8 bytes, usb_dcd.o(i.DCD_EP_SetAddress))
<BR><BR>[Stack]<UL><LI>Max Depth = 8<LI>Call Chain = DCD_EP_SetAddress
</UL>
<BR>[Called By]<UL><LI><a href="#[145]">&gt;&gt;</a>&nbsp;&nbsp;&nbsp;USBD_SetAddress
</UL>

<P><STRONG><a name="[df]"></a>DCD_EP_Stall</STRONG> (Thumb, 72 bytes, Stack size 16 bytes, usb_dcd.o(i.DCD_EP_Stall))
<BR><BR>[Stack]<UL><LI>Max Depth = 32<LI>Call Chain = DCD_EP_Stall &rArr; USB_OTG_EPSetStall
</UL>
<BR>[Calls]<UL><LI><a href="#[e0]">&gt;&gt;</a>&nbsp;&nbsp;&nbsp;USB_OTG_EPSetStall
</UL>
<BR>[Called By]<UL><LI><a href="#[14e]">&gt;&gt;</a>&nbsp;&nbsp;&nbsp;USBD_StdEPReq
<LI><a href="#[14]">&gt;&gt;</a>&nbsp;&nbsp;&nbsp;USBD_SetupStage
<LI><a href="#[12f]">&gt;&gt;</a>&nbsp;&nbsp;&nbsp;USBD_CtlError
</UL>

<P><STRONG><a name="[e1]"></a>DCD_EP_Tx</STRONG> (Thumb, 78 bytes, Stack size 24 bytes, usb_dcd.o(i.DCD_EP_Tx))
<BR><BR>[Stack]<UL><LI>Max Depth = 80<LI>Call Chain = DCD_EP_Tx &rArr; USB_OTG_EPStartXfer &rArr; USB_OTG_WritePacket
</UL>
<BR>[Calls]<UL><LI><a href="#[de]">&gt;&gt;</a>&nbsp;&nbsp;&nbsp;USB_OTG_EPStartXfer
<LI><a href="#[dd]">&gt;&gt;</a>&nbsp;&nbsp;&nbsp;USB_OTG_EP0StartXfer
</UL>
<BR>[Called By]<UL><LI><a href="#[12e]">&gt;&gt;</a>&nbsp;&nbsp;&nbsp;USBD_CtlSendStatus
<LI><a href="#[131]">&gt;&gt;</a>&nbsp;&nbsp;&nbsp;USBD_CtlContinueSendData
<LI><a href="#[a0]">&gt;&gt;</a>&nbsp;&nbsp;&nbsp;USBD_CtlSendData
</UL>

<P><STRONG><a name="[f1]"></a>DCD_Init</STRONG> (Thumb, 156 bytes, Stack size 24 bytes, usb_dcd.o(i.DCD_Init))
<BR><BR>[Stack]<UL><LI>Max Depth = 104<LI>Call Chain = DCD_Init &rArr; USB_OTG_CoreInitDev &rArr; USB_OTG_FlushTxFifo &rArr; USB_OTG_BSP_uDelay
</UL>
<BR>[Calls]<UL><LI><a href="#[f5]">&gt;&gt;</a>&nbsp;&nbsp;&nbsp;USB_OTG_SetCurrentMode
<LI><a href="#[f2]">&gt;&gt;</a>&nbsp;&nbsp;&nbsp;USB_OTG_SelectCore
<LI><a href="#[f7]">&gt;&gt;</a>&nbsp;&nbsp;&nbsp;USB_OTG_EnableGlobalInt
<LI><a href="#[f3]">&gt;&gt;</a>&nbsp;&nbsp;&nbsp;USB_OTG_DisableGlobalInt
<LI><a href="#[f6]">&gt;&gt;</a>&nbsp;&nbsp;&nbsp;USB_OTG_CoreInitDev
<LI><a href="#[f4]">&gt;&gt;</a>&nbsp;&nbsp;&nbsp;USB_OTG_CoreInit
</UL>
<BR>[Called By]<UL><LI><a href="#[12c]">&gt;&gt;</a>&nbsp;&nbsp;&nbsp;USBD_Init
</UL>

<P><STRONG><a name="[3e]"></a>DMA1_Stream0_IRQHandler</STRONG> (Thumb, 8 bytes, Stack size 8 bytes, stm32f4_discovery_audio_codec.o(i.DMA1_Stream0_IRQHandler))
<BR><BR>[Stack]<UL><LI>Max Depth = 28<LI>Call Chain = DMA1_Stream0_IRQHandler &rArr; Audio_MAL_IRQHandler &rArr; DMA_GetFlagStatus
</UL>
<BR>[Calls]<UL><LI><a href="#[a6]">&gt;&gt;</a>&nbsp;&nbsp;&nbsp;Audio_MAL_IRQHandler
</UL>
<BR>[Address Reference Count : 1]<UL><LI> startup_stm32f4xx.o(RESET)
</UL>
<P><STRONG><a name="[62]"></a>DMA1_Stream7_IRQHandler</STRONG> (Thumb, 8 bytes, Stack size 8 bytes, stm32f4_discovery_audio_codec.o(i.DMA1_Stream7_IRQHandler))
<BR><BR>[Stack]<UL><LI>Max Depth = 28<LI>Call Chain = DMA1_Stream7_IRQHandler &rArr; Audio_MAL_IRQHandler &rArr; DMA_GetFlagStatus
</UL>
<BR>[Calls]<UL><LI><a href="#[a6]">&gt;&gt;</a>&nbsp;&nbsp;&nbsp;Audio_MAL_IRQHandler
</UL>
<BR>[Address Reference Count : 1]<UL><LI> startup_stm32f4xx.o(RESET)
</UL>
<P><STRONG><a name="[a9]"></a>DMA_ClearFlag</STRONG> (Thumb, 38 bytes, Stack size 0 bytes, stm32f4xx_dma.o(i.DMA_ClearFlag))
<BR><BR>[Called By]<UL><LI><a href="#[a6]">&gt;&gt;</a>&nbsp;&nbsp;&nbsp;Audio_MAL_IRQHandler
</UL>

<P><STRONG><a name="[ab]"></a>DMA_Cmd</STRONG> (Thumb, 22 bytes, Stack size 0 bytes, stm32f4xx_dma.o(i.DMA_Cmd))
<BR><BR>[Called By]<UL><LI><a href="#[b5]">&gt;&gt;</a>&nbsp;&nbsp;&nbsp;Audio_MAL_Play
<LI><a href="#[ad]">&gt;&gt;</a>&nbsp;&nbsp;&nbsp;Audio_MAL_Init
<LI><a href="#[a6]">&gt;&gt;</a>&nbsp;&nbsp;&nbsp;Audio_MAL_IRQHandler
</UL>

<P><STRONG><a name="[af]"></a>DMA_DeInit</STRONG> (Thumb, 324 bytes, Stack size 0 bytes, stm32f4xx_dma.o(i.DMA_DeInit))
<BR><BR>[Called By]<UL><LI><a href="#[ad]">&gt;&gt;</a>&nbsp;&nbsp;&nbsp;Audio_MAL_Init
</UL>

<P><STRONG><a name="[a8]"></a>DMA_GetCmdStatus</STRONG> (Thumb, 20 bytes, Stack size 0 bytes, stm32f4xx_dma.o(i.DMA_GetCmdStatus))
<BR><BR>[Called By]<UL><LI><a href="#[a6]">&gt;&gt;</a>&nbsp;&nbsp;&nbsp;Audio_MAL_IRQHandler
</UL>

<P><STRONG><a name="[a7]"></a>DMA_GetFlagStatus</STRONG> (Thumb, 54 bytes, Stack size 12 bytes, stm32f4xx_dma.o(i.DMA_GetFlagStatus))
<BR><BR>[Stack]<UL><LI>Max Depth = 12<LI>Call Chain = DMA_GetFlagStatus
</UL>
<BR>[Called By]<UL><LI><a href="#[a6]">&gt;&gt;</a>&nbsp;&nbsp;&nbsp;Audio_MAL_IRQHandler
</UL>

<P><STRONG><a name="[b0]"></a>DMA_ITConfig</STRONG> (Thumb, 58 bytes, Stack size 8 bytes, stm32f4xx_dma.o(i.DMA_ITConfig))
<BR><BR>[Stack]<UL><LI>Max Depth = 8<LI>Call Chain = DMA_ITConfig
</UL>
<BR>[Called By]<UL><LI><a href="#[ad]">&gt;&gt;</a>&nbsp;&nbsp;&nbsp;Audio_MAL_Init
</UL>

<P><STRONG><a name="[aa]"></a>DMA_Init</STRONG> (Thumb, 82 bytes, Stack size 8 bytes, stm32f4xx_dma.o(i.DMA_Init))
<BR><BR>[Stack]<UL><LI>Max Depth = 8<LI>Call Chain = DMA_Init
</UL>
<BR>[Called By]<UL><LI><a href="#[b5]">&gt;&gt;</a>&nbsp;&nbsp;&nbsp;Audio_MAL_Play
<LI><a href="#[ad]">&gt;&gt;</a>&nbsp;&nbsp;&nbsp;Audio_MAL_Init
<LI><a href="#[a6]">&gt;&gt;</a>&nbsp;&nbsp;&nbsp;Audio_MAL_IRQHandler
</UL>

<P><STRONG><a name="[30]"></a>DebugMon_Handler</STRONG> (Thumb, 2 bytes, Stack size 0 bytes, stm32f4xx_it.o(i.DebugMon_Handler))
<BR>[Address Reference Count : 1]<UL><LI> startup_stm32f4xx.o(RESET)
</UL>
<P><STRONG><a name="[116]"></a>EVAL_AUDIO_GetSampleCallBack</STRONG> (Thumb, 4 bytes, Stack size 0 bytes, waveplayer.o(i.EVAL_AUDIO_GetSampleCallBack))
<BR><BR>[Called By]<UL><LI><a href="#[66]">&gt;&gt;</a>&nbsp;&nbsp;&nbsp;SPI3_IRQHandler
</UL>

<P><STRONG><a name="[f9]"></a>EVAL_AUDIO_Init</STRONG> (Thumb, 58 bytes, Stack size 24 bytes, stm32f4_discovery_audio_codec.o(i.EVAL_AUDIO_Init))
<BR><BR>[Stack]<UL><LI>Max Depth = 140<LI>Call Chain = EVAL_AUDIO_Init &rArr; Codec_Init &rArr; Codec_CtrlInterface_Init &rArr; I2C_Init &rArr; RCC_GetClocksFreq
</UL>
<BR>[Calls]<UL><LI><a href="#[c4]">&gt;&gt;</a>&nbsp;&nbsp;&nbsp;Codec_Init
<LI><a href="#[ad]">&gt;&gt;</a>&nbsp;&nbsp;&nbsp;Audio_MAL_Init
</UL>
<BR>[Called By]<UL><LI><a href="#[101]">&gt;&gt;</a>&nbsp;&nbsp;&nbsp;WavePlayerInit
</UL>

<P><STRONG><a name="[fa]"></a>EVAL_AUDIO_Mute</STRONG> (Thumb, 12 bytes, Stack size 8 bytes, stm32f4_discovery_audio_codec.o(i.EVAL_AUDIO_Mute))
<BR><BR>[Stack]<UL><LI>Max Depth = 72<LI>Call Chain = EVAL_AUDIO_Mute &rArr; Codec_Mute &rArr; Codec_WriteRegister &rArr; Codec_ReadRegister &rArr; I2C_CheckEvent
</UL>
<BR>[Calls]<UL><LI><a href="#[c8]">&gt;&gt;</a>&nbsp;&nbsp;&nbsp;Codec_Mute
</UL>
<BR>[Called By]<UL><LI><a href="#[f]">&gt;&gt;</a>&nbsp;&nbsp;&nbsp;MuteCtl
</UL>

<P><STRONG><a name="[a4]"></a>EVAL_AUDIO_Play</STRONG> (Thumb, 88 bytes, Stack size 16 bytes, stm32f4_discovery_audio_codec.o(i.EVAL_AUDIO_Play))
<BR><BR>[Stack]<UL><LI>Max Depth = 40<LI>Call Chain = EVAL_AUDIO_Play &rArr; Audio_MAL_Play &rArr; DMA_Init
</UL>
<BR>[Calls]<UL><LI><a href="#[b5]">&gt;&gt;</a>&nbsp;&nbsp;&nbsp;Audio_MAL_Play
<LI><a href="#[fb]">&gt;&gt;</a>&nbsp;&nbsp;&nbsp;Codec_Play
</UL>
<BR>[Called By]<UL><LI><a href="#[d]">&gt;&gt;</a>&nbsp;&nbsp;&nbsp;AudioCmd
</UL>

<P><STRONG><a name="[158]"></a>EVAL_AUDIO_SetAudioInterface</STRONG> (Thumb, 156 bytes, Stack size 0 bytes, stm32f4_discovery_audio_codec.o(i.EVAL_AUDIO_SetAudioInterface))
<BR><BR>[Called By]<UL><LI><a href="#[101]">&gt;&gt;</a>&nbsp;&nbsp;&nbsp;WavePlayerInit
</UL>

<P><STRONG><a name="[ac]"></a>EVAL_AUDIO_TransferComplete_CallBack</STRONG> (Thumb, 2 bytes, Stack size 0 bytes, waveplayer.o(i.EVAL_AUDIO_TransferComplete_CallBack))
<BR><BR>[Called By]<UL><LI><a href="#[a6]">&gt;&gt;</a>&nbsp;&nbsp;&nbsp;Audio_MAL_IRQHandler
</UL>

<P><STRONG><a name="[fc]"></a>EVAL_AUDIO_VolumeCtl</STRONG> (Thumb, 32 bytes, Stack size 16 bytes, stm32f4_discovery_audio_codec.o(i.EVAL_AUDIO_VolumeCtl))
<BR><BR>[Stack]<UL><LI>Max Depth = 80<LI>Call Chain = EVAL_AUDIO_VolumeCtl &rArr; Codec_VolumeCtrl &rArr; Codec_WriteRegister &rArr; Codec_ReadRegister &rArr; I2C_CheckEvent
</UL>
<BR>[Calls]<UL><LI><a href="#[c7]">&gt;&gt;</a>&nbsp;&nbsp;&nbsp;Codec_VolumeCtrl
</UL>
<BR>[Called By]<UL><LI><a href="#[e]">&gt;&gt;</a>&nbsp;&nbsp;&nbsp;VolumeCtl
</UL>

<P><STRONG><a name="[3a]"></a>EXTI1_IRQHandler</STRONG> (Thumb, 50 bytes, Stack size 8 bytes, stm32f4xx_it.o(i.EXTI1_IRQHandler))
<BR><BR>[Stack]<UL><LI>Max Depth = 8<LI>Call Chain = EXTI1_IRQHandler
</UL>
<BR>[Calls]<UL><LI><a href="#[fd]">&gt;&gt;</a>&nbsp;&nbsp;&nbsp;EXTI_GetITStatus
<LI><a href="#[fe]">&gt;&gt;</a>&nbsp;&nbsp;&nbsp;EXTI_ClearITPendingBit
</UL>
<BR>[Address Reference Count : 1]<UL><LI> startup_stm32f4xx.o(RESET)
</UL>
<P><STRONG><a name="[fe]"></a>EXTI_ClearITPendingBit</STRONG> (Thumb, 6 bytes, Stack size 0 bytes, stm32f4xx_exti.o(i.EXTI_ClearITPendingBit))
<BR><BR>[Called By]<UL><LI><a href="#[13b]">&gt;&gt;</a>&nbsp;&nbsp;&nbsp;USB_OTG_BSP_Init
<LI><a href="#[5d]">&gt;&gt;</a>&nbsp;&nbsp;&nbsp;OTG_FS_WKUP_IRQHandler
<LI><a href="#[3a]">&gt;&gt;</a>&nbsp;&nbsp;&nbsp;EXTI1_IRQHandler
</UL>

<P><STRONG><a name="[fd]"></a>EXTI_GetITStatus</STRONG> (Thumb, 34 bytes, Stack size 0 bytes, stm32f4xx_exti.o(i.EXTI_GetITStatus))
<BR><BR>[Called By]<UL><LI><a href="#[3a]">&gt;&gt;</a>&nbsp;&nbsp;&nbsp;EXTI1_IRQHandler
</UL>

<P><STRONG><a name="[c2]"></a>GPIO_Init</STRONG> (Thumb, 144 bytes, Stack size 20 bytes, stm32f4xx_gpio.o(i.GPIO_Init))
<BR><BR>[Stack]<UL><LI>Max Depth = 20<LI>Call Chain = GPIO_Init
</UL>
<BR>[Called By]<UL><LI><a href="#[13b]">&gt;&gt;</a>&nbsp;&nbsp;&nbsp;USB_OTG_BSP_Init
<LI><a href="#[119]">&gt;&gt;</a>&nbsp;&nbsp;&nbsp;STM_EVAL_LEDInit
<LI><a href="#[103]">&gt;&gt;</a>&nbsp;&nbsp;&nbsp;LIS302DL_LowLevel_Init
<LI><a href="#[b3]">&gt;&gt;</a>&nbsp;&nbsp;&nbsp;DAC_Config
<LI><a href="#[c1]">&gt;&gt;</a>&nbsp;&nbsp;&nbsp;Codec_GPIO_Init
</UL>

<P><STRONG><a name="[c3]"></a>GPIO_PinAFConfig</STRONG> (Thumb, 70 bytes, Stack size 20 bytes, stm32f4xx_gpio.o(i.GPIO_PinAFConfig))
<BR><BR>[Stack]<UL><LI>Max Depth = 20<LI>Call Chain = GPIO_PinAFConfig
</UL>
<BR>[Called By]<UL><LI><a href="#[13b]">&gt;&gt;</a>&nbsp;&nbsp;&nbsp;USB_OTG_BSP_Init
<LI><a href="#[103]">&gt;&gt;</a>&nbsp;&nbsp;&nbsp;LIS302DL_LowLevel_Init
<LI><a href="#[c1]">&gt;&gt;</a>&nbsp;&nbsp;&nbsp;Codec_GPIO_Init
</UL>

<P><STRONG><a name="[10b]"></a>GPIO_ResetBits</STRONG> (Thumb, 4 bytes, Stack size 0 bytes, stm32f4xx_gpio.o(i.GPIO_ResetBits))
<BR><BR>[Called By]<UL><LI><a href="#[104]">&gt;&gt;</a>&nbsp;&nbsp;&nbsp;LIS302DL_Write
<LI><a href="#[106]">&gt;&gt;</a>&nbsp;&nbsp;&nbsp;LIS302DL_Read
</UL>

<P><STRONG><a name="[10a]"></a>GPIO_SetBits</STRONG> (Thumb, 4 bytes, Stack size 0 bytes, stm32f4xx_gpio.o(i.GPIO_SetBits))
<BR><BR>[Called By]<UL><LI><a href="#[104]">&gt;&gt;</a>&nbsp;&nbsp;&nbsp;LIS302DL_Write
<LI><a href="#[106]">&gt;&gt;</a>&nbsp;&nbsp;&nbsp;LIS302DL_Read
<LI><a href="#[103]">&gt;&gt;</a>&nbsp;&nbsp;&nbsp;LIS302DL_LowLevel_Init
</UL>

<P><STRONG><a name="[d4]"></a>GPIO_WriteBit</STRONG> (Thumb, 10 bytes, Stack size 0 bytes, stm32f4xx_gpio.o(i.GPIO_WriteBit))
<BR><BR>[Called By]<UL><LI><a href="#[c5]">&gt;&gt;</a>&nbsp;&nbsp;&nbsp;Codec_Reset
</UL>

<P><STRONG><a name="[2b]"></a>HardFault_Handler</STRONG> (Thumb, 4 bytes, Stack size 0 bytes, stm32f4xx_it.o(i.HardFault_Handler))
<BR>[Address Reference Count : 1]<UL><LI> startup_stm32f4xx.o(RESET)
</UL>
<P><STRONG><a name="[d0]"></a>I2C_AcknowledgeConfig</STRONG> (Thumb, 24 bytes, Stack size 0 bytes, stm32f4xx_i2c.o(i.I2C_AcknowledgeConfig))
<BR><BR>[Called By]<UL><LI><a href="#[c9]">&gt;&gt;</a>&nbsp;&nbsp;&nbsp;Codec_ReadRegister
</UL>

<P><STRONG><a name="[cd]"></a>I2C_CheckEvent</STRONG> (Thumb, 42 bytes, Stack size 16 bytes, stm32f4xx_i2c.o(i.I2C_CheckEvent))
<BR><BR>[Stack]<UL><LI>Max Depth = 16<LI>Call Chain = I2C_CheckEvent
</UL>
<BR>[Called By]<UL><LI><a href="#[c6]">&gt;&gt;</a>&nbsp;&nbsp;&nbsp;Codec_WriteRegister
<LI><a href="#[c9]">&gt;&gt;</a>&nbsp;&nbsp;&nbsp;Codec_ReadRegister
</UL>

<P><STRONG><a name="[d3]"></a>I2C_ClearFlag</STRONG> (Thumb, 12 bytes, Stack size 0 bytes, stm32f4xx_i2c.o(i.I2C_ClearFlag))
<BR><BR>[Called By]<UL><LI><a href="#[c9]">&gt;&gt;</a>&nbsp;&nbsp;&nbsp;Codec_ReadRegister
</UL>

<P><STRONG><a name="[bf]"></a>I2C_Cmd</STRONG> (Thumb, 24 bytes, Stack size 0 bytes, stm32f4xx_i2c.o(i.I2C_Cmd))
<BR><BR>[Called By]<UL><LI><a href="#[bd]">&gt;&gt;</a>&nbsp;&nbsp;&nbsp;Codec_CtrlInterface_Init
</UL>

<P><STRONG><a name="[be]"></a>I2C_DeInit</STRONG> (Thumb, 82 bytes, Stack size 8 bytes, stm32f4xx_i2c.o(i.I2C_DeInit))
<BR><BR>[Stack]<UL><LI>Max Depth = 8<LI>Call Chain = I2C_DeInit
</UL>
<BR>[Calls]<UL><LI><a href="#[ff]">&gt;&gt;</a>&nbsp;&nbsp;&nbsp;RCC_APB1PeriphResetCmd
</UL>
<BR>[Called By]<UL><LI><a href="#[bd]">&gt;&gt;</a>&nbsp;&nbsp;&nbsp;Codec_CtrlInterface_Init
</UL>

<P><STRONG><a name="[cc]"></a>I2C_GenerateSTART</STRONG> (Thumb, 24 bytes, Stack size 0 bytes, stm32f4xx_i2c.o(i.I2C_GenerateSTART))
<BR><BR>[Called By]<UL><LI><a href="#[c6]">&gt;&gt;</a>&nbsp;&nbsp;&nbsp;Codec_WriteRegister
<LI><a href="#[c9]">&gt;&gt;</a>&nbsp;&nbsp;&nbsp;Codec_ReadRegister
</UL>

<P><STRONG><a name="[d1]"></a>I2C_GenerateSTOP</STRONG> (Thumb, 24 bytes, Stack size 0 bytes, stm32f4xx_i2c.o(i.I2C_GenerateSTOP))
<BR><BR>[Called By]<UL><LI><a href="#[c6]">&gt;&gt;</a>&nbsp;&nbsp;&nbsp;Codec_WriteRegister
<LI><a href="#[c9]">&gt;&gt;</a>&nbsp;&nbsp;&nbsp;Codec_ReadRegister
</UL>

<P><STRONG><a name="[cb]"></a>I2C_GetFlagStatus</STRONG> (Thumb, 58 bytes, Stack size 12 bytes, stm32f4xx_i2c.o(i.I2C_GetFlagStatus))
<BR><BR>[Stack]<UL><LI>Max Depth = 12<LI>Call Chain = I2C_GetFlagStatus
</UL>
<BR>[Called By]<UL><LI><a href="#[c6]">&gt;&gt;</a>&nbsp;&nbsp;&nbsp;Codec_WriteRegister
<LI><a href="#[c9]">&gt;&gt;</a>&nbsp;&nbsp;&nbsp;Codec_ReadRegister
</UL>

<P><STRONG><a name="[c0]"></a>I2C_Init</STRONG> (Thumb, 218 bytes, Stack size 48 bytes, stm32f4xx_i2c.o(i.I2C_Init))
<BR><BR>[Stack]<UL><LI>Max Depth = 68<LI>Call Chain = I2C_Init &rArr; RCC_GetClocksFreq
</UL>
<BR>[Calls]<UL><LI><a href="#[100]">&gt;&gt;</a>&nbsp;&nbsp;&nbsp;RCC_GetClocksFreq
</UL>
<BR>[Called By]<UL><LI><a href="#[bd]">&gt;&gt;</a>&nbsp;&nbsp;&nbsp;Codec_CtrlInterface_Init
</UL>

<P><STRONG><a name="[d2]"></a>I2C_ReceiveData</STRONG> (Thumb, 8 bytes, Stack size 0 bytes, stm32f4xx_i2c.o(i.I2C_ReceiveData))
<BR><BR>[Called By]<UL><LI><a href="#[c9]">&gt;&gt;</a>&nbsp;&nbsp;&nbsp;Codec_ReadRegister
</UL>

<P><STRONG><a name="[ce]"></a>I2C_Send7bitAddress</STRONG> (Thumb, 16 bytes, Stack size 0 bytes, stm32f4xx_i2c.o(i.I2C_Send7bitAddress))
<BR><BR>[Called By]<UL><LI><a href="#[c6]">&gt;&gt;</a>&nbsp;&nbsp;&nbsp;Codec_WriteRegister
<LI><a href="#[c9]">&gt;&gt;</a>&nbsp;&nbsp;&nbsp;Codec_ReadRegister
</UL>

<P><STRONG><a name="[cf]"></a>I2C_SendData</STRONG> (Thumb, 4 bytes, Stack size 0 bytes, stm32f4xx_i2c.o(i.I2C_SendData))
<BR><BR>[Called By]<UL><LI><a href="#[c6]">&gt;&gt;</a>&nbsp;&nbsp;&nbsp;Codec_WriteRegister
<LI><a href="#[c9]">&gt;&gt;</a>&nbsp;&nbsp;&nbsp;Codec_ReadRegister
</UL>

<P><STRONG><a name="[b6]"></a>I2S_Cmd</STRONG> (Thumb, 24 bytes, Stack size 0 bytes, stm32f4xx_spi.o(i.I2S_Cmd))
<BR><BR>[Called By]<UL><LI><a href="#[b5]">&gt;&gt;</a>&nbsp;&nbsp;&nbsp;Audio_MAL_Play
</UL>

<P><STRONG><a name="[ba]"></a>I2S_Init</STRONG> (Thumb, 350 bytes, Stack size 36 bytes, stm32f4xx_spi.o(i.I2S_Init))
<BR><BR>[Stack]<UL><LI>Max Depth = 36<LI>Call Chain = I2S_Init
</UL>
<BR>[Called By]<UL><LI><a href="#[b7]">&gt;&gt;</a>&nbsp;&nbsp;&nbsp;Codec_AudioInterface_Init
</UL>

<P><STRONG><a name="[102]"></a>LIS302DL_Init</STRONG> (Thumb, 44 bytes, Stack size 16 bytes, stm32f4_discovery_lis302dl.o(i.LIS302DL_Init))
<BR><BR>[Stack]<UL><LI>Max Depth = 68<LI>Call Chain = LIS302DL_Init &rArr; LIS302DL_LowLevel_Init &rArr; GPIO_PinAFConfig
</UL>
<BR>[Calls]<UL><LI><a href="#[104]">&gt;&gt;</a>&nbsp;&nbsp;&nbsp;LIS302DL_Write
<LI><a href="#[103]">&gt;&gt;</a>&nbsp;&nbsp;&nbsp;LIS302DL_LowLevel_Init
</UL>
<BR>[Called By]<UL><LI><a href="#[111]">&gt;&gt;</a>&nbsp;&nbsp;&nbsp;Mems_Config
</UL>

<P><STRONG><a name="[105]"></a>LIS302DL_InterruptConfig</STRONG> (Thumb, 42 bytes, Stack size 16 bytes, stm32f4_discovery_lis302dl.o(i.LIS302DL_InterruptConfig))
<BR><BR>[Stack]<UL><LI>Max Depth = 40<LI>Call Chain = LIS302DL_InterruptConfig &rArr; LIS302DL_Write &rArr; LIS302DL_SendByte
</UL>
<BR>[Calls]<UL><LI><a href="#[104]">&gt;&gt;</a>&nbsp;&nbsp;&nbsp;LIS302DL_Write
<LI><a href="#[106]">&gt;&gt;</a>&nbsp;&nbsp;&nbsp;LIS302DL_Read
</UL>
<BR>[Called By]<UL><LI><a href="#[111]">&gt;&gt;</a>&nbsp;&nbsp;&nbsp;Mems_Config
</UL>

<P><STRONG><a name="[106]"></a>LIS302DL_Read</STRONG> (Thumb, 66 bytes, Stack size 16 bytes, stm32f4_discovery_lis302dl.o(i.LIS302DL_Read))
<BR><BR>[Stack]<UL><LI>Max Depth = 24<LI>Call Chain = LIS302DL_Read &rArr; LIS302DL_SendByte
</UL>
<BR>[Calls]<UL><LI><a href="#[10a]">&gt;&gt;</a>&nbsp;&nbsp;&nbsp;GPIO_SetBits
<LI><a href="#[10b]">&gt;&gt;</a>&nbsp;&nbsp;&nbsp;GPIO_ResetBits
<LI><a href="#[10c]">&gt;&gt;</a>&nbsp;&nbsp;&nbsp;LIS302DL_SendByte
</UL>
<BR>[Called By]<UL><LI><a href="#[105]">&gt;&gt;</a>&nbsp;&nbsp;&nbsp;LIS302DL_InterruptConfig
<LI><a href="#[51]">&gt;&gt;</a>&nbsp;&nbsp;&nbsp;TIM4_IRQHandler
</UL>

<P><STRONG><a name="[10d]"></a>LIS302DL_TIMEOUT_UserCallback</STRONG> (Thumb, 4 bytes, Stack size 0 bytes, waveplayer.o(i.LIS302DL_TIMEOUT_UserCallback))
<BR><BR>[Called By]<UL><LI><a href="#[10c]">&gt;&gt;</a>&nbsp;&nbsp;&nbsp;LIS302DL_SendByte
</UL>

<P><STRONG><a name="[104]"></a>LIS302DL_Write</STRONG> (Thumb, 58 bytes, Stack size 16 bytes, stm32f4_discovery_lis302dl.o(i.LIS302DL_Write))
<BR><BR>[Stack]<UL><LI>Max Depth = 24<LI>Call Chain = LIS302DL_Write &rArr; LIS302DL_SendByte
</UL>
<BR>[Calls]<UL><LI><a href="#[10a]">&gt;&gt;</a>&nbsp;&nbsp;&nbsp;GPIO_SetBits
<LI><a href="#[10b]">&gt;&gt;</a>&nbsp;&nbsp;&nbsp;GPIO_ResetBits
<LI><a href="#[10c]">&gt;&gt;</a>&nbsp;&nbsp;&nbsp;LIS302DL_SendByte
</UL>
<BR>[Called By]<UL><LI><a href="#[105]">&gt;&gt;</a>&nbsp;&nbsp;&nbsp;LIS302DL_InterruptConfig
<LI><a href="#[102]">&gt;&gt;</a>&nbsp;&nbsp;&nbsp;LIS302DL_Init
<LI><a href="#[111]">&gt;&gt;</a>&nbsp;&nbsp;&nbsp;Mems_Config
</UL>

<P><STRONG><a name="[2c]"></a>MemManage_Handler</STRONG> (Thumb, 4 bytes, Stack size 0 bytes, stm32f4xx_it.o(i.MemManage_Handler))
<BR>[Address Reference Count : 1]<UL><LI> startup_stm32f4xx.o(RESET)
</UL>
<P><STRONG><a name="[2a]"></a>NMI_Handler</STRONG> (Thumb, 2 bytes, Stack size 0 bytes, stm32f4xx_it.o(i.NMI_Handler))
<BR>[Address Reference Count : 1]<UL><LI> startup_stm32f4xx.o(RESET)
</UL>
<P><STRONG><a name="[b1]"></a>NVIC_Init</STRONG> (Thumb, 106 bytes, Stack size 16 bytes, misc.o(i.NVIC_Init))
<BR><BR>[Stack]<UL><LI>Max Depth = 16<LI>Call Chain = NVIC_Init
</UL>
<BR>[Called By]<UL><LI><a href="#[13d]">&gt;&gt;</a>&nbsp;&nbsp;&nbsp;USB_OTG_BSP_EnableInterrupt
<LI><a href="#[123]">&gt;&gt;</a>&nbsp;&nbsp;&nbsp;TIM_LED_Config
<LI><a href="#[ad]">&gt;&gt;</a>&nbsp;&nbsp;&nbsp;Audio_MAL_Init
</UL>

<P><STRONG><a name="[124]"></a>NVIC_PriorityGroupConfig</STRONG> (Thumb, 10 bytes, Stack size 0 bytes, misc.o(i.NVIC_PriorityGroupConfig))
<BR><BR>[Called By]<UL><LI><a href="#[13d]">&gt;&gt;</a>&nbsp;&nbsp;&nbsp;USB_OTG_BSP_EnableInterrupt
<LI><a href="#[123]">&gt;&gt;</a>&nbsp;&nbsp;&nbsp;TIM_LED_Config
</UL>

<P><STRONG><a name="[76]"></a>OTG_FS_IRQHandler</STRONG> (Thumb, 10 bytes, Stack size 8 bytes, stm32f4xx_it.o(i.OTG_FS_IRQHandler))
<BR><BR>[Stack]<UL><LI>Max Depth = 112<LI>Call Chain = OTG_FS_IRQHandler &rArr; USBD_OTG_ISR_Handler &rArr; DCD_HandleInEP_ISR &rArr; DCD_WriteEmptyTxFifo &rArr; USB_OTG_WritePacket
</UL>
<BR>[Calls]<UL><LI><a href="#[112]">&gt;&gt;</a>&nbsp;&nbsp;&nbsp;USBD_OTG_ISR_Handler
</UL>
<BR>[Address Reference Count : 1]<UL><LI> startup_stm32f4xx.o(RESET)
</UL>
<P><STRONG><a name="[5d]"></a>OTG_FS_WKUP_IRQHandler</STRONG> (Thumb, 40 bytes, Stack size 8 bytes, stm32f4xx_it.o(i.OTG_FS_WKUP_IRQHandler))
<BR><BR>[Stack]<UL><LI>Max Depth = 28<LI>Call Chain = OTG_FS_WKUP_IRQHandler &rArr; SystemInit &rArr; SetSysClock
</UL>
<BR>[Calls]<UL><LI><a href="#[113]">&gt;&gt;</a>&nbsp;&nbsp;&nbsp;USB_OTG_UngateClock
<LI><a href="#[85]">&gt;&gt;</a>&nbsp;&nbsp;&nbsp;SystemInit
<LI><a href="#[fe]">&gt;&gt;</a>&nbsp;&nbsp;&nbsp;EXTI_ClearITPendingBit
</UL>
<BR>[Address Reference Count : 1]<UL><LI> startup_stm32f4xx.o(RESET)
</UL>
<P><STRONG><a name="[31]"></a>PendSV_Handler</STRONG> (Thumb, 2 bytes, Stack size 0 bytes, stm32f4xx_it.o(i.PendSV_Handler))
<BR>[Address Reference Count : 1]<UL><LI> startup_stm32f4xx.o(RESET)
</UL>
<P><STRONG><a name="[ae]"></a>RCC_AHB1PeriphClockCmd</STRONG> (Thumb, 26 bytes, Stack size 0 bytes, stm32f4xx_rcc.o(i.RCC_AHB1PeriphClockCmd))
<BR><BR>[Called By]<UL><LI><a href="#[13b]">&gt;&gt;</a>&nbsp;&nbsp;&nbsp;USB_OTG_BSP_Init
<LI><a href="#[119]">&gt;&gt;</a>&nbsp;&nbsp;&nbsp;STM_EVAL_LEDInit
<LI><a href="#[103]">&gt;&gt;</a>&nbsp;&nbsp;&nbsp;LIS302DL_LowLevel_Init
<LI><a href="#[b3]">&gt;&gt;</a>&nbsp;&nbsp;&nbsp;DAC_Config
<LI><a href="#[c1]">&gt;&gt;</a>&nbsp;&nbsp;&nbsp;Codec_GPIO_Init
<LI><a href="#[ad]">&gt;&gt;</a>&nbsp;&nbsp;&nbsp;Audio_MAL_Init
</UL>

<P><STRONG><a name="[14f]"></a>RCC_AHB2PeriphClockCmd</STRONG> (Thumb, 26 bytes, Stack size 0 bytes, stm32f4xx_rcc.o(i.RCC_AHB2PeriphClockCmd))
<BR><BR>[Called By]<UL><LI><a href="#[13b]">&gt;&gt;</a>&nbsp;&nbsp;&nbsp;USB_OTG_BSP_Init
</UL>

<P><STRONG><a name="[b8]"></a>RCC_APB1PeriphClockCmd</STRONG> (Thumb, 26 bytes, Stack size 0 bytes, stm32f4xx_rcc.o(i.RCC_APB1PeriphClockCmd))
<BR><BR>[Called By]<UL><LI><a href="#[123]">&gt;&gt;</a>&nbsp;&nbsp;&nbsp;TIM_LED_Config
<LI><a href="#[b3]">&gt;&gt;</a>&nbsp;&nbsp;&nbsp;DAC_Config
<LI><a href="#[bd]">&gt;&gt;</a>&nbsp;&nbsp;&nbsp;Codec_CtrlInterface_Init
<LI><a href="#[b7]">&gt;&gt;</a>&nbsp;&nbsp;&nbsp;Codec_AudioInterface_Init
</UL>

<P><STRONG><a name="[ff]"></a>RCC_APB1PeriphResetCmd</STRONG> (Thumb, 26 bytes, Stack size 0 bytes, stm32f4xx_rcc.o(i.RCC_APB1PeriphResetCmd))
<BR><BR>[Called By]<UL><LI><a href="#[13b]">&gt;&gt;</a>&nbsp;&nbsp;&nbsp;USB_OTG_BSP_Init
<LI><a href="#[be]">&gt;&gt;</a>&nbsp;&nbsp;&nbsp;I2C_DeInit
<LI><a href="#[b9]">&gt;&gt;</a>&nbsp;&nbsp;&nbsp;SPI_I2S_DeInit
</UL>

<P><STRONG><a name="[107]"></a>RCC_APB2PeriphClockCmd</STRONG> (Thumb, 26 bytes, Stack size 0 bytes, stm32f4xx_rcc.o(i.RCC_APB2PeriphClockCmd))
<BR><BR>[Called By]<UL><LI><a href="#[13b]">&gt;&gt;</a>&nbsp;&nbsp;&nbsp;USB_OTG_BSP_Init
<LI><a href="#[103]">&gt;&gt;</a>&nbsp;&nbsp;&nbsp;LIS302DL_LowLevel_Init
</UL>

<P><STRONG><a name="[118]"></a>RCC_APB2PeriphResetCmd</STRONG> (Thumb, 26 bytes, Stack size 0 bytes, stm32f4xx_rcc.o(i.RCC_APB2PeriphResetCmd))
<BR><BR>[Called By]<UL><LI><a href="#[b9]">&gt;&gt;</a>&nbsp;&nbsp;&nbsp;SPI_I2S_DeInit
</UL>

<P><STRONG><a name="[100]"></a>RCC_GetClocksFreq</STRONG> (Thumb, 214 bytes, Stack size 20 bytes, stm32f4xx_rcc.o(i.RCC_GetClocksFreq))
<BR><BR>[Stack]<UL><LI>Max Depth = 20<LI>Call Chain = RCC_GetClocksFreq
</UL>
<BR>[Called By]<UL><LI><a href="#[92]">&gt;&gt;</a>&nbsp;&nbsp;&nbsp;main
<LI><a href="#[c0]">&gt;&gt;</a>&nbsp;&nbsp;&nbsp;I2C_Init
</UL>

<P><STRONG><a name="[115]"></a>RCC_GetFlagStatus</STRONG> (Thumb, 60 bytes, Stack size 8 bytes, stm32f4xx_rcc.o(i.RCC_GetFlagStatus))
<BR><BR>[Stack]<UL><LI>Max Depth = 8<LI>Call Chain = RCC_GetFlagStatus
</UL>
<BR>[Called By]<UL><LI><a href="#[114]">&gt;&gt;</a>&nbsp;&nbsp;&nbsp;RCC_WaitForHSEStartUp
</UL>

<P><STRONG><a name="[159]"></a>RCC_HSEConfig</STRONG> (Thumb, 12 bytes, Stack size 0 bytes, stm32f4xx_rcc.o(i.RCC_HSEConfig))
<BR><BR>[Called By]<UL><LI><a href="#[92]">&gt;&gt;</a>&nbsp;&nbsp;&nbsp;main
</UL>

<P><STRONG><a name="[114]"></a>RCC_WaitForHSEStartUp</STRONG> (Thumb, 56 bytes, Stack size 16 bytes, stm32f4xx_rcc.o(i.RCC_WaitForHSEStartUp))
<BR><BR>[Stack]<UL><LI>Max Depth = 24<LI>Call Chain = RCC_WaitForHSEStartUp &rArr; RCC_GetFlagStatus
</UL>
<BR>[Calls]<UL><LI><a href="#[115]">&gt;&gt;</a>&nbsp;&nbsp;&nbsp;RCC_GetFlagStatus
</UL>
<BR>[Called By]<UL><LI><a href="#[92]">&gt;&gt;</a>&nbsp;&nbsp;&nbsp;main
</UL>

<P><STRONG><a name="[66]"></a>SPI3_IRQHandler</STRONG> (Thumb, 50 bytes, Stack size 8 bytes, stm32f4_discovery_audio_codec.o(i.SPI3_IRQHandler))
<BR><BR>[Stack]<UL><LI>Max Depth = 16<LI>Call Chain = SPI3_IRQHandler &rArr; DAC_SetChannel1Data
</UL>
<BR>[Calls]<UL><LI><a href="#[116]">&gt;&gt;</a>&nbsp;&nbsp;&nbsp;EVAL_AUDIO_GetSampleCallBack
<LI><a href="#[117]">&gt;&gt;</a>&nbsp;&nbsp;&nbsp;DAC_SetChannel1Data
<LI><a href="#[10f]">&gt;&gt;</a>&nbsp;&nbsp;&nbsp;SPI_I2S_SendData
<LI><a href="#[10e]">&gt;&gt;</a>&nbsp;&nbsp;&nbsp;SPI_I2S_GetFlagStatus
</UL>
<BR>[Address Reference Count : 1]<UL><LI> startup_stm32f4xx.o(RESET)
</UL>
<P><STRONG><a name="[109]"></a>SPI_Cmd</STRONG> (Thumb, 24 bytes, Stack size 0 bytes, stm32f4xx_spi.o(i.SPI_Cmd))
<BR><BR>[Called By]<UL><LI><a href="#[103]">&gt;&gt;</a>&nbsp;&nbsp;&nbsp;LIS302DL_LowLevel_Init
</UL>

<P><STRONG><a name="[b2]"></a>SPI_I2S_DMACmd</STRONG> (Thumb, 18 bytes, Stack size 0 bytes, stm32f4xx_spi.o(i.SPI_I2S_DMACmd))
<BR><BR>[Called By]<UL><LI><a href="#[ad]">&gt;&gt;</a>&nbsp;&nbsp;&nbsp;Audio_MAL_Init
</UL>

<P><STRONG><a name="[b9]"></a>SPI_I2S_DeInit</STRONG> (Thumb, 76 bytes, Stack size 8 bytes, stm32f4xx_spi.o(i.SPI_I2S_DeInit))
<BR><BR>[Stack]<UL><LI>Max Depth = 8<LI>Call Chain = SPI_I2S_DeInit
</UL>
<BR>[Calls]<UL><LI><a href="#[ff]">&gt;&gt;</a>&nbsp;&nbsp;&nbsp;RCC_APB1PeriphResetCmd
<LI><a href="#[118]">&gt;&gt;</a>&nbsp;&nbsp;&nbsp;RCC_APB2PeriphResetCmd
</UL>
<BR>[Called By]<UL><LI><a href="#[103]">&gt;&gt;</a>&nbsp;&nbsp;&nbsp;LIS302DL_LowLevel_Init
<LI><a href="#[b7]">&gt;&gt;</a>&nbsp;&nbsp;&nbsp;Codec_AudioInterface_Init
</UL>

<P><STRONG><a name="[10e]"></a>SPI_I2S_GetFlagStatus</STRONG> (Thumb, 18 bytes, Stack size 0 bytes, stm32f4xx_spi.o(i.SPI_I2S_GetFlagStatus))
<BR><BR>[Called By]<UL><LI><a href="#[10c]">&gt;&gt;</a>&nbsp;&nbsp;&nbsp;LIS302DL_SendByte
<LI><a href="#[66]">&gt;&gt;</a>&nbsp;&nbsp;&nbsp;SPI3_IRQHandler
</UL>

<P><STRONG><a name="[b4]"></a>SPI_I2S_ITConfig</STRONG> (Thumb, 32 bytes, Stack size 12 bytes, stm32f4xx_spi.o(i.SPI_I2S_ITConfig))
<BR><BR>[Stack]<UL><LI>Max Depth = 12<LI>Call Chain = SPI_I2S_ITConfig
</UL>
<BR>[Called By]<UL><LI><a href="#[ad]">&gt;&gt;</a>&nbsp;&nbsp;&nbsp;Audio_MAL_Init
</UL>

<P><STRONG><a name="[110]"></a>SPI_I2S_ReceiveData</STRONG> (Thumb, 6 bytes, Stack size 0 bytes, stm32f4xx_spi.o(i.SPI_I2S_ReceiveData))
<BR><BR>[Called By]<UL><LI><a href="#[10c]">&gt;&gt;</a>&nbsp;&nbsp;&nbsp;LIS302DL_SendByte
</UL>

<P><STRONG><a name="[10f]"></a>SPI_I2S_SendData</STRONG> (Thumb, 4 bytes, Stack size 0 bytes, stm32f4xx_spi.o(i.SPI_I2S_SendData))
<BR><BR>[Called By]<UL><LI><a href="#[10c]">&gt;&gt;</a>&nbsp;&nbsp;&nbsp;LIS302DL_SendByte
<LI><a href="#[66]">&gt;&gt;</a>&nbsp;&nbsp;&nbsp;SPI3_IRQHandler
</UL>

<P><STRONG><a name="[108]"></a>SPI_Init</STRONG> (Thumb, 60 bytes, Stack size 8 bytes, stm32f4xx_spi.o(i.SPI_Init))
<BR><BR>[Stack]<UL><LI>Max Depth = 8<LI>Call Chain = SPI_Init
</UL>
<BR>[Called By]<UL><LI><a href="#[103]">&gt;&gt;</a>&nbsp;&nbsp;&nbsp;LIS302DL_LowLevel_Init
</UL>

<P><STRONG><a name="[119]"></a>STM_EVAL_LEDInit</STRONG> (Thumb, 62 bytes, Stack size 16 bytes, stm32f4_discovery.o(i.STM_EVAL_LEDInit))
<BR><BR>[Stack]<UL><LI>Max Depth = 36<LI>Call Chain = STM_EVAL_LEDInit &rArr; GPIO_Init
</UL>
<BR>[Calls]<UL><LI><a href="#[ae]">&gt;&gt;</a>&nbsp;&nbsp;&nbsp;RCC_AHB1PeriphClockCmd
<LI><a href="#[c2]">&gt;&gt;</a>&nbsp;&nbsp;&nbsp;GPIO_Init
</UL>
<BR>[Called By]<UL><LI><a href="#[92]">&gt;&gt;</a>&nbsp;&nbsp;&nbsp;main
<LI><a href="#[123]">&gt;&gt;</a>&nbsp;&nbsp;&nbsp;TIM_LED_Config
</UL>

<P><STRONG><a name="[11f]"></a>STM_EVAL_LEDOff</STRONG> (Thumb, 16 bytes, Stack size 0 bytes, stm32f4_discovery.o(i.STM_EVAL_LEDOff))
<BR><BR>[Called By]<UL><LI><a href="#[51]">&gt;&gt;</a>&nbsp;&nbsp;&nbsp;TIM4_IRQHandler
</UL>

<P><STRONG><a name="[120]"></a>STM_EVAL_LEDOn</STRONG> (Thumb, 16 bytes, Stack size 0 bytes, stm32f4_discovery.o(i.STM_EVAL_LEDOn))
<BR><BR>[Called By]<UL><LI><a href="#[51]">&gt;&gt;</a>&nbsp;&nbsp;&nbsp;TIM4_IRQHandler
<LI><a href="#[92]">&gt;&gt;</a>&nbsp;&nbsp;&nbsp;main
</UL>

<P><STRONG><a name="[11e]"></a>STM_EVAL_LEDToggle</STRONG> (Thumb, 26 bytes, Stack size 0 bytes, stm32f4_discovery.o(i.STM_EVAL_LEDToggle))
<BR><BR>[Called By]<UL><LI><a href="#[51]">&gt;&gt;</a>&nbsp;&nbsp;&nbsp;TIM4_IRQHandler
</UL>

<P><STRONG><a name="[2f]"></a>SVC_Handler</STRONG> (Thumb, 2 bytes, Stack size 0 bytes, stm32f4xx_it.o(i.SVC_Handler))
<BR>[Address Reference Count : 1]<UL><LI> startup_stm32f4xx.o(RESET)
</UL>
<P><STRONG><a name="[32]"></a>SysTick_Handler</STRONG> (Thumb, 8 bytes, Stack size 8 bytes, stm32f4xx_it.o(i.SysTick_Handler))
<BR><BR>[Stack]<UL><LI>Max Depth = 8<LI>Call Chain = SysTick_Handler
</UL>
[...]
<BR>[Address Reference Count : 1]<UL><LI> usbd_audio_out_if.o(.data)
</UL>
<P><STRONG><a name="[b]"></a>Init</STRONG> (Thumb, 38 bytes, Stack size 16 bytes, usbd_audio_out_if.o(i.Init))
<BR><BR>[Stack]<UL><LI>Max Depth = 164<LI>Call Chain = Init &rArr; WavePlayerInit &rArr; EVAL_AUDIO_Init &rArr; Codec_Init &rArr; Codec_CtrlInterface_Init &rArr; I2C_Init &rArr; RCC_GetClocksFreq
</UL>
<BR>[Calls]<UL><LI><a href="#[101]">&gt;&gt;</a>&nbsp;&nbsp;&nbsp;WavePlayerInit
</UL>
<BR>[Address Reference Count : 1]<UL><LI> usbd_audio_out_if.o(.data)
</UL>
<P><STRONG><a name="[f]"></a>MuteCtl</STRONG> (Thumb, 26 bytes, Stack size 8 bytes, usbd_audio_out_if.o(i.MuteCtl))
<BR><BR>[Stack]<UL><LI>Max Depth = 80<LI>Call Chain = MuteCtl &rArr; EVAL_AUDIO_Mute &rArr; Codec_Mute &rArr; Codec_WriteRegister &rArr; Codec_ReadRegister &rArr; I2C_CheckEvent
</UL>
<BR>[Calls]<UL><LI><a href="#[fa]">&gt;&gt;</a>&nbsp;&nbsp;&nbsp;EVAL_AUDIO_Mute
</UL>
<BR>[Address Reference Count : 1]<UL><LI> usbd_audio_out_if.o(.data)
</UL>
<P><STRONG><a name="[10]"></a>PeriodicTC</STRONG> (Thumb, 6 bytes, Stack size 0 bytes, usbd_audio_out_if.o(i.PeriodicTC))
<BR>[Address Reference Count : 1]<UL><LI> usbd_audio_out_if.o(.data)
</UL>
<P><STRONG><a name="[e]"></a>VolumeCtl</STRONG> (Thumb, 26 bytes, Stack size 8 bytes, usbd_audio_out_if.o(i.VolumeCtl))
<BR><BR>[Stack]<UL><LI>Max Depth = 88<LI>Call Chain = VolumeCtl &rArr; EVAL_AUDIO_VolumeCtl &rArr; Codec_VolumeCtrl &rArr; Codec_WriteRegister &rArr; Codec_ReadRegister &rArr; I2C_CheckEvent
</UL>
<BR>[Calls]<UL><LI><a href="#[fc]">&gt;&gt;</a>&nbsp;&nbsp;&nbsp;EVAL_AUDIO_VolumeCtl
</UL>
<BR>[Address Reference Count : 1]<UL><LI> usbd_audio_out_if.o(.data)
</UL>
<P><STRONG><a name="[13]"></a>USBD_DataInStage</STRONG> (Thumb, 208 bytes, Stack size 16 bytes, usbd_core.o(i.USBD_DataInStage))
<BR><BR>[Stack]<UL><LI>Max Depth = 120<LI>Call Chain = USBD_DataInStage &rArr; USBD_CtlContinueSendData &rArr; DCD_EP_Tx &rArr; USB_OTG_EPStartXfer &rArr; USB_OTG_WritePacket
</UL>
<BR>[Calls]<UL><LI><a href="#[132]">&gt;&gt;</a>&nbsp;&nbsp;&nbsp;USBD_CtlReceiveStatus
<LI><a href="#[131]">&gt;&gt;</a>&nbsp;&nbsp;&nbsp;USBD_CtlContinueSendData
<LI><a href="#[133]">&gt;&gt;</a>&nbsp;&nbsp;&nbsp;USBD_RunTestMode
</UL>
<BR>[Address Reference Count : 1]<UL><LI> usbd_core.o(.data)
</UL>
<P><STRONG><a name="[12]"></a>USBD_DataOutStage</STRONG> (Thumb, 150 bytes, Stack size 16 bytes, usbd_core.o(i.USBD_DataOutStage))
<BR><BR>[Stack]<UL><LI>Max Depth = 120<LI>Call Chain = USBD_DataOutStage &rArr; USBD_CtlContinueRx &rArr; DCD_EP_PrepareRx &rArr; USB_OTG_EPStartXfer &rArr; USB_OTG_WritePacket
</UL>
<BR>[Calls]<UL><LI><a href="#[12e]">&gt;&gt;</a>&nbsp;&nbsp;&nbsp;USBD_CtlSendStatus
<LI><a href="#[130]">&gt;&gt;</a>&nbsp;&nbsp;&nbsp;USBD_CtlContinueRx
</UL>
<BR>[Address Reference Count : 1]<UL><LI> usbd_core.o(.data)
</UL>
<P><STRONG><a name="[19]"></a>USBD_IsoINIncomplete</STRONG> (Thumb, 18 bytes, Stack size 8 bytes, usbd_core.o(i.USBD_IsoINIncomplete))
<BR><BR>[Stack]<UL><LI>Max Depth = 8<LI>Call Chain = USBD_IsoINIncomplete
</UL>
<BR>[Address Reference Count : 1]<UL><LI> usbd_core.o(.data)
</UL>
<P><STRONG><a name="[1a]"></a>USBD_IsoOUTIncomplete</STRONG> (Thumb, 18 bytes, Stack size 8 bytes, usbd_core.o(i.USBD_IsoOUTIncomplete))
<BR><BR>[Stack]<UL><LI>Max Depth = 8<LI>Call Chain = USBD_IsoOUTIncomplete
</UL>
<BR>[Address Reference Count : 1]<UL><LI> usbd_core.o(.data)
</UL>
<P><STRONG><a name="[16]"></a>USBD_Reset</STRONG> (Thumb, 50 bytes, Stack size 8 bytes, usbd_core.o(i.USBD_Reset))
<BR><BR>[Stack]<UL><LI>Max Depth = 52<LI>Call Chain = USBD_Reset &rArr; DCD_EP_Open &rArr; USB_OTG_EPActivate
</UL>
<BR>[Calls]<UL><LI><a href="#[da]">&gt;&gt;</a>&nbsp;&nbsp;&nbsp;DCD_EP_Open
</UL>
<BR>[Address Reference Count : 1]<UL><LI> usbd_core.o(.data)
</UL>
<P><STRONG><a name="[18]"></a>USBD_Resume</STRONG> (Thumb, 30 bytes, Stack size 8 bytes, usbd_core.o(i.USBD_Resume))
<BR><BR>[Stack]<UL><LI>Max Depth = 8<LI>Call Chain = USBD_Resume
</UL>
<BR>[Address Reference Count : 1]<UL><LI> usbd_core.o(.data)
</UL>
<P><STRONG><a name="[133]"></a>USBD_RunTestMode</STRONG> (Thumb, 14 bytes, Stack size 0 bytes, usbd_core.o(i.USBD_RunTestMode))
<BR><BR>[Called By]<UL><LI><a href="#[13]">&gt;&gt;</a>&nbsp;&nbsp;&nbsp;USBD_DataInStage
</UL>

<P><STRONG><a name="[15]"></a>USBD_SOF</STRONG> (Thumb, 26 bytes, Stack size 8 bytes, usbd_core.o(i.USBD_SOF))
<BR><BR>[Stack]<UL><LI>Max Depth = 8<LI>Call Chain = USBD_SOF
</UL>
<BR>[Address Reference Count : 1]<UL><LI> usbd_core.o(.data)
</UL>
<P><STRONG><a name="[14]"></a>USBD_SetupStage</STRONG> (Thumb, 84 bytes, Stack size 16 bytes, usbd_core.o(i.USBD_SetupStage))
<BR><BR>[Stack]<UL><LI>Max Depth = 160<LI>Call Chain = USBD_SetupStage &rArr; USBD_StdDevReq &rArr; USBD_GetDescriptor &rArr; USBD_CtlSendData &rArr; DCD_EP_Tx &rArr; USB_OTG_EPStartXfer &rArr; USB_OTG_WritePacket
</UL>
<BR>[Calls]<UL><LI><a href="#[14d]">&gt;&gt;</a>&nbsp;&nbsp;&nbsp;USBD_StdItfReq
<LI><a href="#[14e]">&gt;&gt;</a>&nbsp;&nbsp;&nbsp;USBD_StdEPReq
<LI><a href="#[14c]">&gt;&gt;</a>&nbsp;&nbsp;&nbsp;USBD_StdDevReq
<LI><a href="#[14b]">&gt;&gt;</a>&nbsp;&nbsp;&nbsp;USBD_ParseSetupRequest
<LI><a href="#[df]">&gt;&gt;</a>&nbsp;&nbsp;&nbsp;DCD_EP_Stall
</UL>
<BR>[Address Reference Count : 1]<UL><LI> usbd_core.o(.data)
</UL>
<P><STRONG><a name="[17]"></a>USBD_Suspend</STRONG> (Thumb, 32 bytes, Stack size 8 bytes, usbd_core.o(i.USBD_Suspend))
<BR><BR>[Stack]<UL><LI>Max Depth = 8<LI>Call Chain = USBD_Suspend
</UL>
<BR>[Address Reference Count : 1]<UL><LI> usbd_core.o(.data)
</UL>
<P><STRONG><a name="[12d]"></a>USBD_ClrFeature</STRONG> (Thumb, 72 bytes, Stack size 16 bytes, usbd_req.o(i.USBD_ClrFeature))
<BR><BR>[Stack]<UL><LI>Max Depth = 112<LI>Call Chain = USBD_ClrFeature &rArr; USBD_CtlSendStatus &rArr; DCD_EP_Tx &rArr; USB_OTG_EPStartXfer &rArr; USB_OTG_WritePacket
</UL>
<BR>[Calls]<UL><LI><a href="#[12e]">&gt;&gt;</a>&nbsp;&nbsp;&nbsp;USBD_CtlSendStatus
<LI><a href="#[12f]">&gt;&gt;</a>&nbsp;&nbsp;&nbsp;USBD_CtlError
</UL>
<BR>[Called By]<UL><LI><a href="#[14c]">&gt;&gt;</a>&nbsp;&nbsp;&nbsp;USBD_StdDevReq
</UL>

<P><STRONG><a name="[134]"></a>USBD_GetConfig</STRONG> (Thumb, 78 bytes, Stack size 16 bytes, usbd_req.o(i.USBD_GetConfig))
<BR><BR>[Stack]<UL><LI>Max Depth = 120<LI>Call Chain = USBD_GetConfig &rArr; USBD_CtlSendData &rArr; DCD_EP_Tx &rArr; USB_OTG_EPStartXfer &rArr; USB_OTG_WritePacket
</UL>
<BR>[Calls]<UL><LI><a href="#[a0]">&gt;&gt;</a>&nbsp;&nbsp;&nbsp;USBD_CtlSendData
<LI><a href="#[12f]">&gt;&gt;</a>&nbsp;&nbsp;&nbsp;USBD_CtlError
</UL>
<BR>[Called By]<UL><LI><a href="#[14c]">&gt;&gt;</a>&nbsp;&nbsp;&nbsp;USBD_StdDevReq
</UL>

<P><STRONG><a name="[135]"></a>USBD_GetDescriptor</STRONG> (Thumb, 290 bytes, Stack size 24 bytes, usbd_req.o(i.USBD_GetDescriptor))
<BR><BR>[Stack]<UL><LI>Max Depth = 128<LI>Call Chain = USBD_GetDescriptor &rArr; USBD_CtlSendData &rArr; DCD_EP_Tx &rArr; USB_OTG_EPStartXfer &rArr; USB_OTG_WritePacket
</UL>
<BR>[Calls]<UL><LI><a href="#[a0]">&gt;&gt;</a>&nbsp;&nbsp;&nbsp;USBD_CtlSendData
<LI><a href="#[12f]">&gt;&gt;</a>&nbsp;&nbsp;&nbsp;USBD_CtlError
</UL>
<BR>[Called By]<UL><LI><a href="#[14c]">&gt;&gt;</a>&nbsp;&nbsp;&nbsp;USBD_StdDevReq
</UL>

<P><STRONG><a name="[138]"></a>USBD_GetLen</STRONG> (Thumb, 20 bytes, Stack size 0 bytes, usbd_req.o(i.USBD_GetLen))
<BR><BR>[Called By]<UL><LI><a href="#[137]">&gt;&gt;</a>&nbsp;&nbsp;&nbsp;USBD_GetString
</UL>

<P><STRONG><a name="[136]"></a>USBD_GetStatus</STRONG> (Thumb, 74 bytes, Stack size 16 bytes, usbd_req.o(i.USBD_GetStatus))
<BR><BR>[Stack]<UL><LI>Max Depth = 120<LI>Call Chain = USBD_GetStatus &rArr; USBD_CtlSendData &rArr; DCD_EP_Tx &rArr; USB_OTG_EPStartXfer &rArr; USB_OTG_WritePacket
</UL>
<BR>[Calls]<UL><LI><a href="#[a0]">&gt;&gt;</a>&nbsp;&nbsp;&nbsp;USBD_CtlSendData
<LI><a href="#[12f]">&gt;&gt;</a>&nbsp;&nbsp;&nbsp;USBD_CtlError
</UL>
<BR>[Called By]<UL><LI><a href="#[14c]">&gt;&gt;</a>&nbsp;&nbsp;&nbsp;USBD_StdDevReq
</UL>

<P><STRONG><a name="[145]"></a>USBD_SetAddress</STRONG> (Thumb, 92 bytes, Stack size 16 bytes, usbd_req.o(i.USBD_SetAddress))
<BR><BR>[Stack]<UL><LI>Max Depth = 112<LI>Call Chain = USBD_SetAddress &rArr; USBD_CtlSendStatus &rArr; DCD_EP_Tx &rArr; USB_OTG_EPStartXfer &rArr; USB_OTG_WritePacket
</UL>
<BR>[Calls]<UL><LI><a href="#[12e]">&gt;&gt;</a>&nbsp;&nbsp;&nbsp;USBD_CtlSendStatus
<LI><a href="#[12f]">&gt;&gt;</a>&nbsp;&nbsp;&nbsp;USBD_CtlError
<LI><a href="#[146]">&gt;&gt;</a>&nbsp;&nbsp;&nbsp;DCD_EP_SetAddress
</UL>
<BR>[Called By]<UL><LI><a href="#[14c]">&gt;&gt;</a>&nbsp;&nbsp;&nbsp;USBD_StdDevReq
</UL>

<P><STRONG><a name="[147]"></a>USBD_SetConfig</STRONG> (Thumb, 204 bytes, Stack size 16 bytes, usbd_req.o(i.USBD_SetConfig))
<BR><BR>[Stack]<UL><LI>Max Depth = 112<LI>Call Chain = USBD_SetConfig &rArr; USBD_CtlSendStatus &rArr; DCD_EP_Tx &rArr; USB_OTG_EPStartXfer &rArr; USB_OTG_WritePacket
</UL>
<BR>[Calls]<UL><LI><a href="#[12e]">&gt;&gt;</a>&nbsp;&nbsp;&nbsp;USBD_CtlSendStatus
<LI><a href="#[148]">&gt;&gt;</a>&nbsp;&nbsp;&nbsp;USBD_SetCfg
<LI><a href="#[149]">&gt;&gt;</a>&nbsp;&nbsp;&nbsp;USBD_ClrCfg
<LI><a href="#[12f]">&gt;&gt;</a>&nbsp;&nbsp;&nbsp;USBD_CtlError
</UL>
<BR>[Called By]<UL><LI><a href="#[14c]">&gt;&gt;</a>&nbsp;&nbsp;&nbsp;USBD_StdDevReq
</UL>

<P><STRONG><a name="[14a]"></a>USBD_SetFeature</STRONG> (Thumb, 160 bytes, Stack size 24 bytes, usbd_req.o(i.USBD_SetFeature))
<BR><BR>[Stack]<UL><LI>Max Depth = 120<LI>Call Chain = USBD_SetFeature &rArr; USBD_CtlSendStatus &rArr; DCD_EP_Tx &rArr; USB_OTG_EPStartXfer &rArr; USB_OTG_WritePacket
</UL>
<BR>[Calls]<UL><LI><a href="#[12e]">&gt;&gt;</a>&nbsp;&nbsp;&nbsp;USBD_CtlSendStatus
</UL>
<BR>[Called By]<UL><LI><a href="#[14c]">&gt;&gt;</a>&nbsp;&nbsp;&nbsp;USBD_StdDevReq
</UL>

<P><STRONG><a name="[a6]"></a>Audio_MAL_IRQHandler</STRONG> (Thumb, 198 bytes, Stack size 8 bytes, stm32f4_discovery_audio_codec.o(i.Audio_MAL_IRQHandler))
<BR><BR>[Stack]<UL><LI>Max Depth = 20<LI>Call Chain = Audio_MAL_IRQHandler &rArr; DMA_GetFlagStatus
</UL>
<BR>[Calls]<UL><LI><a href="#[ac]">&gt;&gt;</a>&nbsp;&nbsp;&nbsp;EVAL_AUDIO_TransferComplete_CallBack
<LI><a href="#[aa]">&gt;&gt;</a>&nbsp;&nbsp;&nbsp;DMA_Init
<LI><a href="#[a7]">&gt;&gt;</a>&nbsp;&nbsp;&nbsp;DMA_GetFlagStatus
<LI><a href="#[a8]">&gt;&gt;</a>&nbsp;&nbsp;&nbsp;DMA_GetCmdStatus
<LI><a href="#[ab]">&gt;&gt;</a>&nbsp;&nbsp;&nbsp;DMA_Cmd
<LI><a href="#[a9]">&gt;&gt;</a>&nbsp;&nbsp;&nbsp;DMA_ClearFlag
</UL>
<BR>[Called By]<UL><LI><a href="#[62]">&gt;&gt;</a>&nbsp;&nbsp;&nbsp;DMA1_Stream7_IRQHandler
<LI><a href="#[3e]">&gt;&gt;</a>&nbsp;&nbsp;&nbsp;DMA1_Stream0_IRQHandler
</UL>

<P><STRONG><a name="[ad]"></a>Audio_MAL_Init</STRONG> (Thumb, 218 bytes, Stack size 8 bytes, stm32f4_discovery_audio_codec.o(i.Audio_MAL_Init))
<BR><BR>[Stack]<UL><LI>Max Depth = 60<LI>Call Chain = Audio_MAL_Init &rArr; DAC_Config &rArr; GPIO_Init
</UL>
<BR>[Calls]<UL><LI><a href="#[ae]">&gt;&gt;</a>&nbsp;&nbsp;&nbsp;RCC_AHB1PeriphClockCmd
<LI><a href="#[b1]">&gt;&gt;</a>&nbsp;&nbsp;&nbsp;NVIC_Init
<LI><a href="#[aa]">&gt;&gt;</a>&nbsp;&nbsp;&nbsp;DMA_Init
<LI><a href="#[b0]">&gt;&gt;</a>&nbsp;&nbsp;&nbsp;DMA_ITConfig
<LI><a href="#[af]">&gt;&gt;</a>&nbsp;&nbsp;&nbsp;DMA_DeInit
<LI><a href="#[ab]">&gt;&gt;</a>&nbsp;&nbsp;&nbsp;DMA_Cmd
<LI><a href="#[b3]">&gt;&gt;</a>&nbsp;&nbsp;&nbsp;DAC_Config
<LI><a href="#[b4]">&gt;&gt;</a>&nbsp;&nbsp;&nbsp;SPI_I2S_ITConfig
<LI><a href="#[b2]">&gt;&gt;</a>&nbsp;&nbsp;&nbsp;SPI_I2S_DMACmd
</UL>
<BR>[Called By]<UL><LI><a href="#[f9]">&gt;&gt;</a>&nbsp;&nbsp;&nbsp;EVAL_AUDIO_Init
</UL>

<P><STRONG><a name="[b7]"></a>Codec_AudioInterface_Init</STRONG> (Thumb, 98 bytes, Stack size 40 bytes, stm32f4_discovery_audio_codec.o(i.Codec_AudioInterface_Init))
<BR><BR>[Stack]<UL><LI>Max Depth = 76<LI>Call Chain = Codec_AudioInterface_Init &rArr; I2S_Init
</UL>
<BR>[Calls]<UL><LI><a href="#[b8]">&gt;&gt;</a>&nbsp;&nbsp;&nbsp;RCC_APB1PeriphClockCmd
<LI><a href="#[bb]">&gt;&gt;</a>&nbsp;&nbsp;&nbsp;DAC_Init
<LI><a href="#[bc]">&gt;&gt;</a>&nbsp;&nbsp;&nbsp;DAC_Cmd
<LI><a href="#[b9]">&gt;&gt;</a>&nbsp;&nbsp;&nbsp;SPI_I2S_DeInit
<LI><a href="#[ba]">&gt;&gt;</a>&nbsp;&nbsp;&nbsp;I2S_Init
</UL>
<BR>[Called By]<UL><LI><a href="#[c4]">&gt;&gt;</a>&nbsp;&nbsp;&nbsp;Codec_Init
</UL>

<P><STRONG><a name="[bd]"></a>Codec_CtrlInterface_Init</STRONG> (Thumb, 72 bytes, Stack size 24 bytes, stm32f4_discovery_audio_codec.o(i.Codec_CtrlInterface_Init))
<BR><BR>[Stack]<UL><LI>Max Depth = 92<LI>Call Chain = Codec_CtrlInterface_Init &rArr; I2C_Init &rArr; RCC_GetClocksFreq
</UL>
<BR>[Calls]<UL><LI><a href="#[b8]">&gt;&gt;</a>&nbsp;&nbsp;&nbsp;RCC_APB1PeriphClockCmd
<LI><a href="#[c0]">&gt;&gt;</a>&nbsp;&nbsp;&nbsp;I2C_Init
<LI><a href="#[be]">&gt;&gt;</a>&nbsp;&nbsp;&nbsp;I2C_DeInit
<LI><a href="#[bf]">&gt;&gt;</a>&nbsp;&nbsp;&nbsp;I2C_Cmd
</UL>
<BR>[Called By]<UL><LI><a href="#[c4]">&gt;&gt;</a>&nbsp;&nbsp;&nbsp;Codec_Init
</UL>

<P><STRONG><a name="[c1]"></a>Codec_GPIO_Init</STRONG> (Thumb, 270 bytes, Stack size 16 bytes, stm32f4_discovery_audio_codec.o(i.Codec_GPIO_Init))
<BR><BR>[Stack]<UL><LI>Max Depth = 36<LI>Call Chain = Codec_GPIO_Init &rArr; GPIO_PinAFConfig
</UL>
<BR>[Calls]<UL><LI><a href="#[ae]">&gt;&gt;</a>&nbsp;&nbsp;&nbsp;RCC_AHB1PeriphClockCmd
<LI><a href="#[c3]">&gt;&gt;</a>&nbsp;&nbsp;&nbsp;GPIO_PinAFConfig
<LI><a href="#[c2]">&gt;&gt;</a>&nbsp;&nbsp;&nbsp;GPIO_Init
</UL>
<BR>[Called By]<UL><LI><a href="#[c4]">&gt;&gt;</a>&nbsp;&nbsp;&nbsp;Codec_Init
</UL>

<P><STRONG><a name="[c4]"></a>Codec_Init</STRONG> (Thumb, 224 bytes, Stack size 24 bytes, stm32f4_discovery_audio_codec.o(i.Codec_Init))
<BR><BR>[Stack]<UL><LI>Max Depth = 116<LI>Call Chain = Codec_Init &rArr; Codec_CtrlInterface_Init &rArr; I2C_Init &rArr; RCC_GetClocksFreq
</UL>
<BR>[Calls]<UL><LI><a href="#[c6]">&gt;&gt;</a>&nbsp;&nbsp;&nbsp;Codec_WriteRegister
<LI><a href="#[c7]">&gt;&gt;</a>&nbsp;&nbsp;&nbsp;Codec_VolumeCtrl
<LI><a href="#[c5]">&gt;&gt;</a>&nbsp;&nbsp;&nbsp;Codec_Reset
<LI><a href="#[c1]">&gt;&gt;</a>&nbsp;&nbsp;&nbsp;Codec_GPIO_Init
<LI><a href="#[bd]">&gt;&gt;</a>&nbsp;&nbsp;&nbsp;Codec_CtrlInterface_Init
<LI><a href="#[b7]">&gt;&gt;</a>&nbsp;&nbsp;&nbsp;Codec_AudioInterface_Init
</UL>
<BR>[Called By]<UL><LI><a href="#[f9]">&gt;&gt;</a>&nbsp;&nbsp;&nbsp;EVAL_AUDIO_Init
</UL>

<P><STRONG><a name="[c8]"></a>Codec_Mute</STRONG> (Thumb, 38 bytes, Stack size 16 bytes, stm32f4_discovery_audio_codec.o(i.Codec_Mute))
<BR><BR>[Stack]<UL><LI>Max Depth = 64<LI>Call Chain = Codec_Mute &rArr; Codec_WriteRegister &rArr; Codec_ReadRegister &rArr; I2C_CheckEvent
</UL>
<BR>[Calls]<UL><LI><a href="#[c6]">&gt;&gt;</a>&nbsp;&nbsp;&nbsp;Codec_WriteRegister
</UL>
<BR>[Called By]<UL><LI><a href="#[fa]">&gt;&gt;</a>&nbsp;&nbsp;&nbsp;EVAL_AUDIO_Mute
</UL>

<P><STRONG><a name="[fb]"></a>Codec_Play</STRONG> (Thumb, 4 bytes, Stack size 0 bytes, stm32f4_discovery_audio_codec.o(i.Codec_Play))
<BR><BR>[Called By]<UL><LI><a href="#[a4]">&gt;&gt;</a>&nbsp;&nbsp;&nbsp;EVAL_AUDIO_Play
</UL>

<P><STRONG><a name="[c9]"></a>Codec_ReadRegister</STRONG> (Thumb, 426 bytes, Stack size 16 bytes, stm32f4_discovery_audio_codec.o(i.Codec_ReadRegister))
<BR><BR>[Stack]<UL><LI>Max Depth = 32<LI>Call Chain = Codec_ReadRegister &rArr; I2C_CheckEvent
</UL>
<BR>[Calls]<UL><LI><a href="#[ca]">&gt;&gt;</a>&nbsp;&nbsp;&nbsp;Codec_TIMEOUT_UserCallback
<LI><a href="#[cf]">&gt;&gt;</a>&nbsp;&nbsp;&nbsp;I2C_SendData
<LI><a href="#[ce]">&gt;&gt;</a>&nbsp;&nbsp;&nbsp;I2C_Send7bitAddress
<LI><a href="#[d2]">&gt;&gt;</a>&nbsp;&nbsp;&nbsp;I2C_ReceiveData
<LI><a href="#[cb]">&gt;&gt;</a>&nbsp;&nbsp;&nbsp;I2C_GetFlagStatus
<LI><a href="#[d1]">&gt;&gt;</a>&nbsp;&nbsp;&nbsp;I2C_GenerateSTOP
<LI><a href="#[cc]">&gt;&gt;</a>&nbsp;&nbsp;&nbsp;I2C_GenerateSTART
<LI><a href="#[d3]">&gt;&gt;</a>&nbsp;&nbsp;&nbsp;I2C_ClearFlag
<LI><a href="#[cd]">&gt;&gt;</a>&nbsp;&nbsp;&nbsp;I2C_CheckEvent
<LI><a href="#[d0]">&gt;&gt;</a>&nbsp;&nbsp;&nbsp;I2C_AcknowledgeConfig
</UL>
<BR>[Called By]<UL><LI><a href="#[c6]">&gt;&gt;</a>&nbsp;&nbsp;&nbsp;Codec_WriteRegister
</UL>

<P><STRONG><a name="[c5]"></a>Codec_Reset</STRONG> (Thumb, 32 bytes, Stack size 8 bytes, stm32f4_discovery_audio_codec.o(i.Codec_Reset))
<BR><BR>[Stack]<UL><LI>Max Depth = 16<LI>Call Chain = Codec_Reset &rArr; Delay
</UL>
<BR>[Calls]<UL><LI><a href="#[d4]">&gt;&gt;</a>&nbsp;&nbsp;&nbsp;GPIO_WriteBit
<LI><a href="#[d5]">&gt;&gt;</a>&nbsp;&nbsp;&nbsp;Delay
</UL>
<BR>[Called By]<UL><LI><a href="#[c4]">&gt;&gt;</a>&nbsp;&nbsp;&nbsp;Codec_Init
</UL>

<P><STRONG><a name="[c7]"></a>Codec_VolumeCtrl</STRONG> (Thumb, 72 bytes, Stack size 16 bytes, stm32f4_discovery_audio_codec.o(i.Codec_VolumeCtrl))
<BR><BR>[Stack]<UL><LI>Max Depth = 64<LI>Call Chain = Codec_VolumeCtrl &rArr; Codec_WriteRegister &rArr; Codec_ReadRegister &rArr; I2C_CheckEvent
</UL>
<BR>[Calls]<UL><LI><a href="#[c6]">&gt;&gt;</a>&nbsp;&nbsp;&nbsp;Codec_WriteRegister
</UL>
<BR>[Called By]<UL><LI><a href="#[fc]">&gt;&gt;</a>&nbsp;&nbsp;&nbsp;EVAL_AUDIO_VolumeCtl
<LI><a href="#[c4]">&gt;&gt;</a>&nbsp;&nbsp;&nbsp;Codec_Init
</UL>

<P><STRONG><a name="[c6]"></a>Codec_WriteRegister</STRONG> (Thumb, 274 bytes, Stack size 16 bytes, stm32f4_discovery_audio_codec.o(i.Codec_WriteRegister))
<BR><BR>[Stack]<UL><LI>Max Depth = 48<LI>Call Chain = Codec_WriteRegister &rArr; Codec_ReadRegister &rArr; I2C_CheckEvent
</UL>
<BR>[Calls]<UL><LI><a href="#[ca]">&gt;&gt;</a>&nbsp;&nbsp;&nbsp;Codec_TIMEOUT_UserCallback
<LI><a href="#[cf]">&gt;&gt;</a>&nbsp;&nbsp;&nbsp;I2C_SendData
<LI><a href="#[ce]">&gt;&gt;</a>&nbsp;&nbsp;&nbsp;I2C_Send7bitAddress
<LI><a href="#[cb]">&gt;&gt;</a>&nbsp;&nbsp;&nbsp;I2C_GetFlagStatus
<LI><a href="#[d1]">&gt;&gt;</a>&nbsp;&nbsp;&nbsp;I2C_GenerateSTOP
<LI><a href="#[cc]">&gt;&gt;</a>&nbsp;&nbsp;&nbsp;I2C_GenerateSTART
<LI><a href="#[cd]">&gt;&gt;</a>&nbsp;&nbsp;&nbsp;I2C_CheckEvent
<LI><a href="#[c9]">&gt;&gt;</a>&nbsp;&nbsp;&nbsp;Codec_ReadRegister
</UL>
<BR>[Called By]<UL><LI><a href="#[c7]">&gt;&gt;</a>&nbsp;&nbsp;&nbsp;Codec_VolumeCtrl
<LI><a href="#[c8]">&gt;&gt;</a>&nbsp;&nbsp;&nbsp;Codec_Mute
<LI><a href="#[c4]">&gt;&gt;</a>&nbsp;&nbsp;&nbsp;Codec_Init
</UL>

<P><STRONG><a name="[d5]"></a>Delay</STRONG> (Thumb, 18 bytes, Stack size 8 bytes, stm32f4_discovery_audio_codec.o(i.Delay))
<BR><BR>[Stack]<UL><LI>Max Depth = 8<LI>Call Chain = Delay
</UL>
<BR>[Called By]<UL><LI><a href="#[c5]">&gt;&gt;</a>&nbsp;&nbsp;&nbsp;Codec_Reset
</UL>

<P><STRONG><a name="[103]"></a>LIS302DL_LowLevel_Init</STRONG> (Thumb, 294 bytes, Stack size 32 bytes, stm32f4_discovery_lis302dl.o(i.LIS302DL_LowLevel_Init))
<BR><BR>[Stack]<UL><LI>Max Depth = 52<LI>Call Chain = LIS302DL_LowLevel_Init &rArr; GPIO_PinAFConfig
</UL>
<BR>[Calls]<UL><LI><a href="#[107]">&gt;&gt;</a>&nbsp;&nbsp;&nbsp;RCC_APB2PeriphClockCmd
<LI><a href="#[ae]">&gt;&gt;</a>&nbsp;&nbsp;&nbsp;RCC_AHB1PeriphClockCmd
<LI><a href="#[c3]">&gt;&gt;</a>&nbsp;&nbsp;&nbsp;GPIO_PinAFConfig
<LI><a href="#[c2]">&gt;&gt;</a>&nbsp;&nbsp;&nbsp;GPIO_Init
<LI><a href="#[10a]">&gt;&gt;</a>&nbsp;&nbsp;&nbsp;GPIO_SetBits
<LI><a href="#[108]">&gt;&gt;</a>&nbsp;&nbsp;&nbsp;SPI_Init
<LI><a href="#[b9]">&gt;&gt;</a>&nbsp;&nbsp;&nbsp;SPI_I2S_DeInit
<LI><a href="#[109]">&gt;&gt;</a>&nbsp;&nbsp;&nbsp;SPI_Cmd
</UL>
<BR>[Called By]<UL><LI><a href="#[102]">&gt;&gt;</a>&nbsp;&nbsp;&nbsp;LIS302DL_Init
</UL>

<P><STRONG><a name="[10c]"></a>LIS302DL_SendByte</STRONG> (Thumb, 106 bytes, Stack size 8 bytes, stm32f4_discovery_lis302dl.o(i.LIS302DL_SendByte))
<BR><BR>[Stack]<UL><LI>Max Depth = 8<LI>Call Chain = LIS302DL_SendByte
</UL>
<BR>[Calls]<UL><LI><a href="#[10d]">&gt;&gt;</a>&nbsp;&nbsp;&nbsp;LIS302DL_TIMEOUT_UserCallback
<LI><a href="#[10f]">&gt;&gt;</a>&nbsp;&nbsp;&nbsp;SPI_I2S_SendData
<LI><a href="#[110]">&gt;&gt;</a>&nbsp;&nbsp;&nbsp;SPI_I2S_ReceiveData
<LI><a href="#[10e]">&gt;&gt;</a>&nbsp;&nbsp;&nbsp;SPI_I2S_GetFlagStatus
</UL>
<BR>[Called By]<UL><LI><a href="#[104]">&gt;&gt;</a>&nbsp;&nbsp;&nbsp;LIS302DL_Write
<LI><a href="#[106]">&gt;&gt;</a>&nbsp;&nbsp;&nbsp;LIS302DL_Read
</UL>
<P>
<H3>
Undefined Global Symbols
</H3><HR></body></html>
