Component: ARM Compiler 5.06 update 1 (build 61) Tool: armlink [4d35a8]

==============================================================================

Section Cross References

    main.o(i.TIM_LED_Config) refers to stm32f4xx_rcc.o(i.RCC_APB1PeriphClockCmd) for RCC_APB1PeriphClockCmd
    main.o(i.TIM_LED_Config) refers to misc.o(i.NVIC_PriorityGroupConfig) for NVIC_PriorityGroupConfig
    main.o(i.TIM_LED_Config) refers to misc.o(i.NVIC_Init) for NVIC_Init
    main.o(i.TIM_LED_Config) refers to stm32f4_discovery.o(i.STM_EVAL_LEDInit) for STM_EVAL_LEDInit
    main.o(i.TIM_LED_Config) refers to stm32f4xx_tim.o(i.TIM_TimeBaseInit) for TIM_TimeBaseInit
    main.o(i.TIM_LED_Config) refers to stm32f4xx_tim.o(i.TIM_ARRPreloadConfig) for TIM_ARRPreloadConfig
    main.o(i.TIM_LED_Config) refers to stm32f4xx_tim.o(i.TIM_OC1Init) for TIM_OC1Init
    main.o(i.TIM_LED_Config) refers to stm32f4xx_tim.o(i.TIM_OC1PreloadConfig) for TIM_OC1PreloadConfig
    main.o(i.TIM_LED_Config) refers to stm32f4xx_tim.o(i.TIM_ITConfig) for TIM_ITConfig
    main.o(i.TIM_LED_Config) refers to stm32f4xx_tim.o(i.TIM_Cmd) for TIM_Cmd
    main.o(i.TIM_LED_Config) refers to system_stm32f4xx.o(.data) for SystemCoreClock
    main.o(i.TIM_LED_Config) refers to main.o(.data) for CCR_Val
    main.o(i.USBAudioInit) refers to usbd_core.o(i.USBD_Init) for USBD_Init
    main.o(i.USBAudioInit) refers to usbd_usr.o(.data) for USR_cb
    main.o(i.USBAudioInit) refers to usbd_audio_core.o(.data) for AUDIO_cb
    main.o(i.USBAudioInit) refers to usbd_desc.o(.data) for USR_desc
    main.o(i.USBAudioInit) refers to main.o(.bss) for USB_OTG_dev
    main.o(i.main) refers to stm32f4_discovery.o(i.STM_EVAL_LEDInit) for STM_EVAL_LEDInit
    main.o(i.main) refers to stm32f4_discovery.o(i.STM_EVAL_LEDOn) for STM_EVAL_LEDOn
    main.o(i.main) refers to stm32f4xx_rcc.o(i.RCC_GetClocksFreq) for RCC_GetClocksFreq
    main.o(i.main) refers to stm32f4xx_rcc.o(i.RCC_HSEConfig) for RCC_HSEConfig
    main.o(i.main) refers to stm32f4xx_rcc.o(i.RCC_WaitForHSEStartUp) for RCC_WaitForHSEStartUp
    main.o(i.main) refers to main.o(i.TIM_LED_Config) for TIM_LED_Config
    main.o(i.main) refers to main.o(i.USBAudioInit) for USBAudioInit
    main.o(i.main) refers to main.o(.bss) for RCC_Clocks
    main.o(i.main) refers to main.o(.data) for RepeatState
    main.o(i.main) refers to stm32f4xx_it.o(.data) for LED_Toggle
    stm32f4xx_it.o(i.EXTI1_IRQHandler) refers to stm32f4xx_exti.o(i.EXTI_GetITStatus) for EXTI_GetITStatus
    stm32f4xx_it.o(i.EXTI1_IRQHandler) refers to stm32f4xx_exti.o(i.EXTI_ClearITPendingBit) for EXTI_ClearITPendingBit
    stm32f4xx_it.o(i.EXTI1_IRQHandler) refers to stm32f4xx_it.o(.data) for Count
    stm32f4xx_it.o(i.OTG_FS_IRQHandler) refers to usb_dcd_int.o(i.USBD_OTG_ISR_Handler) for USBD_OTG_ISR_Handler
    stm32f4xx_it.o(i.OTG_FS_IRQHandler) refers to main.o(.bss) for USB_OTG_dev
    stm32f4xx_it.o(i.OTG_FS_WKUP_IRQHandler) refers to system_stm32f4xx.o(i.SystemInit) for SystemInit
    stm32f4xx_it.o(i.OTG_FS_WKUP_IRQHandler) refers to usb_core.o(i.USB_OTG_UngateClock) for USB_OTG_UngateClock
    stm32f4xx_it.o(i.OTG_FS_WKUP_IRQHandler) refers to stm32f4xx_exti.o(i.EXTI_ClearITPendingBit) for EXTI_ClearITPendingBit
    stm32f4xx_it.o(i.OTG_FS_WKUP_IRQHandler) refers to main.o(.bss) for USB_OTG_dev
    stm32f4xx_it.o(i.SysTick_Handler) refers to waveplayer.o(i.TimingDelay_Decrement) for TimingDelay_Decrement
    stm32f4xx_it.o(i.TIM4_IRQHandler) refers to stm32f4_discovery_lis302dl.o(i.LIS302DL_Read) for LIS302DL_Read
    stm32f4xx_it.o(i.TIM4_IRQHandler) refers to stm32f4xx_tim.o(i.TIM_GetITStatus) for TIM_GetITStatus
    stm32f4xx_it.o(i.TIM4_IRQHandler) refers to stm32f4xx_tim.o(i.TIM_ClearITPendingBit) for TIM_ClearITPendingBit
    stm32f4xx_it.o(i.TIM4_IRQHandler) refers to stm32f4_discovery.o(i.STM_EVAL_LEDToggle) for STM_EVAL_LEDToggle
    stm32f4xx_it.o(i.TIM4_IRQHandler) refers to stm32f4_discovery.o(i.STM_EVAL_LEDOff) for STM_EVAL_LEDOff
    stm32f4xx_it.o(i.TIM4_IRQHandler) refers to stm32f4_discovery.o(i.STM_EVAL_LEDOn) for STM_EVAL_LEDOn
    stm32f4xx_it.o(i.TIM4_IRQHandler) refers to stm32f4xx_tim.o(i.TIM_GetCapture1) for TIM_GetCapture1
    stm32f4xx_it.o(i.TIM4_IRQHandler) refers to stm32f4xx_tim.o(i.TIM_SetCompare1) for TIM_SetCompare1
    stm32f4xx_it.o(i.TIM4_IRQHandler) refers to waveplayer.o(.data) for AudioPlayStart
    stm32f4xx_it.o(i.TIM4_IRQHandler) refers to stm32f4xx_it.o(.data) for LED_Toggle
    stm32f4xx_it.o(i.TIM4_IRQHandler) refers to main.o(.data) for CCR_Val
    system_stm32f4xx.o(i.SystemCoreClockUpdate) refers to system_stm32f4xx.o(.data) for SystemCoreClock
    system_stm32f4xx.o(i.SystemInit) refers to system_stm32f4xx.o(i.SetSysClock) for SetSysClock
    waveplayer.o(i.Delay) refers to waveplayer.o(.data) for TimingDelay
    waveplayer.o(i.Mems_Config) refers to stm32f4_discovery_lis302dl.o(i.LIS302DL_Init) for LIS302DL_Init
[...]
    i.USB_OTG_EPActivate                     0x08004438   Section        0  usb_core.o(i.USB_OTG_EPActivate)
    i.USB_OTG_EPClearStall                   0x080044d0   Section        0  usb_core.o(i.USB_OTG_EPClearStall)
    i.USB_OTG_EPDeactivate                   0x08004520   Section        0  usb_core.o(i.USB_OTG_EPDeactivate)
    i.USB_OTG_EPSetStall                     0x0800457e   Section        0  usb_core.o(i.USB_OTG_EPSetStall)
    i.USB_OTG_EPStartXfer                    0x080045e2   Section        0  usb_core.o(i.USB_OTG_EPStartXfer)
    i.USB_OTG_EnableCommonInt                0x080047d8   Section        0  usb_core.o(i.USB_OTG_EnableCommonInt)
    USB_OTG_EnableCommonInt                  0x080047d9   Thumb Code    52  usb_core.o(i.USB_OTG_EnableCommonInt)
    i.USB_OTG_EnableDevInt                   0x0800480c   Section        0  usb_core.o(i.USB_OTG_EnableDevInt)
    i.USB_OTG_EnableGlobalInt                0x080048a6   Section        0  usb_core.o(i.USB_OTG_EnableGlobalInt)
    i.USB_OTG_FlushRxFifo                    0x080048c8   Section        0  usb_core.o(i.USB_OTG_FlushRxFifo)
    i.USB_OTG_FlushTxFifo                    0x08004914   Section        0  usb_core.o(i.USB_OTG_FlushTxFifo)
    i.USB_OTG_GetDeviceSpeed                 0x08004968   Section        0  usb_core.o(i.USB_OTG_GetDeviceSpeed)
    i.USB_OTG_GetMode                        0x0800499c   Section        0  usb_core.o(i.USB_OTG_GetMode)
    i.USB_OTG_InitDevSpeed                   0x080049a8   Section        0  usb_core.o(i.USB_OTG_InitDevSpeed)
    i.USB_OTG_IsDeviceMode                   0x080049c0   Section        0  usb_core.o(i.USB_OTG_IsDeviceMode)
    i.USB_OTG_ReadCoreItr                    0x080049d6   Section        0  usb_core.o(i.USB_OTG_ReadCoreItr)
    i.USB_OTG_ReadDevAllInEPItr              0x080049e6   Section        0  usb_core.o(i.USB_OTG_ReadDevAllInEPItr)
    i.USB_OTG_ReadDevAllOutEp_itr            0x080049f6   Section        0  usb_core.o(i.USB_OTG_ReadDevAllOutEp_itr)
    i.USB_OTG_ReadDevOutEP_itr               0x08004a06   Section        0  usb_core.o(i.USB_OTG_ReadDevOutEP_itr)
    i.USB_OTG_ReadPacket                     0x08004a1a   Section        0  usb_core.o(i.USB_OTG_ReadPacket)
    i.USB_OTG_SelectCore                     0x08004a44   Section        0  usb_core.o(i.USB_OTG_SelectCore)
    i.USB_OTG_SetCurrentMode                 0x08004b14   Section        0  usb_core.o(i.USB_OTG_SetCurrentMode)
    i.USB_OTG_UngateClock                    0x08004b62   Section        0  usb_core.o(i.USB_OTG_UngateClock)
    i.USB_OTG_WritePacket                    0x08004b9a   Section        0  usb_core.o(i.USB_OTG_WritePacket)
    i.UsageFault_Handler                     0x08004bda   Section        0  stm32f4xx_it.o(i.UsageFault_Handler)
    i.VolumeCtl                              0x08004be0   Section        0  usbd_audio_out_if.o(i.VolumeCtl)
    VolumeCtl                                0x08004be1   Thumb Code    26  usbd_audio_out_if.o(i.VolumeCtl)
    i.WavePlayerInit                         0x08004c00   Section        0  waveplayer.o(i.WavePlayerInit)
    i.main                                   0x08004c24   Section        0  main.o(i.main)
    i.usbd_ConfigureAudio                    0x08004cd4   Section        0  usbd_audio_core.o(i.usbd_ConfigureAudio)
    i.usbd_audio_DataIn                      0x08004d5c   Section        0  usbd_audio_core.o(i.usbd_audio_DataIn)
    usbd_audio_DataIn                        0x08004d5d   Thumb Code     6  usbd_audio_core.o(i.usbd_audio_DataIn)
    i.usbd_audio_DataOut                     0x08004d64   Section        0  usbd_audio_core.o(i.usbd_audio_DataOut)
    usbd_audio_DataOut                       0x08004d65   Thumb Code   140  usbd_audio_core.o(i.usbd_audio_DataOut)
    i.usbd_audio_DeInit                      0x08004e00   Section        0  usbd_audio_core.o(i.usbd_audio_DeInit)
    usbd_audio_DeInit                        0x08004e01   Thumb Code    32  usbd_audio_core.o(i.usbd_audio_DeInit)
    i.usbd_audio_EP0_RxReady                 0x08004e24   Section        0  usbd_audio_core.o(i.usbd_audio_EP0_RxReady)
    usbd_audio_EP0_RxReady                   0x08004e25   Thumb Code    44  usbd_audio_core.o(i.usbd_audio_EP0_RxReady)
    i.usbd_audio_Init                        0x08004e64   Section        0  usbd_audio_core.o(i.usbd_audio_Init)
    usbd_audio_Init                          0x08004e65   Thumb Code    62  usbd_audio_core.o(i.usbd_audio_Init)
    i.usbd_audio_OUT_Incplt                  0x08004eb4   Section        0  usbd_audio_core.o(i.usbd_audio_OUT_Incplt)
    usbd_audio_OUT_Incplt                    0x08004eb5   Thumb Code     6  usbd_audio_core.o(i.usbd_audio_OUT_Incplt)
    i.usbd_audio_SOF                         0x08004ebc   Section        0  usbd_audio_core.o(i.usbd_audio_SOF)
    usbd_audio_SOF                           0x08004ebd   Thumb Code   112  usbd_audio_core.o(i.usbd_audio_SOF)
    i.usbd_audio_Setup                       0x08004f44   Section        0  usbd_audio_core.o(i.usbd_audio_Setup)
    usbd_audio_Setup                         0x08004f45   Thumb Code   172  usbd_audio_core.o(i.usbd_audio_Setup)
    x$fpl$fpinit                             0x08004ff8   Section       10  fpinit.o(x$fpl$fpinit)
    $v0                                      0x08004ff8   Number         0  fpinit.o(x$fpl$fpinit)
    .constdata                               0x08005004   Section       37  stm32f4_discovery.o(.constdata)
    .data                                    0x20000000   Section        4  main.o(.data)
    .data                                    0x20000004   Section        6  stm32f4xx_it.o(.data)
    .data                                    0x2000000c   Section       20  system_stm32f4xx.o(.data)
    .data                                    0x20000020   Section       14  waveplayer.o(.data)
    TimingDelay                              0x20000024   Data           4  waveplayer.o(.data)
    .data                                    0x20000030   Section      192  usbd_audio_core.o(.data)
    PlayFlag                                 0x20000044   Data           4  usbd_audio_core.o(.data)
    usbd_audio_AltSet                        0x20000048   Data           4  usbd_audio_core.o(.data)
    usbd_audio_CfgDesc                       0x20000078   Data         109  usbd_audio_core.o(.data)
    sUSBD_AUDIO_FREQ                         0x200000e8   Data           4  usbd_audio_core.o(.data)
    sAUDIO_OUT_PACKET                        0x200000ec   Data           4  usbd_audio_core.o(.data)
    .data                                    0x200000f0   Section       44  usbd_audio_out_if.o(.data)
    Initialized                              0x20000114   Data           4  usbd_audio_out_if.o(.data)
    startPlay                                0x20000118   Data           4  usbd_audio_out_if.o(.data)
    .data                                    0x2000011c   Section       52  usbd_core.o(.data)
    .data                                    0x20000150   Section       60  usbd_desc.o(.data)
    .data                                    0x2000018c   Section       13  usbd_req.o(.data)
    cfgidx                                   0x20000198   Data           1  usbd_req.o(.data)
    .data                                    0x2000019c   Section       28  usbd_usr.o(.data)
    .data                                    0x200001b8   Section       16  stm32f4xx_rcc.o(.data)
    APBAHBPrescTable                         0x200001b8   Data          16  stm32f4xx_rcc.o(.data)
    .data                                    0x200001c8   Section       24  stm32f4_discovery.o(.data)
    .data                                    0x200001e0   Section       64  stm32f4_discovery_audio_codec.o(.data)
    .data                                    0x20000220   Section        4  stm32f4_discovery_lis302dl.o(.data)
    .bss                                     0x20000224   Section     1540  main.o(.bss)
    .bss                                     0x20000828   Section     1600  usbd_audio_core.o(.bss)
    .bss                                     0x20000e68   Section    57600  usbd_audio_out_if.o(.bss)
    .bss                                     0x2000ef68   Section       50  usbd_req.o(.bss)
    .bss                                     0x2000ef9c   Section      120  stm32f4_discovery_audio_codec.o(.bss)
    .bss                                     0x2000f014   Section       96  libspace.o(.bss)
    HEAP                                     0x2000f078   Section      512  startup_stm32f4xx.o(HEAP)
    Heap_Mem                                 0x2000f078   Data         512  startup_stm32f4xx.o(HEAP)
    STACK                                    0x2000f278   Section     1024  startup_stm32f4xx.o(STACK)
    Stack_Mem                                0x2000f278   Data        1024  startup_stm32f4xx.o(STACK)
    __initial_sp                             0x2000f678   Data           0  startup_stm32f4xx.o(STACK)

    Global Symbols

    Symbol Name                              Value     Ov Type        Size  Object(Section)

    BuildAttributes$$THM_ISAv4$E$P$D$K$B$S$7EM$VFPi3$EXTD16$VFPS$VFMA$PE$A:L22UL41UL21$X:L11$S22US41US21$IEEE1$IW$USESV6$~STKCKD$USESV7$~SHL$OSPACE$ROPI$EBA8$UX$STANDARDLIB$REQ8$PRES8$EABIv2 0x00000000   Number         0  anon$$obj.o ABSOLUTE
    __ARM_use_no_argv                        0x00000000   Number         0  main.o ABSOLUTE
    __ARM_exceptions_init                     - Undefined Weak Reference
    __alloca_initialize                       - Undefined Weak Reference
    __arm_preinit_                            - Undefined Weak Reference
    __cpp_initialize__aeabi_                  - Undefined Weak Reference
    __cxa_finalize                            - Undefined Weak Reference
    __rt_locale                               - Undefined Weak Reference
    __sigvec_lookup                           - Undefined Weak Reference
    _atexit_init                              - Undefined Weak Reference
    _call_atexit_fns                          - Undefined Weak Reference
    _clock_init                               - Undefined Weak Reference
    _fp_trap_init                             - Undefined Weak Reference
    _fp_trap_shutdown                         - Undefined Weak Reference
    _get_lc_collate                           - Undefined Weak Reference
    _get_lc_ctype                             - Undefined Weak Reference
    _get_lc_monetary                          - Undefined Weak Reference
    _get_lc_numeric                           - Undefined Weak Reference
    _get_lc_time                              - Undefined Weak Reference
    _getenv_init                              - Undefined Weak Reference
    _handle_redirection                       - Undefined Weak Reference
    _init_alloc                               - Undefined Weak Reference
    _init_user_alloc                          - Undefined Weak Reference
    _initio                                   - Undefined Weak Reference
    _rand_init                                - Undefined Weak Reference
    _signal_finish                            - Undefined Weak Reference
    _signal_init                              - Undefined Weak Reference
    _terminate_alloc                          - Undefined Weak Reference
    _terminate_user_alloc                     - Undefined Weak Reference
    _terminateio                              - Undefined Weak Reference
    __Vectors_Size                           0x00000188   Number         0  startup_stm32f4xx.o ABSOLUTE
    __Vectors                                0x08000000   Data           4  startup_stm32f4xx.o(RESET)
    __Vectors_End                            0x08000188   Data           0  startup_stm32f4xx.o(RESET)
    __main                                   0x08000189   Thumb Code     8  __main.o(!!!main)
    __scatterload                            0x08000191   Thumb Code     0  __scatter.o(!!!scatter)
    __scatterload_rt2                        0x08000191   Thumb Code    44  __scatter.o(!!!scatter)
    __scatterload_rt2_thumb_only             0x08000191   Thumb Code     0  __scatter.o(!!!scatter)
    __scatterload_null                       0x0800019f   Thumb Code     0  __scatter.o(!!!scatter)
    __decompress                             0x080001c5   Thumb Code    90  __dczerorl2.o(!!dczerorl2)
    __decompress1                            0x080001c5   Thumb Code     0  __dczerorl2.o(!!dczerorl2)
    __scatterload_zeroinit                   0x08000221   Thumb Code    28  __scatter_zi.o(!!handler_zi)
    __rt_lib_init                            0x0800023d   Thumb Code     0  libinit.o(.ARM.Collect$$libinit$$00000000)
    __rt_lib_init_fp_1                       0x0800023f   Thumb Code     0  libinit2.o(.ARM.Collect$$libinit$$00000001)
    __rt_lib_init_alloca_1                   0x08000243   Thumb Code     0  libinit2.o(.ARM.Collect$$libinit$$0000002E)
    __rt_lib_init_argv_1                     0x08000243   Thumb Code     0  libinit2.o(.ARM.Collect$$libinit$$0000002C)
    __rt_lib_init_atexit_1                   0x08000243   Thumb Code     0  libinit2.o(.ARM.Collect$$libinit$$0000001B)
    __rt_lib_init_clock_1                    0x08000243   Thumb Code     0  libinit2.o(.ARM.Collect$$libinit$$00000021)
    __rt_lib_init_cpp_1                      0x08000243   Thumb Code     0  libinit2.o(.ARM.Collect$$libinit$$00000032)
    __rt_lib_init_exceptions_1               0x08000243   Thumb Code     0  libinit2.o(.ARM.Collect$$libinit$$00000030)
    __rt_lib_init_fp_trap_1                  0x08000243   Thumb Code     0  libinit2.o(.ARM.Collect$$libinit$$0000001F)
    __rt_lib_init_getenv_1                   0x08000243   Thumb Code     0  libinit2.o(.ARM.Collect$$libinit$$00000023)
    __rt_lib_init_heap_1                     0x08000243   Thumb Code     0  libinit2.o(.ARM.Collect$$libinit$$0000000A)
    __rt_lib_init_lc_collate_1               0x08000243   Thumb Code     0  libinit2.o(.ARM.Collect$$libinit$$00000011)
    __rt_lib_init_lc_ctype_1                 0x08000243   Thumb Code     0  libinit2.o(.ARM.Collect$$libinit$$00000013)
    __rt_lib_init_lc_monetary_1              0x08000243   Thumb Code     0  libinit2.o(.ARM.Collect$$libinit$$00000015)
    __rt_lib_init_lc_numeric_1               0x08000243   Thumb Code     0  libinit2.o(.ARM.Collect$$libinit$$00000017)
    __rt_lib_init_lc_time_1                  0x08000243   Thumb Code     0  libinit2.o(.ARM.Collect$$libinit$$00000019)
    __rt_lib_init_preinit_1                  0x08000243   Thumb Code     0  libinit2.o(.ARM.Collect$$libinit$$00000004)
    __rt_lib_init_rand_1                     0x08000243   Thumb Code     0  libinit2.o(.ARM.Collect$$libinit$$0000000E)
    __rt_lib_init_return                     0x08000243   Thumb Code     0  libinit2.o(.ARM.Collect$$libinit$$00000033)
    __rt_lib_init_signal_1                   0x08000243   Thumb Code     0  libinit2.o(.ARM.Collect$$libinit$$0000001D)
    __rt_lib_init_stdio_1                    0x08000243   Thumb Code     0  libinit2.o(.ARM.Collect$$libinit$$00000025)
    __rt_lib_init_user_alloc_1               0x08000243   Thumb Code     0  libinit2.o(.ARM.Collect$$libinit$$0000000C)
    __rt_lib_shutdown                        0x08000245   Thumb Code     0  libshutdown.o(.ARM.Collect$$libshutdown$$00000000)
    __rt_lib_shutdown_cpp_1                  0x08000247   Thumb Code     0  libshutdown2.o(.ARM.Collect$$libshutdown$$00000002)
    __rt_lib_shutdown_fp_trap_1              0x08000247   Thumb Code     0  libshutdown2.o(.ARM.Collect$$libshutdown$$00000007)
    __rt_lib_shutdown_heap_1                 0x08000247   Thumb Code     0  libshutdown2.o(.ARM.Collect$$libshutdown$$0000000F)
    __rt_lib_shutdown_return                 0x08000247   Thumb Code     0  libshutdown2.o(.ARM.Collect$$libshutdown$$00000010)
    __rt_lib_shutdown_signal_1               0x08000247   Thumb Code     0  libshutdown2.o(.ARM.Collect$$libshutdown$$0000000A)
    __rt_lib_shutdown_stdio_1                0x08000247   Thumb Code     0  libshutdown2.o(.ARM.Collect$$libshutdown$$00000004)
    __rt_lib_shutdown_user_alloc_1           0x08000247   Thumb Code     0  libshutdown2.o(.ARM.Collect$$libshutdown$$0000000C)
    __rt_entry                               0x08000249   Thumb Code     0  __rtentry.o(.ARM.Collect$$rtentry$$00000000)
    __rt_entry_presh_1                       0x08000249   Thumb Code     0  __rtentry2.o(.ARM.Collect$$rtentry$$00000002)
    __rt_entry_sh                            0x08000249   Thumb Code     0  __rtentry4.o(.ARM.Collect$$rtentry$$00000004)
    __rt_entry_li                            0x0800024f   Thumb Code     0  __rtentry2.o(.ARM.Collect$$rtentry$$0000000A)
    __rt_entry_postsh_1                      0x0800024f   Thumb Code     0  __rtentry2.o(.ARM.Collect$$rtentry$$00000009)
    __rt_entry_main                          0x08000253   Thumb Code     0  __rtentry2.o(.ARM.Collect$$rtentry$$0000000D)
    __rt_entry_postli_1                      0x08000253   Thumb Code     0  __rtentry2.o(.ARM.Collect$$rtentry$$0000000C)
    __rt_exit                                0x0800025b   Thumb Code     0  rtexit.o(.ARM.Collect$$rtexit$$00000000)
    __rt_exit_ls                             0x0800025d   Thumb Code     0  rtexit2.o(.ARM.Collect$$rtexit$$00000003)
    __rt_exit_prels_1                        0x0800025d   Thumb Code     0  rtexit2.o(.ARM.Collect$$rtexit$$00000002)
    __rt_exit_exit                           0x08000261   Thumb Code     0  rtexit2.o(.ARM.Collect$$rtexit$$00000004)
    Reset_Handler                            0x08000269   Thumb Code     8  startup_stm32f4xx.o(.text)
    ADC_IRQHandler                           0x08000283   Thumb Code     0  startup_stm32f4xx.o(.text)
    CAN1_RX0_IRQHandler                      0x08000283   Thumb Code     0  startup_stm32f4xx.o(.text)
    CAN1_RX1_IRQHandler                      0x08000283   Thumb Code     0  startup_stm32f4xx.o(.text)
    CAN1_SCE_IRQHandler                      0x08000283   Thumb Code     0  startup_stm32f4xx.o(.text)
    CAN1_TX_IRQHandler                       0x08000283   Thumb Code     0  startup_stm32f4xx.o(.text)
    CAN2_RX0_IRQHandler                      0x08000283   Thumb Code     0  startup_stm32f4xx.o(.text)
    CAN2_RX1_IRQHandler                      0x08000283   Thumb Code     0  startup_stm32f4xx.o(.text)
    CAN2_SCE_IRQHandler                      0x08000283   Thumb Code     0  startup_stm32f4xx.o(.text)
    CAN2_TX_IRQHandler                       0x08000283   Thumb Code     0  startup_stm32f4xx.o(.text)
    CRYP_IRQHandler                          0x08000283   Thumb Code     0  startup_stm32f4xx.o(.text)
    DCMI_IRQHandler                          0x08000283   Thumb Code     0  startup_stm32f4xx.o(.text)
    DMA1_Stream1_IRQHandler                  0x08000283   Thumb Code     0  startup_stm32f4xx.o(.text)
    DMA1_Stream2_IRQHandler                  0x08000283   Thumb Code     0  startup_stm32f4xx.o(.text)
    DMA1_Stream3_IRQHandler                  0x08000283   Thumb Code     0  startup_stm32f4xx.o(.text)
    DMA1_Stream4_IRQHandler                  0x08000283   Thumb Code     0  startup_stm32f4xx.o(.text)
    DMA1_Stream5_IRQHandler                  0x08000283   Thumb Code     0  startup_stm32f4xx.o(.text)
    DMA1_Stream6_IRQHandler                  0x08000283   Thumb Code     0  startup_stm32f4xx.o(.text)
    DMA2_Stream0_IRQHandler                  0x08000283   Thumb Code     0  startup_stm32f4xx.o(.text)
    DMA2_Stream1_IRQHandler                  0x08000283   Thumb Code     0  startup_stm32f4xx.o(.text)
    DMA2_Stream2_IRQHandler                  0x08000283   Thumb Code     0  startup_stm32f4xx.o(.text)
    DMA2_Stream3_IRQHandler                  0x08000283   Thumb Code     0  startup_stm32f4xx.o(.text)
    DMA2_Stream4_IRQHandler                  0x08000283   Thumb Code     0  startup_stm32f4xx.o(.text)
    DMA2_Stream5_IRQHandler                  0x08000283   Thumb Code     0  startup_stm32f4xx.o(.text)
    DMA2_Stream6_IRQHandler                  0x08000283   Thumb Code     0  startup_stm32f4xx.o(.text)
    DMA2_Stream7_IRQHandler                  0x08000283   Thumb Code     0  startup_stm32f4xx.o(.text)
    ETH_IRQHandler                           0x08000283   Thumb Code     0  startup_stm32f4xx.o(.text)
    ETH_WKUP_IRQHandler                      0x08000283   Thumb Code     0  startup_stm32f4xx.o(.text)
    EXTI0_IRQHandler                         0x08000283   Thumb Code     0  startup_stm32f4xx.o(.text)
    EXTI15_10_IRQHandler                     0x08000283   Thumb Code     0  startup_stm32f4xx.o(.text)
    EXTI2_IRQHandler                         0x08000283   Thumb Code     0  startup_stm32f4xx.o(.text)
    EXTI3_IRQHandler                         0x08000283   Thumb Code     0  startup_stm32f4xx.o(.text)
    EXTI4_IRQHandler                         0x08000283   Thumb Code     0  startup_stm32f4xx.o(.text)
    EXTI9_5_IRQHandler                       0x08000283   Thumb Code     0  startup_stm32f4xx.o(.text)
    FLASH_IRQHandler                         0x08000283   Thumb Code     0  startup_stm32f4xx.o(.text)
    FPU_IRQHandler                           0x08000283   Thumb Code     0  startup_stm32f4xx.o(.text)
    FSMC_IRQHandler                          0x08000283   Thumb Code     0  startup_stm32f4xx.o(.text)
    HASH_RNG_IRQHandler                      0x08000283   Thumb Code     0  startup_stm32f4xx.o(.text)
    I2C1_ER_IRQHandler                       0x08000283   Thumb Code     0  startup_stm32f4xx.o(.text)
    I2C1_EV_IRQHandler                       0x08000283   Thumb Code     0  startup_stm32f4xx.o(.text)
    I2C2_ER_IRQHandler                       0x08000283   Thumb Code     0  startup_stm32f4xx.o(.text)
    I2C2_EV_IRQHandler                       0x08000283   Thumb Code     0  startup_stm32f4xx.o(.text)
    I2C3_ER_IRQHandler                       0x08000283   Thumb Code     0  startup_stm32f4xx.o(.text)
    I2C3_EV_IRQHandler                       0x08000283   Thumb Code     0  startup_stm32f4xx.o(.text)
    OTG_HS_EP1_IN_IRQHandler                 0x08000283   Thumb Code     0  startup_stm32f4xx.o(.text)
    OTG_HS_EP1_OUT_IRQHandler                0x08000283   Thumb Code     0  startup_stm32f4xx.o(.text)
    OTG_HS_IRQHandler                        0x08000283   Thumb Code     0  startup_stm32f4xx.o(.text)
    OTG_HS_WKUP_IRQHandler                   0x08000283   Thumb Code     0  startup_stm32f4xx.o(.text)
    PVD_IRQHandler                           0x08000283   Thumb Code     0  startup_stm32f4xx.o(.text)
    RCC_IRQHandler                           0x08000283   Thumb Code     0  startup_stm32f4xx.o(.text)
    RTC_Alarm_IRQHandler                     0x08000283   Thumb Code     0  startup_stm32f4xx.o(.text)
    RTC_WKUP_IRQHandler                      0x08000283   Thumb Code     0  startup_stm32f4xx.o(.text)
    SDIO_IRQHandler                          0x08000283   Thumb Code     0  startup_stm32f4xx.o(.text)
    SPI1_IRQHandler                          0x08000283   Thumb Code     0  startup_stm32f4xx.o(.text)
    SPI2_IRQHandler                          0x08000283   Thumb Code     0  startup_stm32f4xx.o(.text)
    TAMP_STAMP_IRQHandler                    0x08000283   Thumb Code     0  startup_stm32f4xx.o(.text)
    TIM1_BRK_TIM9_IRQHandler                 0x08000283   Thumb Code     0  startup_stm32f4xx.o(.text)
    TIM1_CC_IRQHandler                       0x08000283   Thumb Code     0  startup_stm32f4xx.o(.text)
    TIM1_TRG_COM_TIM11_IRQHandler            0x08000283   Thumb Code     0  startup_stm32f4xx.o(.text)
    TIM1_UP_TIM10_IRQHandler                 0x08000283   Thumb Code     0  startup_stm32f4xx.o(.text)
    TIM2_IRQHandler                          0x08000283   Thumb Code     0  startup_stm32f4xx.o(.text)
    TIM3_IRQHandler                          0x08000283   Thumb Code     0  startup_stm32f4xx.o(.text)
    TIM5_IRQHandler                          0x08000283   Thumb Code     0  startup_stm32f4xx.o(.text)
    TIM6_DAC_IRQHandler                      0x08000283   Thumb Code     0  startup_stm32f4xx.o(.text)
    TIM7_IRQHandler                          0x08000283   Thumb Code     0  startup_stm32f4xx.o(.text)
    TIM8_BRK_TIM12_IRQHandler                0x08000283   Thumb Code     0  startup_stm32f4xx.o(.text)
    TIM8_CC_IRQHandler                       0x08000283   Thumb Code     0  startup_stm32f4xx.o(.text)
    TIM8_TRG_COM_TIM14_IRQHandler            0x08000283   Thumb Code     0  startup_stm32f4xx.o(.text)
    TIM8_UP_TIM13_IRQHandler                 0x08000283   Thumb Code     0  startup_stm32f4xx.o(.text)
    UART4_IRQHandler                         0x08000283   Thumb Code     0  startup_stm32f4xx.o(.text)
    UART5_IRQHandler                         0x08000283   Thumb Code     0  startup_stm32f4xx.o(.text)
    USART1_IRQHandler                        0x08000283   Thumb Code     0  startup_stm32f4xx.o(.text)
    USART2_IRQHandler                        0x08000283   Thumb Code     0  startup_stm32f4xx.o(.text)
    USART3_IRQHandler                        0x08000283   Thumb Code     0  startup_stm32f4xx.o(.text)
    USART6_IRQHandler                        0x08000283   Thumb Code     0  startup_stm32f4xx.o(.text)
    WWDG_IRQHandler                          0x08000283   Thumb Code     0  startup_stm32f4xx.o(.text)
    __user_initial_stackheap                 0x08000285   Thumb Code     0  startup_stm32f4xx.o(.text)
    __aeabi_memcpy                           0x080002a9   Thumb Code     0  rt_memcpy_v6.o(.text)
    __rt_memcpy                              0x080002a9   Thumb Code   138  rt_memcpy_v6.o(.text)
    _memcpy_lastbytes                        0x0800030f   Thumb Code     0  rt_memcpy_v6.o(.text)
    __aeabi_memclr                           0x08000333   Thumb Code     0  rt_memclr.o(.text)
    __rt_memclr                              0x08000333   Thumb Code    68  rt_memclr.o(.text)
    _memset                                  0x08000337   Thumb Code     0  rt_memclr.o(.text)
    __use_two_region_memory                  0x08000377   Thumb Code     2  heapauxi.o(.text)
    __rt_heap_escrow$2region                 0x08000379   Thumb Code     2  heapauxi.o(.text)
    __rt_heap_expand$2region                 0x0800037b   Thumb Code     2  heapauxi.o(.text)
    __aeabi_memcpy4                          0x0800037d   Thumb Code     0  rt_memcpy_w.o(.text)
    __aeabi_memcpy8                          0x0800037d   Thumb Code     0  rt_memcpy_w.o(.text)
    __rt_memcpy_w                            0x0800037d   Thumb Code   100  rt_memcpy_w.o(.text)
    _memcpy_lastbytes_aligned                0x080003c5   Thumb Code     0  rt_memcpy_w.o(.text)
    __aeabi_memclr4                          0x080003e1   Thumb Code     0  rt_memclr_w.o(.text)
    __aeabi_memclr8                          0x080003e1   Thumb Code     0  rt_memclr_w.o(.text)
    __rt_memclr_w                            0x080003e1   Thumb Code    78  rt_memclr_w.o(.text)
    _memset_w                                0x080003e5   Thumb Code     0  rt_memclr_w.o(.text)
    __user_setup_stackheap                   0x0800042f   Thumb Code    74  sys_stackheap_outer.o(.text)
    exit                                     0x08000479   Thumb Code    18  exit.o(.text)
    __user_libspace                          0x0800048d   Thumb Code     8  libspace.o(.text)
    __user_perproc_libspace                  0x0800048d   Thumb Code     0  libspace.o(.text)
    __user_perthread_libspace                0x0800048d   Thumb Code     0  libspace.o(.text)
    _sys_exit                                0x08000495   Thumb Code     8  sys_exit.o(.text)
    __I$use$semihosting                      0x080004a1   Thumb Code     0  use_no_semi.o(.text)
    __use_no_semihosting_swi                 0x080004a1   Thumb Code     2  use_no_semi.o(.text)
    __semihosting_library_function           0x080004a3   Thumb Code     0  indicate_semi.o(.text)
    Audio_MAL_Play                           0x0800080d   Thumb Code    92  stm32f4_discovery_audio_codec.o(i.Audio_MAL_Play)
    BusFault_Handler                         0x08000879   Thumb Code     4  stm32f4xx_it.o(i.BusFault_Handler)
    Codec_TIMEOUT_UserCallback               0x08000d5d   Thumb Code     4  waveplayer.o(i.Codec_TIMEOUT_UserCallback)
    DAC_Cmd                                  0x08000ed1   Thumb Code    34  stm32f4xx_dac.o(i.DAC_Cmd)
    DAC_Config                               0x08000ef9   Thumb Code    70  stm32f4_discovery_audio_codec.o(i.DAC_Config)
    DAC_Init                                 0x08000f49   Thumb Code    46  stm32f4xx_dac.o(i.DAC_Init)
    DAC_SetChannel1Data                      0x08000f7d   Thumb Code    26  stm32f4xx_dac.o(i.DAC_SetChannel1Data)
    DCD_EP_Close                             0x08000f9d   Thumb Code    74  usb_dcd.o(i.DCD_EP_Close)
    DCD_EP_ClrStall                          0x08000fe7   Thumb Code    72  usb_dcd.o(i.DCD_EP_ClrStall)
    DCD_EP_Open                              0x0800102f   Thumb Code   104  usb_dcd.o(i.DCD_EP_Open)
    DCD_EP_PrepareRx                         0x08001097   Thumb Code    82  usb_dcd.o(i.DCD_EP_PrepareRx)
    DCD_EP_SetAddress                        0x080010e9   Thumb Code    28  usb_dcd.o(i.DCD_EP_SetAddress)
    DCD_EP_Stall                             0x08001105   Thumb Code    72  usb_dcd.o(i.DCD_EP_Stall)
    DCD_EP_Tx                                0x0800114d   Thumb Code    78  usb_dcd.o(i.DCD_EP_Tx)
    DCD_Init                                 0x08001739   Thumb Code   156  usb_dcd.o(i.DCD_Init)
    DMA1_Stream0_IRQHandler                  0x080018e5   Thumb Code     8  stm32f4_discovery_audio_codec.o(i.DMA1_Stream0_IRQHandler)
    DMA1_Stream7_IRQHandler                  0x080018ed   Thumb Code     8  stm32f4_discovery_audio_codec.o(i.DMA1_Stream7_IRQHandler)
    DMA_ClearFlag                            0x080018f5   Thumb Code    38  stm32f4xx_dma.o(i.DMA_ClearFlag)
    DMA_Cmd                                  0x08001929   Thumb Code    22  stm32f4xx_dma.o(i.DMA_Cmd)
    DMA_DeInit                               0x08001941   Thumb Code   324  stm32f4xx_dma.o(i.DMA_DeInit)
    DMA_GetCmdStatus                         0x08001a99   Thumb Code    20  stm32f4xx_dma.o(i.DMA_GetCmdStatus)
    DMA_GetFlagStatus                        0x08001aad   Thumb Code    54  stm32f4xx_dma.o(i.DMA_GetFlagStatus)
    DMA_ITConfig                             0x08001af1   Thumb Code    58  stm32f4xx_dma.o(i.DMA_ITConfig)
    DMA_Init                                 0x08001b2d   Thumb Code    82  stm32f4xx_dma.o(i.DMA_Init)
    DebugMon_Handler                         0x08001b95   Thumb Code     2  stm32f4xx_it.o(i.DebugMon_Handler)
    EVAL_AUDIO_GetSampleCallBack             0x08001ba9   Thumb Code     4  waveplayer.o(i.EVAL_AUDIO_GetSampleCallBack)
    EVAL_AUDIO_Init                          0x08001bad   Thumb Code    58  stm32f4_discovery_audio_codec.o(i.EVAL_AUDIO_Init)
    EVAL_AUDIO_Mute                          0x08001be7   Thumb Code    12  stm32f4_discovery_audio_codec.o(i.EVAL_AUDIO_Mute)
    EVAL_AUDIO_Play                          0x08001bf5   Thumb Code    88  stm32f4_discovery_audio_codec.o(i.EVAL_AUDIO_Play)
    EVAL_AUDIO_SetAudioInterface             0x08001c59   Thumb Code   156  stm32f4_discovery_audio_codec.o(i.EVAL_AUDIO_SetAudioInterface)
    EVAL_AUDIO_TransferComplete_CallBack     0x08001d35   Thumb Code     2  waveplayer.o(i.EVAL_AUDIO_TransferComplete_CallBack)
    EVAL_AUDIO_VolumeCtl                     0x08001d37   Thumb Code    32  stm32f4_discovery_audio_codec.o(i.EVAL_AUDIO_VolumeCtl)
    EXTI1_IRQHandler                         0x08001d59   Thumb Code    50  stm32f4xx_it.o(i.EXTI1_IRQHandler)
    EXTI_ClearITPendingBit                   0x08001d95   Thumb Code     6  stm32f4xx_exti.o(i.EXTI_ClearITPendingBit)
    EXTI_GetITStatus                         0x08001da1   Thumb Code    34  stm32f4xx_exti.o(i.EXTI_GetITStatus)
    GPIO_Init                                0x08001dc9   Thumb Code   144  stm32f4xx_gpio.o(i.GPIO_Init)
    GPIO_PinAFConfig                         0x08001e59   Thumb Code    70  stm32f4xx_gpio.o(i.GPIO_PinAFConfig)
    GPIO_ResetBits                           0x08001e9f   Thumb Code     4  stm32f4xx_gpio.o(i.GPIO_ResetBits)
    GPIO_SetBits                             0x08001ea3   Thumb Code     4  stm32f4xx_gpio.o(i.GPIO_SetBits)
    GPIO_WriteBit                            0x08001ea7   Thumb Code    10  stm32f4xx_gpio.o(i.GPIO_WriteBit)
    HardFault_Handler                        0x08001ebd   Thumb Code     4  stm32f4xx_it.o(i.HardFault_Handler)
    I2C_AcknowledgeConfig                    0x08001ec1   Thumb Code    24  stm32f4xx_i2c.o(i.I2C_AcknowledgeConfig)
    I2C_CheckEvent                           0x08001ed9   Thumb Code    42  stm32f4xx_i2c.o(i.I2C_CheckEvent)
    I2C_ClearFlag                            0x08001f03   Thumb Code    12  stm32f4xx_i2c.o(i.I2C_ClearFlag)
    I2C_Cmd                                  0x08001f0f   Thumb Code    24  stm32f4xx_i2c.o(i.I2C_Cmd)
    I2C_DeInit                               0x08001f29   Thumb Code    82  stm32f4xx_i2c.o(i.I2C_DeInit)
    I2C_GenerateSTART                        0x08001f89   Thumb Code    24  stm32f4xx_i2c.o(i.I2C_GenerateSTART)
    I2C_GenerateSTOP                         0x08001fa1   Thumb Code    24  stm32f4xx_i2c.o(i.I2C_GenerateSTOP)
    I2C_GetFlagStatus                        0x08001fb9   Thumb Code    58  stm32f4xx_i2c.o(i.I2C_GetFlagStatus)
    I2C_Init                                 0x08001ff5   Thumb Code   218  stm32f4xx_i2c.o(i.I2C_Init)
    I2C_ReceiveData                          0x080020dd   Thumb Code     8  stm32f4xx_i2c.o(i.I2C_ReceiveData)
    I2C_Send7bitAddress                      0x080020e5   Thumb Code    16  stm32f4xx_i2c.o(i.I2C_Send7bitAddress)
    I2C_SendData                             0x080020f5   Thumb Code     4  stm32f4xx_i2c.o(i.I2C_SendData)
    I2S_Cmd                                  0x080020f9   Thumb Code    24  stm32f4xx_spi.o(i.I2S_Cmd)
    I2S_Init                                 0x08002111   Thumb Code   350  stm32f4xx_spi.o(i.I2S_Init)
    LIS302DL_Init                            0x080022a9   Thumb Code    44  stm32f4_discovery_lis302dl.o(i.LIS302DL_Init)
    LIS302DL_InterruptConfig                 0x080022d5   Thumb Code    42  stm32f4_discovery_lis302dl.o(i.LIS302DL_InterruptConfig)
    LIS302DL_Read                            0x08002435   Thumb Code    66  stm32f4_discovery_lis302dl.o(i.LIS302DL_Read)
    LIS302DL_TIMEOUT_UserCallback            0x080024f1   Thumb Code     4  waveplayer.o(i.LIS302DL_TIMEOUT_UserCallback)
    LIS302DL_Write                           0x080024f5   Thumb Code    58  stm32f4_discovery_lis302dl.o(i.LIS302DL_Write)
    MemManage_Handler                        0x08002535   Thumb Code     4  stm32f4xx_it.o(i.MemManage_Handler)
    NMI_Handler                              0x0800260d   Thumb Code     2  stm32f4xx_it.o(i.NMI_Handler)
    NVIC_Init                                0x08002611   Thumb Code   106  misc.o(i.NVIC_Init)
    NVIC_PriorityGroupConfig                 0x08002689   Thumb Code    10  misc.o(i.NVIC_PriorityGroupConfig)
    OTG_FS_IRQHandler                        0x0800269d   Thumb Code    10  stm32f4xx_it.o(i.OTG_FS_IRQHandler)
    OTG_FS_WKUP_IRQHandler                   0x080026ad   Thumb Code    40  stm32f4xx_it.o(i.OTG_FS_WKUP_IRQHandler)
    PendSV_Handler                           0x080026dd   Thumb Code     2  stm32f4xx_it.o(i.PendSV_Handler)
    RCC_AHB1PeriphClockCmd                   0x080026e5   Thumb Code    26  stm32f4xx_rcc.o(i.RCC_AHB1PeriphClockCmd)
    RCC_AHB2PeriphClockCmd                   0x08002705   Thumb Code    26  stm32f4xx_rcc.o(i.RCC_AHB2PeriphClockCmd)
    RCC_APB1PeriphClockCmd                   0x08002725   Thumb Code    26  stm32f4xx_rcc.o(i.RCC_APB1PeriphClockCmd)
    RCC_APB1PeriphResetCmd                   0x08002745   Thumb Code    26  stm32f4xx_rcc.o(i.RCC_APB1PeriphResetCmd)
    RCC_APB2PeriphClockCmd                   0x08002765   Thumb Code    26  stm32f4xx_rcc.o(i.RCC_APB2PeriphClockCmd)
    RCC_APB2PeriphResetCmd                   0x08002785   Thumb Code    26  stm32f4xx_rcc.o(i.RCC_APB2PeriphResetCmd)
    RCC_GetClocksFreq                        0x080027a5   Thumb Code   214  stm32f4xx_rcc.o(i.RCC_GetClocksFreq)
    RCC_GetFlagStatus                        0x0800288d   Thumb Code    60  stm32f4xx_rcc.o(i.RCC_GetFlagStatus)
    RCC_HSEConfig                            0x080028cd   Thumb Code    12  stm32f4xx_rcc.o(i.RCC_HSEConfig)
    RCC_WaitForHSEStartUp                    0x080028dd   Thumb Code    56  stm32f4xx_rcc.o(i.RCC_WaitForHSEStartUp)
    SPI3_IRQHandler                          0x08002915   Thumb Code    50  stm32f4_discovery_audio_codec.o(i.SPI3_IRQHandler)
    SPI_Cmd                                  0x08002951   Thumb Code    24  stm32f4xx_spi.o(i.SPI_Cmd)
    SPI_I2S_DMACmd                           0x08002969   Thumb Code    18  stm32f4xx_spi.o(i.SPI_I2S_DMACmd)
    SPI_I2S_DeInit                           0x0800297d   Thumb Code    76  stm32f4xx_spi.o(i.SPI_I2S_DeInit)
    SPI_I2S_GetFlagStatus                    0x080029d5   Thumb Code    18  stm32f4xx_spi.o(i.SPI_I2S_GetFlagStatus)
    SPI_I2S_ITConfig                         0x080029e7   Thumb Code    32  stm32f4xx_spi.o(i.SPI_I2S_ITConfig)
    SPI_I2S_ReceiveData                      0x08002a07   Thumb Code     6  stm32f4xx_spi.o(i.SPI_I2S_ReceiveData)
    SPI_I2S_SendData                         0x08002a0d   Thumb Code     4  stm32f4xx_spi.o(i.SPI_I2S_SendData)
    SPI_Init                                 0x08002a11   Thumb Code    60  stm32f4xx_spi.o(i.SPI_Init)
    STM_EVAL_LEDInit                         0x08002a4d   Thumb Code    62  stm32f4_discovery.o(i.STM_EVAL_LEDInit)
    STM_EVAL_LEDOff                          0x08002a99   Thumb Code    16  stm32f4_discovery.o(i.STM_EVAL_LEDOff)
    STM_EVAL_LEDOn                           0x08002ab1   Thumb Code    16  stm32f4_discovery.o(i.STM_EVAL_LEDOn)
    STM_EVAL_LEDToggle                       0x08002ac9   Thumb Code    26  stm32f4_discovery.o(i.STM_EVAL_LEDToggle)
    SVC_Handler                              0x08002aed   Thumb Code     2  stm32f4xx_it.o(i.SVC_Handler)
    SysTick_Handler                          0x08002c15   Thumb Code     8  stm32f4xx_it.o(i.SysTick_Handler)
    SystemInit                               0x08002c1d   Thumb Code    88  system_stm32f4xx.o(i.SystemInit)
    TIM4_IRQHandler                          0x08002c85   Thumb Code   210  stm32f4xx_it.o(i.TIM4_IRQHandler)
    TIM_ARRPreloadConfig                     0x08002d71   Thumb Code    24  stm32f4xx_tim.o(i.TIM_ARRPreloadConfig)
    TIM_ClearITPendingBit                    0x08002d89   Thumb Code     6  stm32f4xx_tim.o(i.TIM_ClearITPendingBit)
    TIM_Cmd                                  0x08002d8f   Thumb Code    24  stm32f4xx_tim.o(i.TIM_Cmd)
    TIM_GetCapture1                          0x08002da7   Thumb Code     6  stm32f4xx_tim.o(i.TIM_GetCapture1)
    TIM_GetITStatus                          0x08002dad   Thumb Code    34  stm32f4xx_tim.o(i.TIM_GetITStatus)
    TIM_ITConfig                             0x08002dcf   Thumb Code    18  stm32f4xx_tim.o(i.TIM_ITConfig)
    TIM_OC1Init                              0x08002ea5   Thumb Code   114  stm32f4xx_tim.o(i.TIM_OC1Init)
    TIM_OC1PreloadConfig                     0x08002f21   Thumb Code    18  stm32f4xx_tim.o(i.TIM_OC1PreloadConfig)
    TIM_SetCompare1                          0x08002f33   Thumb Code     4  stm32f4xx_tim.o(i.TIM_SetCompare1)
    TIM_TimeBaseInit                         0x08002f39   Thumb Code   104  stm32f4xx_tim.o(i.TIM_TimeBaseInit)
    TimingDelay_Decrement                    0x08002fbd   Thumb Code    18  waveplayer.o(i.TimingDelay_Decrement)
    USBAudioInit                             0x08002fd5   Thumb Code    26  main.o(i.USBAudioInit)
    USBD_ClrCfg                              0x08003001   Thumb Code    22  usbd_core.o(i.USBD_ClrCfg)
    USBD_ConfigurePID                        0x08003061   Thumb Code    26  usbd_desc.o(i.USBD_ConfigurePID)
    USBD_CtlContinueRx                       0x08003081   Thumb Code    30  usbd_ioreq.o(i.USBD_CtlContinueRx)
    USBD_CtlContinueSendData                 0x0800309f   Thumb Code    30  usbd_ioreq.o(i.USBD_CtlContinueSendData)
    USBD_CtlError                            0x080030bd   Thumb Code    30  usbd_req.o(i.USBD_CtlError)
    USBD_CtlPrepareRx                        0x080030db   Thumb Code    46  usbd_ioreq.o(i.USBD_CtlPrepareRx)
    USBD_CtlReceiveStatus                    0x08003109   Thumb Code    36  usbd_ioreq.o(i.USBD_CtlReceiveStatus)
    USBD_CtlSendData                         0x0800312d   Thumb Code    46  usbd_ioreq.o(i.USBD_CtlSendData)
    USBD_CtlSendStatus                       0x0800315b   Thumb Code    36  usbd_ioreq.o(i.USBD_CtlSendStatus)
    USBD_DeInit                              0x080032e5   Thumb Code     6  usbd_core.o(i.USBD_DeInit)
    USBD_GetString                           0x080034c9   Thumb Code    82  usbd_req.o(i.USBD_GetString)
    USBD_Init                                0x0800351b   Thumb Code    78  usbd_core.o(i.USBD_Init)
    USBD_OTG_ISR_Handler                     0x0800358d   Thumb Code   224  usb_dcd_int.o(i.USBD_OTG_ISR_Handler)
    USBD_ParseSetupRequest                   0x0800366d   Thumb Code    72  usbd_req.o(i.USBD_ParseSetupRequest)
    USBD_SetCfg                              0x0800378f   Thumb Code    30  usbd_core.o(i.USBD_SetCfg)
    USBD_StdDevReq                           0x08003975   Thumb Code   114  usbd_req.o(i.USBD_StdDevReq)
    USBD_StdEPReq                            0x080039e9   Thumb Code   344  usbd_req.o(i.USBD_StdEPReq)
    USBD_StdItfReq                           0x08003b45   Thumb Code    76  usbd_req.o(i.USBD_StdItfReq)
    USBD_USR_ConfigStrDescriptor             0x08003bb1   Thumb Code    34  usbd_desc.o(i.USBD_USR_ConfigStrDescriptor)
    USBD_USR_DeviceConfigured                0x08003be9   Thumb Code     2  usbd_usr.o(i.USBD_USR_DeviceConfigured)
    USBD_USR_DeviceConnected                 0x08003beb   Thumb Code     2  usbd_usr.o(i.USBD_USR_DeviceConnected)
    USBD_USR_DeviceDescriptor                0x08003bed   Thumb Code    10  usbd_desc.o(i.USBD_USR_DeviceDescriptor)
    USBD_USR_DeviceDisconnected              0x08003bfd   Thumb Code     2  usbd_usr.o(i.USBD_USR_DeviceDisconnected)
    USBD_USR_DeviceReset                     0x08003bff   Thumb Code    18  usbd_usr.o(i.USBD_USR_DeviceReset)
    USBD_USR_DeviceResumed                   0x08003c11   Thumb Code     2  usbd_usr.o(i.USBD_USR_DeviceResumed)
    USBD_USR_DeviceSuspended                 0x08003c13   Thumb Code     2  usbd_usr.o(i.USBD_USR_DeviceSuspended)
    USBD_USR_Init                            0x08003c15   Thumb Code     2  usbd_usr.o(i.USBD_USR_Init)
    USBD_USR_InterfaceStrDescriptor          0x08003c19   Thumb Code    34  usbd_desc.o(i.USBD_USR_InterfaceStrDescriptor)
    USBD_USR_LangIDStrDescriptor             0x08003c51   Thumb Code    10  usbd_desc.o(i.USBD_USR_LangIDStrDescriptor)
    USBD_USR_ManufacturerStrDescriptor       0x08003c61   Thumb Code    20  usbd_desc.o(i.USBD_USR_ManufacturerStrDescriptor)
    USBD_USR_ProductStrDescriptor            0x08003c8d   Thumb Code    34  usbd_desc.o(i.USBD_USR_ProductStrDescriptor)
    USBD_USR_SerialStrDescriptor             0x08003cfd   Thumb Code    34  usbd_desc.o(i.USBD_USR_SerialStrDescriptor)
    USB_OTG_BSP_EnableInterrupt              0x08003d55   Thumb Code    44  usb_bsp.o(i.USB_OTG_BSP_EnableInterrupt)
    USB_OTG_BSP_Init                         0x08003d81   Thumb Code   160  usb_bsp.o(i.USB_OTG_BSP_Init)
    USB_OTG_BSP_mDelay                       0x08003e25   Thumb Code    18  usb_bsp.o(i.USB_OTG_BSP_mDelay)
    USB_OTG_BSP_uDelay                       0x08003e37   Thumb Code    30  usb_bsp.o(i.USB_OTG_BSP_uDelay)
    USB_OTG_CoreInit                         0x08003e55   Thumb Code   294  usb_core.o(i.USB_OTG_CoreInit)
    USB_OTG_CoreInitDev                      0x08003f7b   Thumb Code   522  usb_core.o(i.USB_OTG_CoreInitDev)
    USB_OTG_DisableGlobalInt                 0x080041f5   Thumb Code    34  usb_core.o(i.USB_OTG_DisableGlobalInt)
    USB_OTG_EP0Activate                      0x08004217   Thumb Code   106  usb_core.o(i.USB_OTG_EP0Activate)
    USB_OTG_EP0StartXfer                     0x08004281   Thumb Code   342  usb_core.o(i.USB_OTG_EP0StartXfer)
    USB_OTG_EP0_OutStart                     0x080043d7   Thumb Code    98  usb_core.o(i.USB_OTG_EP0_OutStart)
    USB_OTG_EPActivate                       0x08004439   Thumb Code   152  usb_core.o(i.USB_OTG_EPActivate)
    USB_OTG_EPClearStall                     0x080044d1   Thumb Code    80  usb_core.o(i.USB_OTG_EPClearStall)
    USB_OTG_EPDeactivate                     0x08004521   Thumb Code    94  usb_core.o(i.USB_OTG_EPDeactivate)
    USB_OTG_EPSetStall                       0x0800457f   Thumb Code   100  usb_core.o(i.USB_OTG_EPSetStall)
    USB_OTG_EPStartXfer                      0x080045e3   Thumb Code   502  usb_core.o(i.USB_OTG_EPStartXfer)
    USB_OTG_EnableDevInt                     0x0800480d   Thumb Code   154  usb_core.o(i.USB_OTG_EnableDevInt)
    USB_OTG_EnableGlobalInt                  0x080048a7   Thumb Code    34  usb_core.o(i.USB_OTG_EnableGlobalInt)
    USB_OTG_FlushRxFifo                      0x080048c9   Thumb Code    70  usb_core.o(i.USB_OTG_FlushRxFifo)
    USB_OTG_FlushTxFifo                      0x08004915   Thumb Code    80  usb_core.o(i.USB_OTG_FlushTxFifo)
    USB_OTG_GetDeviceSpeed                   0x08004969   Thumb Code    52  usb_core.o(i.USB_OTG_GetDeviceSpeed)
    USB_OTG_GetMode                          0x0800499d   Thumb Code    12  usb_core.o(i.USB_OTG_GetMode)
    USB_OTG_InitDevSpeed                     0x080049a9   Thumb Code    24  usb_core.o(i.USB_OTG_InitDevSpeed)
    USB_OTG_IsDeviceMode                     0x080049c1   Thumb Code    22  usb_core.o(i.USB_OTG_IsDeviceMode)
    USB_OTG_ReadCoreItr                      0x080049d7   Thumb Code    16  usb_core.o(i.USB_OTG_ReadCoreItr)
    USB_OTG_ReadDevAllInEPItr                0x080049e7   Thumb Code    16  usb_core.o(i.USB_OTG_ReadDevAllInEPItr)
    USB_OTG_ReadDevAllOutEp_itr              0x080049f7   Thumb Code    16  usb_core.o(i.USB_OTG_ReadDevAllOutEp_itr)
    USB_OTG_ReadDevOutEP_itr                 0x08004a07   Thumb Code    20  usb_core.o(i.USB_OTG_ReadDevOutEP_itr)
    USB_OTG_ReadPacket                       0x08004a1b   Thumb Code    40  usb_core.o(i.USB_OTG_ReadPacket)
    USB_OTG_SelectCore                       0x08004a45   Thumb Code   204  usb_core.o(i.USB_OTG_SelectCore)
    USB_OTG_SetCurrentMode                   0x08004b15   Thumb Code    78  usb_core.o(i.USB_OTG_SetCurrentMode)
    USB_OTG_UngateClock                      0x08004b63   Thumb Code    56  usb_core.o(i.USB_OTG_UngateClock)
    USB_OTG_WritePacket                      0x08004b9b   Thumb Code    64  usb_core.o(i.USB_OTG_WritePacket)
    UsageFault_Handler                       0x08004bdb   Thumb Code     4  stm32f4xx_it.o(i.UsageFault_Handler)
    WavePlayerInit                           0x08004c01   Thumb Code    30  waveplayer.o(i.WavePlayerInit)
    main                                     0x08004c25   Thumb Code   154  main.o(i.main)
    usbd_ConfigureAudio                      0x08004cd5   Thumb Code   122  usbd_audio_core.o(i.usbd_ConfigureAudio)
    _fp_init                                 0x08004ff9   Thumb Code    10  fpinit.o(x$fpl$fpinit)
    __fplib_config_fpu_vfp                   0x08005001   Thumb Code     0  fpinit.o(x$fpl$fpinit)
    __fplib_config_pureend_doubles           0x08005001   Thumb Code     0  fpinit.o(x$fpl$fpinit)
    GPIO_PIN                                 0x08005004   Data           8  stm32f4_discovery.o(.constdata)
    GPIO_CLK                                 0x0800500c   Data          16  stm32f4_discovery.o(.constdata)
    BUTTON_PIN                               0x0800501c   Data           2  stm32f4_discovery.o(.constdata)
    BUTTON_CLK                               0x08005020   Data           4  stm32f4_discovery.o(.constdata)
    BUTTON_EXTI_LINE                         0x08005024   Data           2  stm32f4_discovery.o(.constdata)
    BUTTON_PORT_SOURCE                       0x08005026   Data           1  stm32f4_discovery.o(.constdata)
    BUTTON_PIN_SOURCE                        0x08005027   Data           1  stm32f4_discovery.o(.constdata)
    BUTTON_IRQn                              0x08005028   Data           1  stm32f4_discovery.o(.constdata)
    Region$$Table$$Base                      0x0800502c   Number         0  anon$$obj.o(Region$$Table)
    Region$$Table$$Limit                     0x0800504c   Number         0  anon$$obj.o(Region$$Table)
    RepeatState                              0x20000000   Data           1  main.o(.data)
    CCR_Val                                  0x20000002   Data           2  main.o(.data)
    PauseResumeStatus                        0x20000004   Data           1  stm32f4xx_it.o(.data)
    Count                                    0x20000005   Data           1  stm32f4xx_it.o(.data)
    LED_Toggle                               0x20000006   Data           1  stm32f4xx_it.o(.data)
    capture                                  0x20000008   Data           2  stm32f4xx_it.o(.data)
    SystemCoreClock                          0x2000000c   Data           4  system_stm32f4xx.o(.data)
    AHBPrescTable                            0x20000010   Data          16  system_stm32f4xx.o(.data)
    volume                                   0x20000020   Data           1  waveplayer.o(.data)
    AudioPlayStart                           0x20000021   Data           1  waveplayer.o(.data)
    Buffer                                   0x20000028   Data           6  waveplayer.o(.data)
    IsocOutWrPtr                             0x20000030   Data           4  usbd_audio_core.o(.data)
    IsocOutRdPtr                             0x20000034   Data           4  usbd_audio_core.o(.data)
    AudioCtlCmd                              0x20000038   Data           1  usbd_audio_core.o(.data)
    AudioCtlLen                              0x2000003c   Data           4  usbd_audio_core.o(.data)
    AudioCtlUnit                             0x20000040   Data           1  usbd_audio_core.o(.data)
    AUDIO_cb                                 0x2000004c   Data          44  usbd_audio_core.o(.data)
    inCurIndex                               0x200000f0   Data           4  usbd_audio_out_if.o(.data)
    AUDIO_OUT_fops                           0x200000f4   Data          28  usbd_audio_out_if.o(.data)
    AudioState                               0x20000110   Data           1  usbd_audio_out_if.o(.data)
    SET_TEST_MODE                            0x2000011c   Data           4  usbd_core.o(.data)
    USBD_DCD_INT_cb                          0x20000120   Data          44  usbd_core.o(.data)
    USBD_DCD_INT_fops                        0x2000014c   Data           4  usbd_core.o(.data)
    USR_desc                                 0x20000150   Data          28  usbd_desc.o(.data)
    USBD_DeviceDesc                          0x2000016c   Data          18  usbd_desc.o(.data)
    USBD_DeviceQualifierDesc                 0x2000017e   Data          10  usbd_desc.o(.data)
    USBD_LangIDDesc                          0x20000188   Data           4  usbd_desc.o(.data)
    USBD_ep_status                           0x2000018c   Data           4  usbd_req.o(.data)
    USBD_default_cfg                         0x20000190   Data           4  usbd_req.o(.data)
    USBD_cfg_status                          0x20000194   Data           4  usbd_req.o(.data)
    USR_cb                                   0x2000019c   Data          28  usbd_usr.o(.data)
    GPIO_PORT                                0x200001c8   Data          16  stm32f4_discovery.o(.data)
    BUTTON_PORT                              0x200001d8   Data           4  stm32f4_discovery.o(.data)
    NVIC_InitStructure                       0x200001dc   Data           4  stm32f4_discovery.o(.data)
    AudioTotalSize                           0x200001e0   Data           4  stm32f4_discovery_audio_codec.o(.data)
    AudioRemSize                             0x200001e4   Data           4  stm32f4_discovery_audio_codec.o(.data)
    CurrentPos                               0x200001e8   Data           4  stm32f4_discovery_audio_codec.o(.data)
    CODECTimeout                             0x200001ec   Data           4  stm32f4_discovery_audio_codec.o(.data)
    OutputDev                                0x200001f0   Data           1  stm32f4_discovery_audio_codec.o(.data)
    CurrAudioInterface                       0x200001f4   Data           4  stm32f4_discovery_audio_codec.o(.data)
    AUDIO_MAL_DMA_CLOCK                      0x200001f8   Data           4  stm32f4_discovery_audio_codec.o(.data)
    AUDIO_MAL_DMA_STREAM                     0x200001fc   Data           4  stm32f4_discovery_audio_codec.o(.data)
    AUDIO_MAL_DMA_DREG                       0x20000200   Data           4  stm32f4_discovery_audio_codec.o(.data)
    AUDIO_MAL_DMA_CHANNEL                    0x20000204   Data           4  stm32f4_discovery_audio_codec.o(.data)
    AUDIO_MAL_DMA_IRQ                        0x20000208   Data           4  stm32f4_discovery_audio_codec.o(.data)
    AUDIO_MAL_DMA_FLAG_TC                    0x2000020c   Data           4  stm32f4_discovery_audio_codec.o(.data)
    AUDIO_MAL_DMA_FLAG_HT                    0x20000210   Data           4  stm32f4_discovery_audio_codec.o(.data)
    AUDIO_MAL_DMA_FLAG_FE                    0x20000214   Data           4  stm32f4_discovery_audio_codec.o(.data)
    AUDIO_MAL_DMA_FLAG_TE                    0x20000218   Data           4  stm32f4_discovery_audio_codec.o(.data)
    AUDIO_MAL_DMA_FLAG_DME                   0x2000021c   Data           4  stm32f4_discovery_audio_codec.o(.data)
    LIS302DLTimeout                          0x20000220   Data           4  stm32f4_discovery_lis302dl.o(.data)
    USB_OTG_dev                              0x20000224   Data        1524  main.o(.bss)
    RCC_Clocks                               0x20000818   Data          16  main.o(.bss)
    IsocOutBuff                              0x20000828   Data        1536  usbd_audio_core.o(.bss)
    AudioCtl                                 0x20000e28   Data          64  usbd_audio_core.o(.bss)
    sampleBuffer                             0x20000e68   Data       57600  usbd_audio_out_if.o(.bss)
    USBD_StrDesc                             0x2000ef68   Data          50  usbd_req.o(.bss)
    DMA_InitStructure                        0x2000ef9c   Data          60  stm32f4_discovery_audio_codec.o(.bss)
    AUDIO_MAL_DMA_InitStructure              0x2000efd8   Data          60  stm32f4_discovery_audio_codec.o(.bss)
    __libspace_start                         0x2000f014   Data          96  libspace.o(.bss)
    __temporary_stack_top$libspace           0x2000f074   Data           0  libspace.o(.bss)



==============================================================================

Memory Map of the image

  Image Entry point : 0x08000189

  Load Region LR_IROM1 (Base: 0x08000000, Size: 0x00005270, Max: 0x00100000, ABSOLUTE, COMPRESSED[0x000051a4])

    Execution Region ER_IROM1 (Base: 0x08000000, Size: 0x0000504c, Max: 0x00100000, ABSOLUTE)

    Base Addr    Size         Type   Attr      Idx    E Section Name        Object

    0x08000000   0x00000188   Data   RO         5253    RESET               startup_stm32f4xx.o
    0x08000188   0x00000008   Code   RO         5613  * !!!main             c_w.l(__main.o)
    0x08000190   0x00000034   Code   RO         5776    !!!scatter          c_w.l(__scatter.o)
    0x080001c4   0x0000005a   Code   RO         5774    !!dczerorl2         c_w.l(__dczerorl2.o)
    0x0800021e   0x00000002   PAD
    0x08000220   0x0000001c   Code   RO         5778    !!handler_zi        c_w.l(__scatter_zi.o)
    0x0800023c   0x00000002   Code   RO         5644    .ARM.Collect$$libinit$$00000000  c_w.l(libinit.o)
    0x0800023e   0x00000004   Code   RO         5650    .ARM.Collect$$libinit$$00000001  c_w.l(libinit2.o)
    0x08000242   0x00000000   Code   RO         5653    .ARM.Collect$$libinit$$00000004  c_w.l(libinit2.o)
    0x08000242   0x00000000   Code   RO         5656    .ARM.Collect$$libinit$$0000000A  c_w.l(libinit2.o)
    0x08000242   0x00000000   Code   RO         5658    .ARM.Collect$$libinit$$0000000C  c_w.l(libinit2.o)
    0x08000242   0x00000000   Code   RO         5660    .ARM.Collect$$libinit$$0000000E  c_w.l(libinit2.o)
    0x08000242   0x00000000   Code   RO         5663    .ARM.Collect$$libinit$$00000011  c_w.l(libinit2.o)
    0x08000242   0x00000000   Code   RO         5665    .ARM.Collect$$libinit$$00000013  c_w.l(libinit2.o)
    0x08000242   0x00000000   Code   RO         5667    .ARM.Collect$$libinit$$00000015  c_w.l(libinit2.o)
    0x08000242   0x00000000   Code   RO         5669    .ARM.Collect$$libinit$$00000017  c_w.l(libinit2.o)
    0x08000242   0x00000000   Code   RO         5671    .ARM.Collect$$libinit$$00000019  c_w.l(libinit2.o)
    0x08000242   0x00000000   Code   RO         5673    .ARM.Collect$$libinit$$0000001B  c_w.l(libinit2.o)
    0x08000242   0x00000000   Code   RO         5675    .ARM.Collect$$libinit$$0000001D  c_w.l(libinit2.o)
    0x08000242   0x00000000   Code   RO         5677    .ARM.Collect$$libinit$$0000001F  c_w.l(libinit2.o)
    0x08000242   0x00000000   Code   RO         5679    .ARM.Collect$$libinit$$00000021  c_w.l(libinit2.o)
    0x08000242   0x00000000   Code   RO         5681    .ARM.Collect$$libinit$$00000023  c_w.l(libinit2.o)
    0x08000242   0x00000000   Code   RO         5683    .ARM.Collect$$libinit$$00000025  c_w.l(libinit2.o)
    0x08000242   0x00000000   Code   RO         5687    .ARM.Collect$$libinit$$0000002C  c_w.l(libinit2.o)
    0x08000242   0x00000000   Code   RO         5689    .ARM.Collect$$libinit$$0000002E  c_w.l(libinit2.o)
    0x08000242   0x00000000   Code   RO         5691    .ARM.Collect$$libinit$$00000030  c_w.l(libinit2.o)
    0x08000242   0x00000000   Code   RO         5693    .ARM.Collect$$libinit$$00000032  c_w.l(libinit2.o)
    0x08000242   0x00000002   Code   RO         5694    .ARM.Collect$$libinit$$00000033  c_w.l(libinit2.o)
    0x08000244   0x00000002   Code   RO         5714    .ARM.Collect$$libshutdown$$00000000  c_w.l(libshutdown.o)
    0x08000246   0x00000000   Code   RO         5727    .ARM.Collect$$libshutdown$$00000002  c_w.l(libshutdown2.o)
    0x08000246   0x00000000   Code   RO         5729    .ARM.Collect$$libshutdown$$00000004  c_w.l(libshutdown2.o)
    0x08000246   0x00000000   Code   RO         5732    .ARM.Collect$$libshutdown$$00000007  c_w.l(libshutdown2.o)
    0x08000246   0x00000000   Code   RO         5735    .ARM.Collect$$libshutdown$$0000000A  c_w.l(libshutdown2.o)
    0x08000246   0x00000000   Code   RO         5737    .ARM.Collect$$libshutdown$$0000000C  c_w.l(libshutdown2.o)
    0x08000246   0x00000000   Code   RO         5740    .ARM.Collect$$libshutdown$$0000000F  c_w.l(libshutdown2.o)
    0x08000246   0x00000002   Code   RO         5741    .ARM.Collect$$libshutdown$$00000010  c_w.l(libshutdown2.o)
    0x08000248   0x00000000   Code   RO         5615    .ARM.Collect$$rtentry$$00000000  c_w.l(__rtentry.o)
    0x08000248   0x00000000   Code   RO         5621    .ARM.Collect$$rtentry$$00000002  c_w.l(__rtentry2.o)
    0x08000248   0x00000006   Code   RO         5633    .ARM.Collect$$rtentry$$00000004  c_w.l(__rtentry4.o)
    0x0800024e   0x00000000   Code   RO         5623    .ARM.Collect$$rtentry$$00000009  c_w.l(__rtentry2.o)
    0x0800024e   0x00000004   Code   RO         5624    .ARM.Collect$$rtentry$$0000000A  c_w.l(__rtentry2.o)
    0x08000252   0x00000000   Code   RO         5626    .ARM.Collect$$rtentry$$0000000C  c_w.l(__rtentry2.o)
    0x08000252   0x00000008   Code   RO         5627    .ARM.Collect$$rtentry$$0000000D  c_w.l(__rtentry2.o)
    0x0800025a   0x00000002   Code   RO         5648    .ARM.Collect$$rtexit$$00000000  c_w.l(rtexit.o)
    0x0800025c   0x00000000   Code   RO         5696    .ARM.Collect$$rtexit$$00000002  c_w.l(rtexit2.o)
    0x0800025c   0x00000004   Code   RO         5697    .ARM.Collect$$rtexit$$00000003  c_w.l(rtexit2.o)
    0x08000260   0x00000006   Code   RO         5698    .ARM.Collect$$rtexit$$00000004  c_w.l(rtexit2.o)
    0x08000266   0x00000002   PAD
    0x08000268   0x00000040   Code   RO         5254    .text               startup_stm32f4xx.o
    0x080002a8   0x0000008a   Code   RO         5607    .text               c_w.l(rt_memcpy_v6.o)
    0x08000332   0x00000044   Code   RO         5609    .text               c_w.l(rt_memclr.o)
    0x08000376   0x00000006   Code   RO         5611    .text               c_w.l(heapauxi.o)
    0x0800037c   0x00000064   Code   RO         5616    .text               c_w.l(rt_memcpy_w.o)
    0x080003e0   0x0000004e   Code   RO         5618    .text               c_w.l(rt_memclr_w.o)
    0x0800042e   0x0000004a   Code   RO         5635    .text               c_w.l(sys_stackheap_outer.o)
    0x08000478   0x00000012   Code   RO         5637    .text               c_w.l(exit.o)
    0x0800048a   0x00000002   PAD
    0x0800048c   0x00000008   Code   RO         5645    .text               c_w.l(libspace.o)
    0x08000494   0x0000000c   Code   RO         5706    .text               c_w.l(sys_exit.o)
    0x080004a0   0x00000002   Code   RO         5717    .text               c_w.l(use_no_semi.o)
    0x080004a2   0x00000000   Code   RO         5719    .text               c_w.l(indicate_semi.o)
    0x080004a2   0x00000002   PAD
    0x080004a4   0x00000018   Code   RO          882    i.AUDIO_Req_GetCurrent  usbd_audio_core.o
    0x080004bc   0x0000003c   Code   RO          883    i.AUDIO_Req_SetCurrent  usbd_audio_core.o
    0x080004f8   0x0000013c   Code   RO          971    i.AudioCmd          usbd_audio_out_if.o
    0x08000634   0x000000dc   Code   RO         5315    i.Audio_MAL_IRQHandler  stm32f4_discovery_audio_codec.o
    0x08000710   0x000000fc   Code   RO         5316    i.Audio_MAL_Init    stm32f4_discovery_audio_codec.o
    0x0800080c   0x0000006c   Code   RO         5318    i.Audio_MAL_Play    stm32f4_discovery_audio_codec.o
    0x08000878   0x00000004   Code   RO          217    i.BusFault_Handler  stm32f4xx_it.o
    0x0800087c   0x0000006c   Code   RO         5321    i.Codec_AudioInterface_Init  stm32f4_discovery_audio_codec.o
    0x080008e8   0x00000050   Code   RO         5323    i.Codec_CtrlInterface_Init  stm32f4_discovery_audio_codec.o
    0x08000938   0x00000124   Code   RO         5326    i.Codec_GPIO_Init   stm32f4_discovery_audio_codec.o
    0x08000a5c   0x000000e8   Code   RO         5327    i.Codec_Init        stm32f4_discovery_audio_codec.o
    0x08000b44   0x0000002c   Code   RO         5328    i.Codec_Mute        stm32f4_discovery_audio_codec.o
    0x08000b70   0x00000004   Code   RO         5330    i.Codec_Play        stm32f4_discovery_audio_codec.o
    0x08000b74   0x000001c4   Code   RO         5331    i.Codec_ReadRegister  stm32f4_discovery_audio_codec.o
    0x08000d38   0x00000024   Code   RO         5332    i.Codec_Reset       stm32f4_discovery_audio_codec.o
    0x08000d5c   0x00000004   Code   RO          354    i.Codec_TIMEOUT_UserCallback  waveplayer.o
    0x08000d60   0x00000048   Code   RO         5334    i.Codec_VolumeCtrl  stm32f4_discovery_audio_codec.o
    0x08000da8   0x00000128   Code   RO         5335    i.Codec_WriteRegister  stm32f4_discovery_audio_codec.o
    0x08000ed0   0x00000028   Code   RO         3025    i.DAC_Cmd           stm32f4xx_dac.o
    0x08000ef8   0x00000050   Code   RO         5336    i.DAC_Config        stm32f4_discovery_audio_codec.o
    0x08000f48   0x00000034   Code   RO         3033    i.DAC_Init          stm32f4xx_dac.o
    0x08000f7c   0x00000020   Code   RO         3034    i.DAC_SetChannel1Data  stm32f4xx_dac.o
    0x08000f9c   0x0000004a   Code   RO          708    i.DCD_EP_Close      usb_dcd.o
    0x08000fe6   0x00000048   Code   RO          709    i.DCD_EP_ClrStall   usb_dcd.o
    0x0800102e   0x00000068   Code   RO          711    i.DCD_EP_Open       usb_dcd.o
    0x08001096   0x00000052   Code   RO          712    i.DCD_EP_PrepareRx  usb_dcd.o
    0x080010e8   0x0000001c   Code   RO          713    i.DCD_EP_SetAddress  usb_dcd.o
    0x08001104   0x00000048   Code   RO          714    i.DCD_EP_Stall      usb_dcd.o
    0x0800114c   0x0000004e   Code   RO          715    i.DCD_EP_Tx         usb_dcd.o
    0x0800119a   0x00000066   Code   RO          798    i.DCD_HandleEnumDone_ISR  usb_dcd_int.o
    0x08001200   0x00000144   Code   RO          799    i.DCD_HandleInEP_ISR  usb_dcd_int.o
    0x08001344   0x00000100   Code   RO          800    i.DCD_HandleOutEP_ISR  usb_dcd_int.o
    0x08001444   0x0000006c   Code   RO          801    i.DCD_HandleResume_ISR  usb_dcd_int.o
    0x080014b0   0x000000b0   Code   RO          802    i.DCD_HandleRxStatusQueueLevel_ISR  usb_dcd_int.o
    0x08001560   0x0000002c   Code   RO          803    i.DCD_HandleSof_ISR  usb_dcd_int.o
    0x0800158c   0x000000a8   Code   RO          804    i.DCD_HandleUSBSuspend_ISR  usb_dcd_int.o
    0x08001634   0x00000104   Code   RO          805    i.DCD_HandleUsbReset_ISR  usb_dcd_int.o
    0x08001738   0x0000009c   Code   RO          717    i.DCD_Init          usb_dcd.o
    0x080017d4   0x0000002c   Code   RO          806    i.DCD_IsoINIncomplete_ISR  usb_dcd_int.o
    0x08001800   0x0000002c   Code   RO          807    i.DCD_IsoOUTIncomplete_ISR  usb_dcd_int.o
    0x0800182c   0x00000028   Code   RO          808    i.DCD_ReadDevInEP   usb_dcd_int.o
    0x08001854   0x00000090   Code   RO          809    i.DCD_WriteEmptyTxFifo  usb_dcd_int.o
    0x080018e4   0x00000008   Code   RO         5337    i.DMA1_Stream0_IRQHandler  stm32f4_discovery_audio_codec.o
    0x080018ec   0x00000008   Code   RO         5338    i.DMA1_Stream7_IRQHandler  stm32f4_discovery_audio_codec.o
    0x080018f4   0x00000034   Code   RO         3287    i.DMA_ClearFlag     stm32f4xx_dma.o
    0x08001928   0x00000016   Code   RO         3289    i.DMA_Cmd           stm32f4xx_dma.o
    0x0800193e   0x00000002   PAD
    0x08001940   0x00000158   Code   RO         3290    i.DMA_DeInit        stm32f4xx_dma.o
    0x08001a98   0x00000014   Code   RO         3294    i.DMA_GetCmdStatus  stm32f4xx_dma.o
    0x08001aac   0x00000044   Code   RO         3298    i.DMA_GetFlagStatus  stm32f4xx_dma.o
    0x08001af0   0x0000003a   Code   RO         3300    i.DMA_ITConfig      stm32f4xx_dma.o
    0x08001b2a   0x00000002   PAD
    0x08001b2c   0x00000058   Code   RO         3301    i.DMA_Init          stm32f4xx_dma.o
    0x08001b84   0x00000010   Code   RO          972    i.DeInit            usbd_audio_out_if.o
    0x08001b94   0x00000002   Code   RO          218    i.DebugMon_Handler  stm32f4xx_it.o
    0x08001b96   0x00000012   Code   RO         5339    i.Delay             stm32f4_discovery_audio_codec.o
    0x08001ba8   0x00000004   Code   RO          356    i.EVAL_AUDIO_GetSampleCallBack  waveplayer.o
    0x08001bac   0x0000003a   Code   RO         5341    i.EVAL_AUDIO_Init   stm32f4_discovery_audio_codec.o
    0x08001be6   0x0000000c   Code   RO         5342    i.EVAL_AUDIO_Mute   stm32f4_discovery_audio_codec.o
    0x08001bf2   0x00000002   PAD
    0x08001bf4   0x00000064   Code   RO         5344    i.EVAL_AUDIO_Play   stm32f4_discovery_audio_codec.o
    0x08001c58   0x000000dc   Code   RO         5345    i.EVAL_AUDIO_SetAudioInterface  stm32f4_discovery_audio_codec.o
    0x08001d34   0x00000002   Code   RO          357    i.EVAL_AUDIO_TransferComplete_CallBack  waveplayer.o
    0x08001d36   0x00000020   Code   RO         5347    i.EVAL_AUDIO_VolumeCtl  stm32f4_discovery_audio_codec.o
    0x08001d56   0x00000002   PAD
    0x08001d58   0x0000003c   Code   RO          219    i.EXTI1_IRQHandler  stm32f4xx_it.o
    0x08001d94   0x0000000c   Code   RO         3416    i.EXTI_ClearITPendingBit  stm32f4xx_exti.o
    0x08001da0   0x00000028   Code   RO         3420    i.EXTI_GetITStatus  stm32f4xx_exti.o
    0x08001dc8   0x00000090   Code   RO         2434    i.GPIO_Init         stm32f4xx_gpio.o
    0x08001e58   0x00000046   Code   RO         2435    i.GPIO_PinAFConfig  stm32f4xx_gpio.o
    0x08001e9e   0x00000004   Code   RO         2441    i.GPIO_ResetBits    stm32f4xx_gpio.o
    0x08001ea2   0x00000004   Code   RO         2442    i.GPIO_SetBits      stm32f4xx_gpio.o
    0x08001ea6   0x0000000a   Code   RO         2446    i.GPIO_WriteBit     stm32f4xx_gpio.o
    0x08001eb0   0x0000000c   Code   RO          973    i.GetState          usbd_audio_out_if.o
    0x08001ebc   0x00000004   Code   RO          220    i.HardFault_Handler  stm32f4xx_it.o
    0x08001ec0   0x00000018   Code   RO         3968    i.I2C_AcknowledgeConfig  stm32f4xx_i2c.o
    0x08001ed8   0x0000002a   Code   RO         3970    i.I2C_CheckEvent    stm32f4xx_i2c.o
    0x08001f02   0x0000000c   Code   RO         3971    i.I2C_ClearFlag     stm32f4xx_i2c.o
    0x08001f0e   0x00000018   Code   RO         3973    i.I2C_Cmd           stm32f4xx_i2c.o
    0x08001f26   0x00000002   PAD
    0x08001f28   0x00000060   Code   RO         3976    i.I2C_DeInit        stm32f4xx_i2c.o
    0x08001f88   0x00000018   Code   RO         3980    i.I2C_GenerateSTART  stm32f4xx_i2c.o
    0x08001fa0   0x00000018   Code   RO         3981    i.I2C_GenerateSTOP  stm32f4xx_i2c.o
    0x08001fb8   0x0000003a   Code   RO         3982    i.I2C_GetFlagStatus  stm32f4xx_i2c.o
    0x08001ff2   0x00000002   PAD
    0x08001ff4   0x000000e8   Code   RO         3987    i.I2C_Init          stm32f4xx_i2c.o
    0x080020dc   0x00000008   Code   RO         3992    i.I2C_ReceiveData   stm32f4xx_i2c.o
    0x080020e4   0x00000010   Code   RO         3994    i.I2C_Send7bitAddress  stm32f4xx_i2c.o
    0x080020f4   0x00000004   Code   RO         3995    i.I2C_SendData      stm32f4xx_i2c.o
    0x080020f8   0x00000018   Code   RO         4839    i.I2S_Cmd           stm32f4xx_spi.o
    0x08002110   0x00000168   Code   RO         4841    i.I2S_Init          stm32f4xx_spi.o
    0x08002278   0x00000030   Code   RO          974    i.Init              usbd_audio_out_if.o
    0x080022a8   0x0000002c   Code   RO         5523    i.LIS302DL_Init     stm32f4_discovery_lis302dl.o
    0x080022d4   0x0000002a   Code   RO         5524    i.LIS302DL_InterruptConfig  stm32f4_discovery_lis302dl.o
    0x080022fe   0x00000002   PAD
    0x08002300   0x00000134   Code   RO         5525    i.LIS302DL_LowLevel_Init  stm32f4_discovery_lis302dl.o
    0x08002434   0x00000048   Code   RO         5527    i.LIS302DL_Read     stm32f4_discovery_lis302dl.o
    0x0800247c   0x00000074   Code   RO         5530    i.LIS302DL_SendByte  stm32f4_discovery_lis302dl.o
    0x080024f0   0x00000004   Code   RO          358    i.LIS302DL_TIMEOUT_UserCallback  waveplayer.o
    0x080024f4   0x00000040   Code   RO         5531    i.LIS302DL_Write    stm32f4_discovery_lis302dl.o
    0x08002534   0x00000004   Code   RO          221    i.MemManage_Handler  stm32f4xx_it.o
    0x08002538   0x000000b2   Code   RO          359    i.Mems_Config       waveplayer.o
    0x080025ea   0x00000002   PAD
    0x080025ec   0x00000020   Code   RO          975    i.MuteCtl           usbd_audio_out_if.o
    0x0800260c   0x00000002   Code   RO          222    i.NMI_Handler       stm32f4xx_it.o
    0x0800260e   0x00000002   PAD
    0x08002610   0x00000078   Code   RO         1411    i.NVIC_Init         misc.o
    0x08002688   0x00000014   Code   RO         1412    i.NVIC_PriorityGroupConfig  misc.o
    0x0800269c   0x00000010   Code   RO          223    i.OTG_FS_IRQHandler  stm32f4xx_it.o
    0x080026ac   0x00000030   Code   RO          224    i.OTG_FS_WKUP_IRQHandler  stm32f4xx_it.o
    0x080026dc   0x00000002   Code   RO          225    i.PendSV_Handler    stm32f4xx_it.o
    0x080026de   0x00000006   Code   RO          976    i.PeriodicTC        usbd_audio_out_if.o
    0x080026e4   0x00000020   Code   RO         2067    i.RCC_AHB1PeriphClockCmd  stm32f4xx_rcc.o
    0x08002704   0x00000020   Code   RO         2070    i.RCC_AHB2PeriphClockCmd  stm32f4xx_rcc.o
    0x08002724   0x00000020   Code   RO         2076    i.RCC_APB1PeriphClockCmd  stm32f4xx_rcc.o
    0x08002744   0x00000020   Code   RO         2078    i.RCC_APB1PeriphResetCmd  stm32f4xx_rcc.o
    0x08002764   0x00000020   Code   RO         2079    i.RCC_APB2PeriphClockCmd  stm32f4xx_rcc.o
    0x08002784   0x00000020   Code   RO         2081    i.RCC_APB2PeriphResetCmd  stm32f4xx_rcc.o
    0x080027a4   0x000000e8   Code   RO         2088    i.RCC_GetClocksFreq  stm32f4xx_rcc.o
    0x0800288c   0x00000040   Code   RO         2089    i.RCC_GetFlagStatus  stm32f4xx_rcc.o
    0x080028cc   0x00000010   Code   RO         2093    i.RCC_HSEConfig     stm32f4xx_rcc.o
    0x080028dc   0x00000038   Code   RO         2110    i.RCC_WaitForHSEStartUp  stm32f4xx_rcc.o
    0x08002914   0x0000003c   Code   RO         5348    i.SPI3_IRQHandler   stm32f4_discovery_audio_codec.o
    0x08002950   0x00000018   Code   RO         4845    i.SPI_Cmd           stm32f4xx_spi.o
    0x08002968   0x00000012   Code   RO         4851    i.SPI_I2S_DMACmd    stm32f4xx_spi.o
    0x0800297a   0x00000002   PAD
    0x0800297c   0x00000058   Code   RO         4852    i.SPI_I2S_DeInit    stm32f4xx_spi.o
    0x080029d4   0x00000012   Code   RO         4853    i.SPI_I2S_GetFlagStatus  stm32f4xx_spi.o
    0x080029e6   0x00000020   Code   RO         4855    i.SPI_I2S_ITConfig  stm32f4xx_spi.o
    0x08002a06   0x00000006   Code   RO         4856    i.SPI_I2S_ReceiveData  stm32f4xx_spi.o
    0x08002a0c   0x00000004   Code   RO         4857    i.SPI_I2S_SendData  stm32f4xx_spi.o
    0x08002a10   0x0000003c   Code   RO         4858    i.SPI_Init          stm32f4xx_spi.o
    0x08002a4c   0x0000004c   Code   RO         5260    i.STM_EVAL_LEDInit  stm32f4_discovery.o
    0x08002a98   0x00000018   Code   RO         5261    i.STM_EVAL_LEDOff   stm32f4_discovery.o
    0x08002ab0   0x00000018   Code   RO         5262    i.STM_EVAL_LEDOn    stm32f4_discovery.o
    0x08002ac8   0x00000024   Code   RO         5263    i.STM_EVAL_LEDToggle  stm32f4_discovery.o
    0x08002aec   0x00000002   Code   RO          226    i.SVC_Handler       stm32f4xx_it.o
    0x08002aee   0x00000002   PAD
    0x08002af0   0x00000124   Code   RO          317    i.SetSysClock       system_stm32f4xx.o
    0x08002c14   0x00000008   Code   RO          227    i.SysTick_Handler   stm32f4xx_it.o
    0x08002c1c   0x00000068   Code   RO          319    i.SystemInit        system_stm32f4xx.o
    0x08002c84   0x000000ec   Code   RO          228    i.TIM4_IRQHandler   stm32f4xx_it.o
    0x08002d70   0x00000018   Code   RO         1459    i.TIM_ARRPreloadConfig  stm32f4xx_tim.o
    0x08002d88   0x00000006   Code   RO         1466    i.TIM_ClearITPendingBit  stm32f4xx_tim.o
    0x08002d8e   0x00000018   Code   RO         1471    i.TIM_Cmd           stm32f4xx_tim.o
    0x08002da6   0x00000006   Code   RO         1486    i.TIM_GetCapture1   stm32f4xx_tim.o
    0x08002dac   0x00000022   Code   RO         1492    i.TIM_GetITStatus   stm32f4xx_tim.o
    0x08002dce   0x00000012   Code   RO         1496    i.TIM_ITConfig      stm32f4xx_tim.o
    0x08002de0   0x000000c4   Code   RO            8    i.TIM_LED_Config    main.o
    0x08002ea4   0x0000007c   Code   RO         1500    i.TIM_OC1Init       stm32f4xx_tim.o
    0x08002f20   0x00000012   Code   RO         1503    i.TIM_OC1PreloadConfig  stm32f4xx_tim.o
    0x08002f32   0x00000004   Code   RO         1533    i.TIM_SetCompare1   stm32f4xx_tim.o
    0x08002f36   0x00000002   PAD
    0x08002f38   0x00000084   Code   RO         1543    i.TIM_TimeBaseInit  stm32f4xx_tim.o
    0x08002fbc   0x00000018   Code   RO          360    i.TimingDelay_Decrement  waveplayer.o
    0x08002fd4   0x0000002c   Code   RO            9    i.USBAudioInit      main.o
    0x08003000   0x00000016   Code   RO         1030    i.USBD_ClrCfg       usbd_core.o
    0x08003016   0x00000048   Code   RO         1249    i.USBD_ClrFeature   usbd_req.o
    0x0800305e   0x00000002   PAD
    0x08003060   0x00000020   Code   RO         1124    i.USBD_ConfigurePID  usbd_desc.o
    0x08003080   0x0000001e   Code   RO         1193    i.USBD_CtlContinueRx  usbd_ioreq.o
    0x0800309e   0x0000001e   Code   RO         1194    i.USBD_CtlContinueSendData  usbd_ioreq.o
    0x080030bc   0x0000001e   Code   RO         1250    i.USBD_CtlError     usbd_req.o
    0x080030da   0x0000002e   Code   RO         1195    i.USBD_CtlPrepareRx  usbd_ioreq.o
    0x08003108   0x00000024   Code   RO         1196    i.USBD_CtlReceiveStatus  usbd_ioreq.o
    0x0800312c   0x0000002e   Code   RO         1197    i.USBD_CtlSendData  usbd_ioreq.o
    0x0800315a   0x00000024   Code   RO         1198    i.USBD_CtlSendStatus  usbd_ioreq.o
    0x0800317e   0x000000d0   Code   RO         1031    i.USBD_DataInStage  usbd_core.o
    0x0800324e   0x00000096   Code   RO         1032    i.USBD_DataOutStage  usbd_core.o
    0x080032e4   0x00000006   Code   RO         1033    i.USBD_DeInit       usbd_core.o
    0x080032ea   0x00000002   PAD
    0x080032ec   0x00000054   Code   RO         1251    i.USBD_GetConfig    usbd_req.o
    0x08003340   0x00000122   Code   RO         1252    i.USBD_GetDescriptor  usbd_req.o
    0x08003462   0x00000014   Code   RO         1253    i.USBD_GetLen       usbd_req.o
    0x08003476   0x00000002   PAD
    0x08003478   0x00000050   Code   RO         1254    i.USBD_GetStatus    usbd_req.o
    0x080034c8   0x00000052   Code   RO         1255    i.USBD_GetString    usbd_req.o
    0x0800351a   0x0000004e   Code   RO         1034    i.USBD_Init         usbd_core.o
    0x08003568   0x00000012   Code   RO         1035    i.USBD_IsoINIncomplete  usbd_core.o
    0x0800357a   0x00000012   Code   RO         1036    i.USBD_IsoOUTIncomplete  usbd_core.o
    0x0800358c   0x000000e0   Code   RO          810    i.USBD_OTG_ISR_Handler  usb_dcd_int.o
    0x0800366c   0x00000048   Code   RO         1256    i.USBD_ParseSetupRequest  usbd_req.o
    0x080036b4   0x00000032   Code   RO         1037    i.USBD_Reset        usbd_core.o
    0x080036e6   0x0000001e   Code   RO         1038    i.USBD_Resume       usbd_core.o
    0x08003704   0x00000014   Code   RO         1039    i.USBD_RunTestMode  usbd_core.o
    0x08003718   0x0000001a   Code   RO         1040    i.USBD_SOF          usbd_core.o
    0x08003732   0x0000005c   Code   RO         1257    i.USBD_SetAddress   usbd_req.o
    0x0800378e   0x0000001e   Code   RO         1041    i.USBD_SetCfg       usbd_core.o
    0x080037ac   0x000000d0   Code   RO         1258    i.USBD_SetConfig    usbd_req.o
    0x0800387c   0x000000a4   Code   RO         1259    i.USBD_SetFeature   usbd_req.o
    0x08003920   0x00000054   Code   RO         1042    i.USBD_SetupStage   usbd_core.o
    0x08003974   0x00000072   Code   RO         1260    i.USBD_StdDevReq    usbd_req.o
    0x080039e6   0x00000002   PAD
    0x080039e8   0x0000015c   Code   RO         1261    i.USBD_StdEPReq     usbd_req.o
    0x08003b44   0x0000004c   Code   RO         1262    i.USBD_StdItfReq    usbd_req.o
    0x08003b90   0x00000020   Code   RO         1043    i.USBD_Suspend      usbd_core.o
    0x08003bb0   0x00000038   Code   RO         1125    i.USBD_USR_ConfigStrDescriptor  usbd_desc.o
    0x08003be8   0x00000002   Code   RO         1348    i.USBD_USR_DeviceConfigured  usbd_usr.o
    0x08003bea   0x00000002   Code   RO         1349    i.USBD_USR_DeviceConnected  usbd_usr.o
    0x08003bec   0x00000010   Code   RO         1126    i.USBD_USR_DeviceDescriptor  usbd_desc.o
    0x08003bfc   0x00000002   Code   RO         1350    i.USBD_USR_DeviceDisconnected  usbd_usr.o
    0x08003bfe   0x00000012   Code   RO         1351    i.USBD_USR_DeviceReset  usbd_usr.o
    0x08003c10   0x00000002   Code   RO         1352    i.USBD_USR_DeviceResumed  usbd_usr.o
    0x08003c12   0x00000002   Code   RO         1353    i.USBD_USR_DeviceSuspended  usbd_usr.o
    0x08003c14   0x00000002   Code   RO         1354    i.USBD_USR_Init     usbd_usr.o
    0x08003c16   0x00000002   PAD
    0x08003c18   0x00000038   Code   RO         1127    i.USBD_USR_InterfaceStrDescriptor  usbd_desc.o
    0x08003c50   0x00000010   Code   RO         1128    i.USBD_USR_LangIDStrDescriptor  usbd_desc.o
    0x08003c60   0x0000002c   Code   RO         1129    i.USBD_USR_ManufacturerStrDescriptor  usbd_desc.o
    0x08003c8c   0x00000070   Code   RO         1130    i.USBD_USR_ProductStrDescriptor  usbd_desc.o
    0x08003cfc   0x00000048   Code   RO         1131    i.USBD_USR_SerialStrDescriptor  usbd_desc.o
    0x08003d44   0x00000010   Code   RO          884    i.USBD_audio_GetCfgDesc  usbd_audio_core.o
    0x08003d54   0x0000002c   Code   RO          427    i.USB_OTG_BSP_EnableInterrupt  usb_bsp.o
    0x08003d80   0x000000a4   Code   RO          428    i.USB_OTG_BSP_Init  usb_bsp.o
    0x08003e24   0x00000012   Code   RO          429    i.USB_OTG_BSP_mDelay  usb_bsp.o
    0x08003e36   0x0000001e   Code   RO          430    i.USB_OTG_BSP_uDelay  usb_bsp.o
    0x08003e54   0x00000126   Code   RO          479    i.USB_OTG_CoreInit  usb_core.o
    0x08003f7a   0x0000020a   Code   RO          480    i.USB_OTG_CoreInitDev  usb_core.o
    0x08004184   0x00000070   Code   RO          481    i.USB_OTG_CoreReset  usb_core.o
    0x080041f4   0x00000022   Code   RO          482    i.USB_OTG_DisableGlobalInt  usb_core.o
    0x08004216   0x0000006a   Code   RO          483    i.USB_OTG_EP0Activate  usb_core.o
    0x08004280   0x00000156   Code   RO          484    i.USB_OTG_EP0StartXfer  usb_core.o
    0x080043d6   0x00000062   Code   RO          485    i.USB_OTG_EP0_OutStart  usb_core.o
    0x08004438   0x00000098   Code   RO          486    i.USB_OTG_EPActivate  usb_core.o
    0x080044d0   0x00000050   Code   RO          487    i.USB_OTG_EPClearStall  usb_core.o
    0x08004520   0x0000005e   Code   RO          488    i.USB_OTG_EPDeactivate  usb_core.o
    0x0800457e   0x00000064   Code   RO          489    i.USB_OTG_EPSetStall  usb_core.o
    0x080045e2   0x000001f6   Code   RO          490    i.USB_OTG_EPStartXfer  usb_core.o
    0x080047d8   0x00000034   Code   RO          491    i.USB_OTG_EnableCommonInt  usb_core.o
    0x0800480c   0x0000009a   Code   RO          492    i.USB_OTG_EnableDevInt  usb_core.o
    0x080048a6   0x00000022   Code   RO          493    i.USB_OTG_EnableGlobalInt  usb_core.o
    0x080048c8   0x0000004c   Code   RO          494    i.USB_OTG_FlushRxFifo  usb_core.o
    0x08004914   0x00000054   Code   RO          495    i.USB_OTG_FlushTxFifo  usb_core.o
    0x08004968   0x00000034   Code   RO          496    i.USB_OTG_GetDeviceSpeed  usb_core.o
    0x0800499c   0x0000000c   Code   RO          498    i.USB_OTG_GetMode   usb_core.o
    0x080049a8   0x00000018   Code   RO          499    i.USB_OTG_InitDevSpeed  usb_core.o
    0x080049c0   0x00000016   Code   RO          500    i.USB_OTG_IsDeviceMode  usb_core.o
    0x080049d6   0x00000010   Code   RO          502    i.USB_OTG_ReadCoreItr  usb_core.o
    0x080049e6   0x00000010   Code   RO          503    i.USB_OTG_ReadDevAllInEPItr  usb_core.o
    0x080049f6   0x00000010   Code   RO          504    i.USB_OTG_ReadDevAllOutEp_itr  usb_core.o
    0x08004a06   0x00000014   Code   RO          505    i.USB_OTG_ReadDevOutEP_itr  usb_core.o
    0x08004a1a   0x00000028   Code   RO          507    i.USB_OTG_ReadPacket  usb_core.o
    0x08004a42   0x00000002   PAD
    0x08004a44   0x000000d0   Code   RO          508    i.USB_OTG_SelectCore  usb_core.o
    0x08004b14   0x0000004e   Code   RO          509    i.USB_OTG_SetCurrentMode  usb_core.o
    0x08004b62   0x00000038   Code   RO          512    i.USB_OTG_UngateClock  usb_core.o
    0x08004b9a   0x00000040   Code   RO          513    i.USB_OTG_WritePacket  usb_core.o
    0x08004bda   0x00000004   Code   RO          229    i.UsageFault_Handler  stm32f4xx_it.o
    0x08004bde   0x00000002   PAD
    0x08004be0   0x00000020   Code   RO          977    i.VolumeCtl         usbd_audio_out_if.o
    0x08004c00   0x00000024   Code   RO          361    i.WavePlayerInit    waveplayer.o
    0x08004c24   0x000000b0   Code   RO           10    i.main              main.o
    0x08004cd4   0x00000088   Code   RO          885    i.usbd_ConfigureAudio  usbd_audio_core.o
    0x08004d5c   0x00000006   Code   RO          886    i.usbd_audio_DataIn  usbd_audio_core.o
    0x08004d62   0x00000002   PAD
    0x08004d64   0x0000009c   Code   RO          887    i.usbd_audio_DataOut  usbd_audio_core.o
    0x08004e00   0x00000024   Code   RO          888    i.usbd_audio_DeInit  usbd_audio_core.o
    0x08004e24   0x00000040   Code   RO          889    i.usbd_audio_EP0_RxReady  usbd_audio_core.o
    0x08004e64   0x00000050   Code   RO          890    i.usbd_audio_Init   usbd_audio_core.o
    0x08004eb4   0x00000006   Code   RO          891    i.usbd_audio_OUT_Incplt  usbd_audio_core.o
    0x08004eba   0x00000002   PAD
    0x08004ebc   0x00000088   Code   RO          892    i.usbd_audio_SOF    usbd_audio_core.o
    0x08004f44   0x000000b4   Code   RO          893    i.usbd_audio_Setup  usbd_audio_core.o
    0x08004ff8   0x0000000a   Code   RO         5704    x$fpl$fpinit        fz_wm.l(fpinit.o)
    0x08005002   0x00000002   PAD
    0x08005004   0x00000025   Data   RO         5266    .constdata          stm32f4_discovery.o
    0x08005029   0x00000003   PAD
    0x0800502c   0x00000020   Data   RO         5772    Region$$Table       anon$$obj.o


    Execution Region RW_IRAM1 (Base: 0x20000000, Size: 0x0000f678, Max: 0x00020000, ABSOLUTE, COMPRESSED[0x00000158])

    Base Addr    Size         Type   Attr      Idx    E Section Name        Object

    0x20000000   0x00000004   Data   RW           12    .data               main.o
    0x20000004   0x00000006   Data   RW          230    .data               stm32f4xx_it.o
    0x2000000a   0x00000002   PAD
    0x2000000c   0x00000014   Data   RW          320    .data               system_stm32f4xx.o
    0x20000020   0x0000000e   Data   RW          362    .data               waveplayer.o
    0x2000002e   0x00000002   PAD
    0x20000030   0x000000c0   Data   RW          895    .data               usbd_audio_core.o
    0x200000f0   0x0000002c   Data   RW          979    .data               usbd_audio_out_if.o
    0x2000011c   0x00000034   Data   RW         1044    .data               usbd_core.o
    0x20000150   0x0000003c   Data   RW         1132    .data               usbd_desc.o
    0x2000018c   0x0000000d   Data   RW         1264    .data               usbd_req.o
    0x20000199   0x00000003   PAD
    0x2000019c   0x0000001c   Data   RW         1355    .data               usbd_usr.o
    0x200001b8   0x00000010   Data   RW         2111    .data               stm32f4xx_rcc.o
    0x200001c8   0x00000018   Data   RW         5267    .data               stm32f4_discovery.o
    0x200001e0   0x00000040   Data   RW         5350    .data               stm32f4_discovery_audio_codec.o
    0x20000220   0x00000004   Data   RW         5532    .data               stm32f4_discovery_lis302dl.o
    0x20000224   0x00000604   Zero   RW           11    .bss                main.o
    0x20000828   0x00000640   Zero   RW          894    .bss                usbd_audio_core.o
    0x20000e68   0x0000e100   Zero   RW          978    .bss                usbd_audio_out_if.o
    0x2000ef68   0x00000032   Zero   RW         1263    .bss                usbd_req.o
    0x2000ef9a   0x00000002   PAD
    0x2000ef9c   0x00000078   Zero   RW         5349    .bss                stm32f4_discovery_audio_codec.o
    0x2000f014   0x00000060   Zero   RW         5646    .bss                c_w.l(libspace.o)
    0x2000f074   0x00000004   PAD
    0x2000f078   0x00000200   Zero   RW         5252    HEAP                startup_stm32f4xx.o
    0x2000f278   0x00000400   Zero   RW         5251    STACK               startup_stm32f4xx.o


==============================================================================

Image component sizes


      Code (inc. data)   RO Data    RW Data    ZI Data      Debug   Object Name

         0          0          0          0          0       1444   audio_sample.o
       416         56          0          4       1540     341992   main.o
       140         24          0          0          0       1663   misc.o
        64         26        392          0       1536        896   startup_stm32f4xx.o
       160         40         37         24          0       3348   stm32f4_discovery.o
      2792        274          0         64        120      16940   stm32f4_discovery_audio_codec.o
       646         36          0          4          0       4950   stm32f4_discovery_lis302dl.o
       124         18          0          0          0       2595   stm32f4xx_dac.o
       652         54          0          0          0       6004   stm32f4xx_dma.o
        52         12          0          0          0       1236   stm32f4xx_exti.o
       232          0          0          0          0       3707   stm32f4xx_gpio.o
       564         28          0          0          0       8309   stm32f4xx_i2c.o
       392         50          0          6          0       6829   stm32f4xx_it.o
       560         62          0         16          0       8382   stm32f4xx_rcc.o
       634         22          0          0          0       7272   stm32f4xx_spi.o
       390         38          0          0          0       7102   stm32f4xx_tim.o
       396         38          0         20          0       1777   system_stm32f4xx.o
       256          4          0          0          0       2551   usb_bsp.o
      3460         18          0          0          0      20314   usb_core.o
       666          0          0          0          0       5532   usb_dcd.o
      1934         52          0          0          0       8779   usb_dcd_int.o
       900        134          0        192       1600       7933   usbd_audio_core.o
       462         52          0         44      57600       4772   usbd_audio_out_if.o
       772          6          0         52          0       9408   usbd_core.o
       404        202          0         60          0       5996   usbd_desc.o
       224          0          0          0          0       4044   usbd_ioreq.o
      1732         54          0         13         50       9527   usbd_req.o
        30          0          0         28          0       3337   usbd_usr.o
       252         12          0         14          0       4309   waveplayer.o

    ----------------------------------------------------------------------
     19348       1312        464        548      62448     510948   Object Totals
         0          0         32          0          0          0   (incl. Generated)
        42          0          3          7          2          0   (incl. Padding)

    ----------------------------------------------------------------------

      Code (inc. data)   RO Data    RW Data    ZI Data      Debug   Library Member Name

        90          0          0          0          0          0   __dczerorl2.o
         8          0          0          0          0         68   __main.o
         0          0          0          0          0          0   __rtentry.o
        12          0          0          0          0          0   __rtentry2.o
         6          0          0          0          0          0   __rtentry4.o
        52          8          0          0          0          0   __scatter.o
        28          0          0          0          0          0   __scatter_zi.o
        18          0          0          0          0         80   exit.o
         6          0          0          0          0        152   heapauxi.o
         0          0          0          0          0          0   indicate_semi.o
         2          0          0          0          0          0   libinit.o
         6          0          0          0          0          0   libinit2.o
         2          0          0          0          0          0   libshutdown.o
         2          0          0          0          0          0   libshutdown2.o
         8          4          0          0         96         68   libspace.o
        68          0          0          0          0         68   rt_memclr.o
        78          0          0          0          0         80   rt_memclr_w.o
       138          0          0          0          0         68   rt_memcpy_v6.o
       100          0          0          0          0         80   rt_memcpy_w.o
         2          0          0          0          0          0   rtexit.o
        10          0          0          0          0          0   rtexit2.o
        12          4          0          0          0         68   sys_exit.o
        74          0          0          0          0         80   sys_stackheap_outer.o
         2          0          0          0          0         68   use_no_semi.o
        10          0          0          0          0        116   fpinit.o

    ----------------------------------------------------------------------
       744         16          0          0        100        996   Library Totals
        10          0          0          0          4          0   (incl. Padding)

    ----------------------------------------------------------------------

      Code (inc. data)   RO Data    RW Data    ZI Data      Debug   Library Name

       724         16          0          0         96        880   c_w.l
        10          0          0          0          0        116   fz_wm.l

    ----------------------------------------------------------------------
       744         16          0          0        100        996   Library Totals

    ----------------------------------------------------------------------

==============================================================================


      Code (inc. data)   RO Data    RW Data    ZI Data      Debug   

     20092       1328        464        548      62548     487980   Grand Totals
     20092       1328        464        344      62548     487980   ELF Image Totals (compressed)
     20092       1328        464        344          0          0   ROM Totals

==============================================================================

    Total RO  Size (Code + RO Data)                20556 (  20.07kB)
    Total RW  Size (RW Data + ZI Data)             63096 (  61.62kB)
    Total ROM Size (Code + RO Data + RW Data)      20900 (  20.41kB)

==============================================================================

