<html>
<body>
<pre>
<h1>µVision Build Log</h1>
<h2>Tool Versions:</h2>
IDE-Version: ¦ÌVision V5.17.0.0
Copyright (C) 2015 ARM Ltd and ARM Germany GmbH. All rights reserved.
License Information: wuxi wuxi, wuxi, LIC=1WSKP-MHCDA-HRKXN-YLJB4-JQC6Y-5U0V6
 
Tool Versions:
Toolchain:       MDK-ARM Professional  Version: 5.17
Toolchain Path:  C:\Keil_v5\ARM\ARMCC\Bin
C Compiler:      Armcc.exe V5.06 update 1 (build 61)
Assembler:       Armasm.exe V5.06 update 1 (build 61)
Linker/Locator:  ArmLink.exe V5.06 update 1 (build 61)
Library Manager: ArmAr.exe V5.06 update 1 (build 61)
Hex Converter:   FromElf.exe V5.06 update 1 (build 61)
CPU DLL:         SARMCM3.DLL V5.17
Dialog DLL:      DCM.DLL V1.13.4.0
Target DLL:      STLink\ST-LINKIII-KEIL_SWO.dll V2.0.18.0
Dialog DLL:      TCM.DLL V1.14.6.0
 
<h2>Project:</h2>
E:\GGJ\DiscoveryAudioUSB\MDK\USBAudio.uvprojx
Project File Date:  01/22/2017

<h2>Output:</h2>
*** Using Compiler 'V5.06 update 1 (build 61)', folder: 'C:\Keil_v5\ARM\ARMCC\Bin'
Build target 'STM32F4'
compiling audio_sample.c...
compiling system_stm32f4xx.c...
compiling main.c...
compiling stm32f4xx_it.c...
compiling waverecorder.c...
compiling waveplayer.c...
compiling usb_bsp.c...
compiling usb_core.c...
compiling usb_dcd.c...
compiling usb_dcd_int.c...
compiling usbd_audio_core.c...
compiling usbd_audio_out_if.c...
compiling usbd_core.c...
compiling usbd_desc.c...
compiling usbd_ioreq.c...
compiling usbd_req.c...
compiling misc.c...
compiling usbd_usr.c...
compiling stm32f4xx_tim.c...
compiling stm32f4xx_syscfg.c...
compiling stm32f4xx_pwr.c...
compiling stm32f4xx_rcc.c...
compiling stm32f4xx_gpio.c...
compiling stm32f4xx_crc.c...
compiling stm32f4xx_adc.c...
compiling stm32f4xx_cryp.c...
compiling stm32f4xx_cryp_aes.c...
compiling stm32f4xx_cryp_des.c...
compiling stm32f4xx_cryp_tdes.c...
compiling stm32f4xx_dbgmcu.c...
compiling stm32f4xx_dac.c...
compiling stm32f4xx_dcmi.c...
compiling stm32f4xx_exti.c...
compiling stm32f4xx_dma.c...
compiling stm32f4xx_flash.c...
compiling stm32f4xx_fsmc.c...
compiling stm32f4xx_hash.c...
compiling stm32f4xx_hash_md5.c...
compiling stm32f4xx_i2c.c...
compiling stm32f4xx_hash_sha1.c...
compiling stm32f4xx_iwdg.c...
compiling stm32f4xx_rng.c...
compiling stm32f4xx_sdio.c...
compiling stm32f4xx_rtc.c...
compiling stm32f4xx_spi.c...
assembling startup_stm32f4xx.s...
compiling stm32f4xx_wwdg.c...
compiling stm32f4xx_usart.c...
compiling stm32f4_discovery.c...
compiling stm32f4_discovery_audio_codec.c...
compiling stm32f4_discovery_lis302dl.c...
linking...
Program Size: Code=20092 RO-data=464 RW-data=548 ZI-data=62548  
".\Output\USBAudio.axf" - 0 Error(s), 0 Warning(s).

<h2>Collection of Component include folders:</h2>
  E:\GGJ\DiscoveryAudioUSB\MDK\RTE
  C:\Keil_v5\ARM\PACK\Keil\STM32F4xx_DFP\2.8.0\Drivers\CMSIS\Device\ST\STM32F4xx\Include

<h2>Collection of Component Files used:</h2>
Build Time Elapsed:  00:00:23
</pre>
</body>
</html>
